// Vitest Snapshot v1, https://vitest.dev/guide/snapshot.html

exports[`Story Snapshots > AllColors 1`] = `
<div>
  <div
    class="mb-12"
  >
    <h2
      class="mb-4 text-lg font-bold"
    >
      info
    </h2>
    <button
      class="group tap-highlight-transparent data-[hover=true]:opacity-hover z-0 group relative inline-flex items-center justify-center box-border appearance-none select-none whitespace-nowrap font-normal subpixel-antialiased overflow-hidden tap-highlight-transparent transform-gpu data-[pressed=true]:scale-[0.97] cursor-pointer outline-solid outline-transparent data-[focus-visible=true]:z-10 data-[focus-visible=true]:outline-2 data-[focus-visible=true]:outline-focus data-[focus-visible=true]:outline-offset-2 px-4 min-w-20 h-10 text-small gap-2 rounded-medium [&>svg]:max-w-[theme(spacing.8)] transition-transform-colors-opacity motion-reduce:transition-none bg-default text-default-foreground data-[hover=true]:opacity-hover"
      data-react-aria-pressable="true"
      tabindex="0"
      type="button"
    >
      info
    </button>
  </div>
  <div
    class="mb-12"
  >
    <h2
      class="mb-4 text-lg font-bold"
    >
      default
    </h2>
    <button
      class="group tap-highlight-transparent data-[hover=true]:opacity-hover z-0 group relative inline-flex items-center justify-center box-border appearance-none select-none whitespace-nowrap font-normal subpixel-antialiased overflow-hidden tap-highlight-transparent transform-gpu data-[pressed=true]:scale-[0.97] cursor-pointer outline-solid outline-transparent data-[focus-visible=true]:z-10 data-[focus-visible=true]:outline-2 data-[focus-visible=true]:outline-focus data-[focus-visible=true]:outline-offset-2 px-4 min-w-20 h-10 text-small gap-2 rounded-medium [&>svg]:max-w-[theme(spacing.8)] transition-transform-colors-opacity motion-reduce:transition-none bg-default text-default-foreground data-[hover=true]:opacity-hover"
      data-react-aria-pressable="true"
      tabindex="0"
      type="button"
    >
      default
    </button>
  </div>
  <div
    class="mb-12"
  >
    <h2
      class="mb-4 text-lg font-bold"
    >
      foreground
    </h2>
    <button
      class="group tap-highlight-transparent data-[hover=true]:opacity-hover z-0 group relative inline-flex items-center justify-center box-border appearance-none select-none whitespace-nowrap font-normal subpixel-antialiased overflow-hidden tap-highlight-transparent transform-gpu data-[pressed=true]:scale-[0.97] cursor-pointer outline-solid outline-transparent data-[focus-visible=true]:z-10 data-[focus-visible=true]:outline-2 data-[focus-visible=true]:outline-focus data-[focus-visible=true]:outline-offset-2 px-4 min-w-20 h-10 text-small gap-2 rounded-medium [&>svg]:max-w-[theme(spacing.8)] transition-transform-colors-opacity motion-reduce:transition-none bg-default text-default-foreground data-[hover=true]:opacity-hover"
      data-react-aria-pressable="true"
      tabindex="0"
      type="button"
    >
      foreground
    </button>
  </div>
  <div
    class="mb-12"
  >
    <h2
      class="mb-4 text-lg font-bold"
    >
      primary
    </h2>
    <button
      class="group tap-highlight-transparent data-[hover=true]:opacity-hover z-0 group relative inline-flex items-center justify-center box-border appearance-none select-none whitespace-nowrap font-normal subpixel-antialiased overflow-hidden tap-highlight-transparent transform-gpu data-[pressed=true]:scale-[0.97] cursor-pointer outline-solid outline-transparent data-[focus-visible=true]:z-10 data-[focus-visible=true]:outline-2 data-[focus-visible=true]:outline-focus data-[focus-visible=true]:outline-offset-2 px-4 min-w-20 h-10 text-small gap-2 rounded-medium [&>svg]:max-w-[theme(spacing.8)] transition-transform-colors-opacity motion-reduce:transition-none bg-default text-default-foreground data-[hover=true]:opacity-hover"
      data-react-aria-pressable="true"
      tabindex="0"
      type="button"
    >
      primary
    </button>
  </div>
  <div
    class="mb-12"
  >
    <h2
      class="mb-4 text-lg font-bold"
    >
      secondary
    </h2>
    <button
      class="group tap-highlight-transparent data-[hover=true]:opacity-hover z-0 group relative inline-flex items-center justify-center box-border appearance-none select-none whitespace-nowrap font-normal subpixel-antialiased overflow-hidden tap-highlight-transparent transform-gpu data-[pressed=true]:scale-[0.97] cursor-pointer outline-solid outline-transparent data-[focus-visible=true]:z-10 data-[focus-visible=true]:outline-2 data-[focus-visible=true]:outline-focus data-[focus-visible=true]:outline-offset-2 px-4 min-w-20 h-10 text-small gap-2 rounded-medium [&>svg]:max-w-[theme(spacing.8)] transition-transform-colors-opacity motion-reduce:transition-none bg-default text-default-foreground data-[hover=true]:opacity-hover"
      data-react-aria-pressable="true"
      tabindex="0"
      type="button"
    >
      secondary
    </button>
  </div>
  <div
    class="mb-12"
  >
    <h2
      class="mb-4 text-lg font-bold"
    >
      success
    </h2>
    <button
      class="group tap-highlight-transparent data-[hover=true]:opacity-hover z-0 group relative inline-flex items-center justify-center box-border appearance-none select-none whitespace-nowrap font-normal subpixel-antialiased overflow-hidden tap-highlight-transparent transform-gpu data-[pressed=true]:scale-[0.97] cursor-pointer outline-solid outline-transparent data-[focus-visible=true]:z-10 data-[focus-visible=true]:outline-2 data-[focus-visible=true]:outline-focus data-[focus-visible=true]:outline-offset-2 px-4 min-w-20 h-10 text-small gap-2 rounded-medium [&>svg]:max-w-[theme(spacing.8)] transition-transform-colors-opacity motion-reduce:transition-none bg-default text-default-foreground data-[hover=true]:opacity-hover"
      data-react-aria-pressable="true"
      tabindex="0"
      type="button"
    >
      success
    </button>
  </div>
  <div
    class="mb-12"
  >
    <h2
      class="mb-4 text-lg font-bold"
    >
      warning
    </h2>
    <button
      class="group tap-highlight-transparent data-[hover=true]:opacity-hover z-0 group relative inline-flex items-center justify-center box-border appearance-none select-none whitespace-nowrap font-normal subpixel-antialiased overflow-hidden tap-highlight-transparent transform-gpu data-[pressed=true]:scale-[0.97] cursor-pointer outline-solid outline-transparent data-[focus-visible=true]:z-10 data-[focus-visible=true]:outline-2 data-[focus-visible=true]:outline-focus data-[focus-visible=true]:outline-offset-2 px-4 min-w-20 h-10 text-small gap-2 rounded-medium [&>svg]:max-w-[theme(spacing.8)] transition-transform-colors-opacity motion-reduce:transition-none bg-default text-default-foreground data-[hover=true]:opacity-hover"
      data-react-aria-pressable="true"
      tabindex="0"
      type="button"
    >
      warning
    </button>
  </div>
  <div
    class="mb-12"
  >
    <h2
      class="mb-4 text-lg font-bold"
    >
      danger
    </h2>
    <button
      class="group tap-highlight-transparent data-[hover=true]:opacity-hover z-0 group relative inline-flex items-center justify-center box-border appearance-none select-none whitespace-nowrap font-normal subpixel-antialiased overflow-hidden tap-highlight-transparent transform-gpu data-[pressed=true]:scale-[0.97] cursor-pointer outline-solid outline-transparent data-[focus-visible=true]:z-10 data-[focus-visible=true]:outline-2 data-[focus-visible=true]:outline-focus data-[focus-visible=true]:outline-offset-2 px-4 min-w-20 h-10 text-small gap-2 rounded-medium [&>svg]:max-w-[theme(spacing.8)] transition-transform-colors-opacity motion-reduce:transition-none bg-default text-default-foreground data-[hover=true]:opacity-hover"
      data-react-aria-pressable="true"
      tabindex="0"
      type="button"
    >
      danger
    </button>
  </div>
</div>
`;

exports[`Story Snapshots > AllProps 1`] = `
<div>
  <button
    class="group tap-highlight-transparent data-[hover=true]:opacity-hover z-0 group relative inline-flex items-center justify-center box-border appearance-none select-none whitespace-nowrap font-normal subpixel-antialiased overflow-hidden tap-highlight-transparent transform-gpu data-[pressed=true]:scale-[0.97] cursor-pointer outline-solid outline-transparent data-[focus-visible=true]:z-10 data-[focus-visible=true]:outline-2 data-[focus-visible=true]:outline-focus data-[focus-visible=true]:outline-offset-2 px-4 min-w-20 h-10 text-small gap-2 rounded-medium [&>svg]:max-w-[theme(spacing.8)] transition-transform-colors-opacity motion-reduce:transition-none bg-default text-default-foreground data-[hover=true]:opacity-hover"
    data-react-aria-pressable="true"
    tabindex="0"
    type="button"
  >
    Show toast
  </button>
</div>
`;

exports[`Story Snapshots > AllVariants 1`] = `
<div>
  <div
    class="mb-6"
  >
    <div
      class="text-foreground mb-2 text-sm"
    >
      flat
    </div>
    <button
      class="group tap-highlight-transparent data-[hover=true]:opacity-hover z-0 group relative inline-flex items-center justify-center box-border appearance-none select-none whitespace-nowrap font-normal subpixel-antialiased overflow-hidden tap-highlight-transparent transform-gpu data-[pressed=true]:scale-[0.97] cursor-pointer outline-solid outline-transparent data-[focus-visible=true]:z-10 data-[focus-visible=true]:outline-2 data-[focus-visible=true]:outline-focus data-[focus-visible=true]:outline-offset-2 px-4 min-w-20 h-10 text-small gap-2 rounded-medium [&>svg]:max-w-[theme(spacing.8)] transition-transform-colors-opacity motion-reduce:transition-none bg-default text-default-foreground data-[hover=true]:opacity-hover"
      data-react-aria-pressable="true"
      tabindex="0"
      type="button"
    >
      flat
    </button>
  </div>
  <div
    class="mb-6"
  >
    <div
      class="text-foreground mb-2 text-sm"
    >
      solid
    </div>
    <button
      class="group tap-highlight-transparent data-[hover=true]:opacity-hover z-0 group relative inline-flex items-center justify-center box-border appearance-none select-none whitespace-nowrap font-normal subpixel-antialiased overflow-hidden tap-highlight-transparent transform-gpu data-[pressed=true]:scale-[0.97] cursor-pointer outline-solid outline-transparent data-[focus-visible=true]:z-10 data-[focus-visible=true]:outline-2 data-[focus-visible=true]:outline-focus data-[focus-visible=true]:outline-offset-2 px-4 min-w-20 h-10 text-small gap-2 rounded-medium [&>svg]:max-w-[theme(spacing.8)] transition-transform-colors-opacity motion-reduce:transition-none bg-default text-default-foreground data-[hover=true]:opacity-hover"
      data-react-aria-pressable="true"
      tabindex="0"
      type="button"
    >
      solid
    </button>
  </div>
  <div
    class="mb-6"
  >
    <div
      class="text-foreground mb-2 text-sm"
    >
      bordered
    </div>
    <button
      class="group tap-highlight-transparent data-[hover=true]:opacity-hover z-0 group relative inline-flex items-center justify-center box-border appearance-none select-none whitespace-nowrap font-normal subpixel-antialiased overflow-hidden tap-highlight-transparent transform-gpu data-[pressed=true]:scale-[0.97] cursor-pointer outline-solid outline-transparent data-[focus-visible=true]:z-10 data-[focus-visible=true]:outline-2 data-[focus-visible=true]:outline-focus data-[focus-visible=true]:outline-offset-2 px-4 min-w-20 h-10 text-small gap-2 rounded-medium [&>svg]:max-w-[theme(spacing.8)] transition-transform-colors-opacity motion-reduce:transition-none bg-default text-default-foreground data-[hover=true]:opacity-hover"
      data-react-aria-pressable="true"
      tabindex="0"
      type="button"
    >
      bordered
    </button>
  </div>
</div>
`;

exports[`Story Snapshots > Default 1`] = `
<div>
  <button
    class="group tap-highlight-transparent data-[hover=true]:opacity-hover z-0 group relative inline-flex items-center justify-center box-border appearance-none select-none whitespace-nowrap font-normal subpixel-antialiased overflow-hidden tap-highlight-transparent transform-gpu data-[pressed=true]:scale-[0.97] cursor-pointer outline-solid outline-transparent data-[focus-visible=true]:z-10 data-[focus-visible=true]:outline-2 data-[focus-visible=true]:outline-focus data-[focus-visible=true]:outline-offset-2 px-4 min-w-20 h-10 text-small gap-2 rounded-medium [&>svg]:max-w-[theme(spacing.8)] transition-transform-colors-opacity motion-reduce:transition-none bg-default text-default-foreground data-[hover=true]:opacity-hover"
    data-react-aria-pressable="true"
    tabindex="0"
    type="button"
  >
    Show success toast
  </button>
</div>
`;

exports[`Story Snapshots > LongContent 1`] = `
<div>
  <button
    class="group tap-highlight-transparent data-[hover=true]:opacity-hover z-0 group relative inline-flex items-center justify-center box-border appearance-none select-none whitespace-nowrap font-normal subpixel-antialiased overflow-hidden tap-highlight-transparent transform-gpu data-[pressed=true]:scale-[0.97] cursor-pointer outline-solid outline-transparent data-[focus-visible=true]:z-10 data-[focus-visible=true]:outline-2 data-[focus-visible=true]:outline-focus data-[focus-visible=true]:outline-offset-2 px-4 min-w-20 h-10 text-small gap-2 rounded-medium [&>svg]:max-w-[theme(spacing.8)] transition-transform-colors-opacity motion-reduce:transition-none bg-default text-default-foreground data-[hover=true]:opacity-hover"
    data-react-aria-pressable="true"
    tabindex="0"
    type="button"
  >
    Show toast
  </button>
</div>
`;
