// Vitest Snapshot v1, https://vitest.dev/guide/snapshot.html

exports[`Story Snapshots > AllSizes 1`] = `
<div>
  <div
    class="group flex flex-col data-[hidden=true]:hidden w-full relative justify-end data-[has-label=true]:mt-[calc(var(--heroui-font-size-small)_+_8px)] mt-4"
    data-filled="true"
    data-filled-within="true"
    data-slot="base"
  >
    <div
      class="h-full flex flex-col"
      data-slot="main-wrapper"
    >
      <div
        class="relative w-full inline-flex tap-highlight-transparent flex-row items-center shadow-xs gap-3 border-medium border-default-200 data-[hover=true]:border-default-400 h-8 min-h-8 px-2 rounded-small !duration-150 transition-colors motion-reduce:transition-none bg-content1 group-data-[focus=true]:border-focus"
        data-slot="input-wrapper"
        style="cursor: text;"
      >
        <div
          class="inline-flex w-full items-center h-full box-border"
          data-slot="inner-wrapper"
        >
          <svg
            class="opacity-50"
            fill="currentColor"
            height="1em"
            stroke="currentColor"
            stroke-width="0"
            viewBox="0 0 512 512"
            width="1em"
            xmlns="http://www.w3.org/2000/svg"
          >
            <path
              d="M505 442.7L405.3 343c-4.5-4.5-10.6-7-17-7H372c27.6-35.3 44-79.7 44-128C416 93.1 322.9 0 208 0S0 93.1 0 208s93.1 208 208 208c48.3 0 92.7-16.4 128-44v16.3c0 6.4 2.5 12.5 7 17l99.7 99.7c9.4 9.4 24.6 9.4 33.9 0l28.3-28.3c9.4-9.4 9.4-24.6.1-34zM208 336c-70.7 0-128-57.2-128-128 0-70.7 57.2-128 128-128 70.7 0 128 57.2 128 128 0 70.7-57.2 128-128 128z"
            />
          </svg>
          <input
            aria-label="sm"
            class="w-full font-normal bg-transparent !outline-solid placeholder:text-foreground-500 focus-visible:outline-solid outline-transparent data-[has-start-content=true]:ps-1.5 data-[has-end-content=true]:pe-1.5 data-[type=color]:rounded-none file:cursor-pointer file:bg-transparent file:border-0 autofill:bg-transparent bg-clip-text text-small peer pe-6 input-search-cancel-button-none"
            data-has-start-content="true"
            data-slot="input"
            id="react-aria-«rp»"
            placeholder="sm"
            tabindex="0"
            title=""
            type="text"
            value=""
          />
          <button
            aria-label="clear input"
            class="p-2 -m-2 z-10 absolute end-3 start-auto pointer-events-none appearance-none select-none opacity-0 cursor-pointer active:!opacity-70 rounded-full outline-solid outline-transparent data-[focus-visible=true]:z-10 data-[focus-visible=true]:outline-2 data-[focus-visible=true]:outline-focus data-[focus-visible=true]:outline-offset-2 text-medium peer-data-[filled=true]:pointer-events-auto peer-data-[filled=true]:opacity-70 peer-data-[filled=true]:block peer-data-[filled=true]:scale-100 scale-90 ease-out duration-150 transition-[opacity,transform] motion-reduce:transition-none motion-reduce:scale-100"
            data-react-aria-pressable="true"
            data-slot="clear-button"
            tabindex="-1"
            type="button"
          >
            <svg
              aria-hidden="true"
              focusable="false"
              height="1em"
              role="presentation"
              viewBox="0 0 24 24"
              width="1em"
            >
              <path
                d="M12 2a10 10 0 1010 10A10.016 10.016 0 0012 2zm3.36 12.3a.754.754 0 010 1.06.748.748 0 01-1.06 0l-2.3-2.3-2.3 2.3a.748.748 0 01-1.06 0 .754.754 0 010-1.06l2.3-2.3-2.3-2.3A.75.75 0 019.7 8.64l2.3 2.3 2.3-2.3a.75.75 0 011.06 1.06l-2.3 2.3z"
                fill="currentColor"
              />
            </svg>
          </button>
        </div>
      </div>
    </div>
  </div>
  <div
    class="group flex flex-col data-[hidden=true]:hidden w-full relative justify-end data-[has-label=true]:mt-[calc(var(--heroui-font-size-small)_+_10px)] mt-4"
    data-filled="true"
    data-filled-within="true"
    data-slot="base"
  >
    <div
      class="h-full flex flex-col"
      data-slot="main-wrapper"
    >
      <div
        class="relative w-full inline-flex tap-highlight-transparent flex-row items-center shadow-xs px-3 gap-3 border-medium border-default-200 data-[hover=true]:border-default-400 h-10 min-h-10 rounded-small !duration-150 transition-colors motion-reduce:transition-none bg-content1 group-data-[focus=true]:border-focus"
        data-slot="input-wrapper"
        style="cursor: text;"
      >
        <div
          class="inline-flex w-full items-center h-full box-border"
          data-slot="inner-wrapper"
        >
          <svg
            class="opacity-50"
            fill="currentColor"
            height="1em"
            stroke="currentColor"
            stroke-width="0"
            viewBox="0 0 512 512"
            width="1em"
            xmlns="http://www.w3.org/2000/svg"
          >
            <path
              d="M505 442.7L405.3 343c-4.5-4.5-10.6-7-17-7H372c27.6-35.3 44-79.7 44-128C416 93.1 322.9 0 208 0S0 93.1 0 208s93.1 208 208 208c48.3 0 92.7-16.4 128-44v16.3c0 6.4 2.5 12.5 7 17l99.7 99.7c9.4 9.4 24.6 9.4 33.9 0l28.3-28.3c9.4-9.4 9.4-24.6.1-34zM208 336c-70.7 0-128-57.2-128-128 0-70.7 57.2-128 128-128 70.7 0 128 57.2 128 128 0 70.7-57.2 128-128 128z"
            />
          </svg>
          <input
            aria-label="md"
            class="w-full font-normal bg-transparent !outline-solid placeholder:text-foreground-500 focus-visible:outline-solid outline-transparent data-[has-start-content=true]:ps-1.5 data-[has-end-content=true]:pe-1.5 data-[type=color]:rounded-none file:cursor-pointer file:bg-transparent file:border-0 autofill:bg-transparent bg-clip-text text-small peer pe-6 input-search-cancel-button-none"
            data-has-start-content="true"
            data-slot="input"
            id="react-aria-«ru»"
            placeholder="md"
            tabindex="0"
            title=""
            type="text"
            value=""
          />
          <button
            aria-label="clear input"
            class="p-2 -m-2 z-10 absolute end-3 start-auto pointer-events-none appearance-none select-none opacity-0 cursor-pointer active:!opacity-70 rounded-full outline-solid outline-transparent data-[focus-visible=true]:z-10 data-[focus-visible=true]:outline-2 data-[focus-visible=true]:outline-focus data-[focus-visible=true]:outline-offset-2 text-large hover:!opacity-100 peer-data-[filled=true]:pointer-events-auto peer-data-[filled=true]:opacity-70 peer-data-[filled=true]:block peer-data-[filled=true]:scale-100 scale-90 ease-out duration-150 transition-[opacity,transform] motion-reduce:transition-none motion-reduce:scale-100"
            data-react-aria-pressable="true"
            data-slot="clear-button"
            tabindex="-1"
            type="button"
          >
            <svg
              aria-hidden="true"
              focusable="false"
              height="1em"
              role="presentation"
              viewBox="0 0 24 24"
              width="1em"
            >
              <path
                d="M12 2a10 10 0 1010 10A10.016 10.016 0 0012 2zm3.36 12.3a.754.754 0 010 1.06.748.748 0 01-1.06 0l-2.3-2.3-2.3 2.3a.748.748 0 01-1.06 0 .754.754 0 010-1.06l2.3-2.3-2.3-2.3A.75.75 0 019.7 8.64l2.3 2.3 2.3-2.3a.75.75 0 011.06 1.06l-2.3 2.3z"
                fill="currentColor"
              />
            </svg>
          </button>
        </div>
      </div>
    </div>
  </div>
  <div
    class="group flex flex-col data-[hidden=true]:hidden w-full relative justify-end data-[has-label=true]:mt-[calc(var(--heroui-font-size-small)_+_12px)] mt-4"
    data-filled="true"
    data-filled-within="true"
    data-slot="base"
  >
    <div
      class="h-full flex flex-col"
      data-slot="main-wrapper"
    >
      <div
        class="relative w-full inline-flex tap-highlight-transparent flex-row items-center shadow-xs px-3 gap-3 border-medium border-default-200 data-[hover=true]:border-default-400 h-12 min-h-12 rounded-small !duration-150 transition-colors motion-reduce:transition-none bg-content1 group-data-[focus=true]:border-focus"
        data-slot="input-wrapper"
        style="cursor: text;"
      >
        <div
          class="inline-flex w-full items-center h-full box-border"
          data-slot="inner-wrapper"
        >
          <svg
            class="opacity-50"
            fill="currentColor"
            height="1em"
            stroke="currentColor"
            stroke-width="0"
            viewBox="0 0 512 512"
            width="1em"
            xmlns="http://www.w3.org/2000/svg"
          >
            <path
              d="M505 442.7L405.3 343c-4.5-4.5-10.6-7-17-7H372c27.6-35.3 44-79.7 44-128C416 93.1 322.9 0 208 0S0 93.1 0 208s93.1 208 208 208c48.3 0 92.7-16.4 128-44v16.3c0 6.4 2.5 12.5 7 17l99.7 99.7c9.4 9.4 24.6 9.4 33.9 0l28.3-28.3c9.4-9.4 9.4-24.6.1-34zM208 336c-70.7 0-128-57.2-128-128 0-70.7 57.2-128 128-128 70.7 0 128 57.2 128 128 0 70.7-57.2 128-128 128z"
            />
          </svg>
          <input
            aria-label="lg"
            class="w-full font-normal bg-transparent !outline-solid placeholder:text-foreground-500 focus-visible:outline-solid outline-transparent data-[has-start-content=true]:ps-1.5 data-[has-end-content=true]:pe-1.5 data-[type=color]:rounded-none file:cursor-pointer file:bg-transparent file:border-0 autofill:bg-transparent bg-clip-text text-medium peer pe-6 input-search-cancel-button-none"
            data-has-start-content="true"
            data-slot="input"
            id="react-aria-«r13»"
            placeholder="lg"
            tabindex="0"
            title=""
            type="text"
            value=""
          />
          <button
            aria-label="clear input"
            class="p-2 -m-2 z-10 absolute end-3 start-auto pointer-events-none appearance-none select-none opacity-0 cursor-pointer active:!opacity-70 rounded-full outline-solid outline-transparent data-[focus-visible=true]:z-10 data-[focus-visible=true]:outline-2 data-[focus-visible=true]:outline-focus data-[focus-visible=true]:outline-offset-2 text-large hover:!opacity-100 peer-data-[filled=true]:pointer-events-auto peer-data-[filled=true]:opacity-70 peer-data-[filled=true]:block peer-data-[filled=true]:scale-100 scale-90 ease-out duration-150 transition-[opacity,transform] motion-reduce:transition-none motion-reduce:scale-100"
            data-react-aria-pressable="true"
            data-slot="clear-button"
            tabindex="-1"
            type="button"
          >
            <svg
              aria-hidden="true"
              focusable="false"
              height="1em"
              role="presentation"
              viewBox="0 0 24 24"
              width="1em"
            >
              <path
                d="M12 2a10 10 0 1010 10A10.016 10.016 0 0012 2zm3.36 12.3a.754.754 0 010 1.06.748.748 0 01-1.06 0l-2.3-2.3-2.3 2.3a.748.748 0 01-1.06 0 .754.754 0 010-1.06l2.3-2.3-2.3-2.3A.75.75 0 019.7 8.64l2.3 2.3 2.3-2.3a.75.75 0 011.06 1.06l-2.3 2.3z"
                fill="currentColor"
              />
            </svg>
          </button>
        </div>
      </div>
    </div>
  </div>
</div>
`;

exports[`Story Snapshots > Clearable 1`] = `
<div>
  <div
    class="group flex flex-col data-[hidden=true]:hidden w-full relative justify-end data-[has-label=true]:mt-[calc(var(--heroui-font-size-small)_+_10px)] is-filled"
    data-filled="true"
    data-filled-within="true"
    data-focus="true"
    data-focus-within="true"
    data-has-value="true"
    data-hover="true"
    data-slot="base"
  >
    <div
      class="h-full flex flex-col"
      data-slot="main-wrapper"
    >
      <div
        class="relative w-full inline-flex tap-highlight-transparent flex-row items-center shadow-xs px-3 gap-3 border-medium border-default-200 data-[hover=true]:border-default-400 h-10 min-h-10 rounded-small !duration-150 transition-colors motion-reduce:transition-none bg-content1 group-data-[focus=true]:border-focus is-filled"
        data-focus="true"
        data-hover="true"
        data-slot="input-wrapper"
        style="cursor: text;"
      >
        <div
          class="inline-flex w-full items-center h-full box-border"
          data-slot="inner-wrapper"
        >
          <svg
            class="opacity-50"
            fill="currentColor"
            height="1em"
            stroke="currentColor"
            stroke-width="0"
            viewBox="0 0 512 512"
            width="1em"
            xmlns="http://www.w3.org/2000/svg"
          >
            <path
              d="M505 442.7L405.3 343c-4.5-4.5-10.6-7-17-7H372c27.6-35.3 44-79.7 44-128C416 93.1 322.9 0 208 0S0 93.1 0 208s93.1 208 208 208c48.3 0 92.7-16.4 128-44v16.3c0 6.4 2.5 12.5 7 17l99.7 99.7c9.4 9.4 24.6 9.4 33.9 0l28.3-28.3c9.4-9.4 9.4-24.6.1-34zM208 336c-70.7 0-128-57.2-128-128 0-70.7 57.2-128 128-128 70.7 0 128 57.2 128 128 0 70.7-57.2 128-128 128z"
            />
          </svg>
          <input
            aria-label=" "
            class="w-full font-normal bg-transparent !outline-solid placeholder:text-foreground-500 focus-visible:outline-solid outline-transparent data-[has-start-content=true]:ps-1.5 data-[has-end-content=true]:pe-1.5 data-[type=color]:rounded-none file:cursor-pointer file:bg-transparent file:border-0 autofill:bg-transparent bg-clip-text text-small peer pe-6 input-search-cancel-button-none is-filled"
            data-filled="true"
            data-filled-within="true"
            data-has-start-content="true"
            data-slot="input"
            data-testid="inputfield"
            id="react-aria-«rf»"
            tabindex="0"
            title=""
            type="text"
            value="I can be cleared"
          />
          <button
            aria-label="clear input"
            class="p-2 -m-2 z-10 absolute end-3 start-auto pointer-events-none appearance-none select-none opacity-0 cursor-pointer active:!opacity-70 rounded-full outline-solid outline-transparent data-[focus-visible=true]:z-10 data-[focus-visible=true]:outline-2 data-[focus-visible=true]:outline-focus data-[focus-visible=true]:outline-offset-2 text-large hover:!opacity-100 peer-data-[filled=true]:pointer-events-auto peer-data-[filled=true]:opacity-70 peer-data-[filled=true]:block peer-data-[filled=true]:scale-100 scale-90 ease-out duration-150 transition-[opacity,transform] motion-reduce:transition-none motion-reduce:scale-100"
            data-react-aria-pressable="true"
            data-slot="clear-button"
            tabindex="-1"
            type="button"
          >
            <svg
              aria-hidden="true"
              focusable="false"
              height="1em"
              role="presentation"
              viewBox="0 0 24 24"
              width="1em"
            >
              <path
                d="M12 2a10 10 0 1010 10A10.016 10.016 0 0012 2zm3.36 12.3a.754.754 0 010 1.06.748.748 0 01-1.06 0l-2.3-2.3-2.3 2.3a.748.748 0 01-1.06 0 .754.754 0 010-1.06l2.3-2.3-2.3-2.3A.75.75 0 019.7 8.64l2.3 2.3 2.3-2.3a.75.75 0 011.06 1.06l-2.3 2.3z"
                fill="currentColor"
              />
            </svg>
          </button>
        </div>
      </div>
    </div>
  </div>
</div>
`;

exports[`Story Snapshots > CustomStyles 1`] = `
<div>
  <div
    class="group flex flex-col data-[hidden=true]:hidden w-full relative justify-end data-[has-label=true]:mt-[calc(var(--heroui-font-size-small)_+_10px)]"
    data-filled="true"
    data-filled-within="true"
    data-slot="base"
  >
    <div
      class="h-full flex flex-col"
      data-slot="main-wrapper"
    >
      <div
        class="relative w-full inline-flex tap-highlight-transparent flex-row items-center shadow-xs gap-3 h-10 min-h-10 !duration-150 motion-reduce:transition-none min-w-sm rounded-2xl px-4 transition-colors duration-500 bg-gradient-to-r from-fuchsia-100 via-rose-100 to-amber-100 dark:from-fuchsia-900 dark:via-rose-900 dark:to-amber-900 data-[hover=true]:bg-gradient-to-r data-[hover=true]:from-emerald-50 data-[hover=true]:via-teal-50 data-[hover=true]:to-lime-50 dark:data-[hover=true]:from-emerald-900 dark:data-[hover=true]:via-teal-900 dark:data-[hover=true]:to-lime-900 border-2 border-fuchsia-400 data-[hover=true]:border-emerald-400 group-data-[focus=true]:border-amber-400 text-fuchsia-700 group-hover:text-emerald-500 dark:text-fuchsia-300"
        data-slot="input-wrapper"
        style="cursor: text;"
      >
        <div
          class="inline-flex w-full items-center h-full box-border"
          data-slot="inner-wrapper"
        >
          <svg
            class="opacity-50"
            fill="currentColor"
            height="1em"
            stroke="currentColor"
            stroke-width="0"
            viewBox="0 0 512 512"
            width="1em"
            xmlns="http://www.w3.org/2000/svg"
          >
            <path
              d="M505 442.7L405.3 343c-4.5-4.5-10.6-7-17-7H372c27.6-35.3 44-79.7 44-128C416 93.1 322.9 0 208 0S0 93.1 0 208s93.1 208 208 208c48.3 0 92.7-16.4 128-44v16.3c0 6.4 2.5 12.5 7 17l99.7 99.7c9.4 9.4 24.6 9.4 33.9 0l28.3-28.3c9.4-9.4 9.4-24.6.1-34zM208 336c-70.7 0-128-57.2-128-128 0-70.7 57.2-128 128-128 70.7 0 128 57.2 128 128 0 70.7-57.2 128-128 128z"
            />
          </svg>
          <input
            aria-label="Search with party vibes..."
            class="w-full font-normal bg-transparent !outline-solid focus-visible:outline-solid outline-transparent data-[has-start-content=true]:ps-1.5 data-[has-end-content=true]:pe-1.5 data-[type=color]:rounded-none file:cursor-pointer file:bg-transparent file:border-0 autofill:bg-transparent bg-clip-text text-small peer pe-6 input-search-cancel-button-none placeholder:text-fuchsia-400/70 dark:placeholder:text-fuchsia-500/60"
            data-has-start-content="true"
            data-slot="input"
            data-testid="inputfield"
            id="react-aria-«r18»"
            placeholder="Search with party vibes..."
            tabindex="0"
            title=""
            type="text"
            value=""
          />
          <button
            aria-label="clear input"
            class="p-2 -m-2 z-10 absolute end-3 start-auto pointer-events-none appearance-none select-none opacity-0 cursor-pointer active:!opacity-70 rounded-full outline-solid outline-transparent data-[focus-visible=true]:z-10 data-[focus-visible=true]:outline-2 data-[focus-visible=true]:outline-focus data-[focus-visible=true]:outline-offset-2 text-large hover:!opacity-100 peer-data-[filled=true]:pointer-events-auto peer-data-[filled=true]:opacity-70 peer-data-[filled=true]:block peer-data-[filled=true]:scale-100 scale-90 ease-out motion-reduce:transition-none motion-reduce:scale-100 text-fuchsia-500 transition-colors duration-500 hover:text-emerald-500"
            data-react-aria-pressable="true"
            data-slot="clear-button"
            tabindex="-1"
            type="button"
          >
            <svg
              aria-hidden="true"
              focusable="false"
              height="1em"
              role="presentation"
              viewBox="0 0 24 24"
              width="1em"
            >
              <path
                d="M12 2a10 10 0 1010 10A10.016 10.016 0 0012 2zm3.36 12.3a.754.754 0 010 1.06.748.748 0 01-1.06 0l-2.3-2.3-2.3 2.3a.748.748 0 01-1.06 0 .754.754 0 010-1.06l2.3-2.3-2.3-2.3A.75.75 0 019.7 8.64l2.3 2.3 2.3-2.3a.75.75 0 011.06 1.06l-2.3 2.3z"
                fill="currentColor"
              />
            </svg>
          </button>
        </div>
      </div>
    </div>
  </div>
</div>
`;

exports[`Story Snapshots > Default 1`] = `
<div>
  <div
    class="group flex flex-col data-[hidden=true]:hidden w-full relative justify-end data-[has-label=true]:mt-[calc(var(--heroui-font-size-small)_+_10px)]"
    data-filled="true"
    data-filled-within="true"
    data-has-value="true"
    data-slot="base"
  >
    <div
      class="h-full flex flex-col"
      data-slot="main-wrapper"
    >
      <div
        class="relative w-full inline-flex tap-highlight-transparent flex-row items-center shadow-xs px-3 gap-3 border-medium border-default-200 data-[hover=true]:border-default-400 h-10 min-h-10 rounded-small !duration-150 transition-colors motion-reduce:transition-none bg-content1 group-data-[focus=true]:border-focus"
        data-slot="input-wrapper"
        style="cursor: text;"
      >
        <div
          class="inline-flex w-full items-center h-full box-border"
          data-slot="inner-wrapper"
        >
          <svg
            class="opacity-50"
            fill="currentColor"
            height="1em"
            stroke="currentColor"
            stroke-width="0"
            viewBox="0 0 512 512"
            width="1em"
            xmlns="http://www.w3.org/2000/svg"
          >
            <path
              d="M505 442.7L405.3 343c-4.5-4.5-10.6-7-17-7H372c27.6-35.3 44-79.7 44-128C416 93.1 322.9 0 208 0S0 93.1 0 208s93.1 208 208 208c48.3 0 92.7-16.4 128-44v16.3c0 6.4 2.5 12.5 7 17l99.7 99.7c9.4 9.4 24.6 9.4 33.9 0l28.3-28.3c9.4-9.4 9.4-24.6.1-34zM208 336c-70.7 0-128-57.2-128-128 0-70.7 57.2-128 128-128 70.7 0 128 57.2 128 128 0 70.7-57.2 128-128 128z"
            />
          </svg>
          <input
            aria-label=" "
            class="w-full font-normal bg-transparent !outline-solid placeholder:text-foreground-500 focus-visible:outline-solid outline-transparent data-[has-start-content=true]:ps-1.5 data-[has-end-content=true]:pe-1.5 data-[type=color]:rounded-none file:cursor-pointer file:bg-transparent file:border-0 autofill:bg-transparent bg-clip-text text-small peer pe-6 input-search-cancel-button-none"
            data-has-start-content="true"
            data-slot="input"
            data-testid="inputfield"
            id="react-aria-«r0»"
            tabindex="0"
            title=""
            type="text"
            value=""
          />
          <button
            aria-label="clear input"
            class="p-2 -m-2 z-10 absolute end-3 start-auto pointer-events-none appearance-none select-none opacity-0 cursor-pointer active:!opacity-70 rounded-full outline-solid outline-transparent data-[focus-visible=true]:z-10 data-[focus-visible=true]:outline-2 data-[focus-visible=true]:outline-focus data-[focus-visible=true]:outline-offset-2 text-large hover:!opacity-100 peer-data-[filled=true]:pointer-events-auto peer-data-[filled=true]:opacity-70 peer-data-[filled=true]:block peer-data-[filled=true]:scale-100 scale-90 ease-out duration-150 transition-[opacity,transform] motion-reduce:transition-none motion-reduce:scale-100"
            data-react-aria-pressable="true"
            data-slot="clear-button"
            tabindex="-1"
            type="button"
          >
            <svg
              aria-hidden="true"
              focusable="false"
              height="1em"
              role="presentation"
              viewBox="0 0 24 24"
              width="1em"
            >
              <path
                d="M12 2a10 10 0 1010 10A10.016 10.016 0 0012 2zm3.36 12.3a.754.754 0 010 1.06.748.748 0 01-1.06 0l-2.3-2.3-2.3 2.3a.748.748 0 01-1.06 0 .754.754 0 010-1.06l2.3-2.3-2.3-2.3A.75.75 0 019.7 8.64l2.3 2.3 2.3-2.3a.75.75 0 011.06 1.06l-2.3 2.3z"
                fill="currentColor"
              />
            </svg>
          </button>
        </div>
      </div>
    </div>
  </div>
</div>
`;

exports[`Story Snapshots > Disabled 1`] = `
<div>
  <div
    class="group flex flex-col data-[hidden=true]:hidden w-full opacity-disabled pointer-events-none relative justify-end data-[has-label=true]:mt-[calc(var(--heroui-font-size-small)_+_10px)]"
    data-disabled="true"
    data-filled="true"
    data-filled-within="true"
    data-has-value="true"
    data-slot="base"
  >
    <div
      class="h-full flex flex-col"
      data-slot="main-wrapper"
    >
      <div
        class="relative w-full inline-flex tap-highlight-transparent flex-row items-center shadow-xs px-3 gap-3 border-medium border-default-200 data-[hover=true]:border-default-400 h-10 min-h-10 rounded-small pointer-events-none !duration-150 transition-colors motion-reduce:transition-none bg-content1 group-data-[focus=true]:border-focus"
        data-slot="input-wrapper"
        style="cursor: text;"
      >
        <div
          class="inline-flex w-full items-center h-full box-border"
          data-slot="inner-wrapper"
        >
          <svg
            class="opacity-50"
            fill="currentColor"
            height="1em"
            stroke="currentColor"
            stroke-width="0"
            viewBox="0 0 512 512"
            width="1em"
            xmlns="http://www.w3.org/2000/svg"
          >
            <path
              d="M505 442.7L405.3 343c-4.5-4.5-10.6-7-17-7H372c27.6-35.3 44-79.7 44-128C416 93.1 322.9 0 208 0S0 93.1 0 208s93.1 208 208 208c48.3 0 92.7-16.4 128-44v16.3c0 6.4 2.5 12.5 7 17l99.7 99.7c9.4 9.4 24.6 9.4 33.9 0l28.3-28.3c9.4-9.4 9.4-24.6.1-34zM208 336c-70.7 0-128-57.2-128-128 0-70.7 57.2-128 128-128 70.7 0 128 57.2 128 128 0 70.7-57.2 128-128 128z"
            />
          </svg>
          <input
            aria-label=" "
            class="w-full font-normal bg-transparent !outline-solid placeholder:text-foreground-500 focus-visible:outline-solid outline-transparent data-[has-start-content=true]:ps-1.5 data-[has-end-content=true]:pe-1.5 data-[type=color]:rounded-none file:cursor-pointer file:bg-transparent file:border-0 autofill:bg-transparent bg-clip-text text-small peer pe-6 input-search-cancel-button-none"
            data-has-start-content="true"
            data-slot="input"
            data-testid="inputfield"
            disabled=""
            id="react-aria-«rk»"
            type="text"
            value=""
          />
          <button
            aria-label="clear input"
            class="p-2 -m-2 z-10 absolute end-3 start-auto pointer-events-none appearance-none select-none opacity-0 cursor-pointer active:!opacity-70 rounded-full outline-solid outline-transparent data-[focus-visible=true]:z-10 data-[focus-visible=true]:outline-2 data-[focus-visible=true]:outline-focus data-[focus-visible=true]:outline-offset-2 text-large hover:!opacity-100 peer-data-[filled=true]:pointer-events-auto peer-data-[filled=true]:opacity-70 peer-data-[filled=true]:block peer-data-[filled=true]:scale-100 scale-90 ease-out duration-150 transition-[opacity,transform] motion-reduce:transition-none motion-reduce:scale-100"
            data-react-aria-pressable="true"
            data-slot="clear-button"
            disabled=""
            tabindex="-1"
            type="button"
          >
            <svg
              aria-hidden="true"
              focusable="false"
              height="1em"
              role="presentation"
              viewBox="0 0 24 24"
              width="1em"
            >
              <path
                d="M12 2a10 10 0 1010 10A10.016 10.016 0 0012 2zm3.36 12.3a.754.754 0 010 1.06.748.748 0 01-1.06 0l-2.3-2.3-2.3 2.3a.748.748 0 01-1.06 0 .754.754 0 010-1.06l2.3-2.3-2.3-2.3A.75.75 0 019.7 8.64l2.3 2.3 2.3-2.3a.75.75 0 011.06 1.06l-2.3 2.3z"
                fill="currentColor"
              />
            </svg>
          </button>
        </div>
      </div>
    </div>
  </div>
</div>
`;

exports[`Story Snapshots > WithInitialValue 1`] = `
<div>
  <div
    class="group flex flex-col data-[hidden=true]:hidden w-full relative justify-end data-[has-label=true]:mt-[calc(var(--heroui-font-size-small)_+_10px)] is-filled"
    data-filled="true"
    data-filled-within="true"
    data-has-value="true"
    data-slot="base"
  >
    <div
      class="h-full flex flex-col"
      data-slot="main-wrapper"
    >
      <div
        class="relative w-full inline-flex tap-highlight-transparent flex-row items-center shadow-xs px-3 gap-3 border-medium border-default-200 data-[hover=true]:border-default-400 h-10 min-h-10 rounded-small !duration-150 transition-colors motion-reduce:transition-none bg-content1 group-data-[focus=true]:border-focus is-filled"
        data-slot="input-wrapper"
        style="cursor: text;"
      >
        <div
          class="inline-flex w-full items-center h-full box-border"
          data-slot="inner-wrapper"
        >
          <svg
            class="opacity-50"
            fill="currentColor"
            height="1em"
            stroke="currentColor"
            stroke-width="0"
            viewBox="0 0 512 512"
            width="1em"
            xmlns="http://www.w3.org/2000/svg"
          >
            <path
              d="M505 442.7L405.3 343c-4.5-4.5-10.6-7-17-7H372c27.6-35.3 44-79.7 44-128C416 93.1 322.9 0 208 0S0 93.1 0 208s93.1 208 208 208c48.3 0 92.7-16.4 128-44v16.3c0 6.4 2.5 12.5 7 17l99.7 99.7c9.4 9.4 24.6 9.4 33.9 0l28.3-28.3c9.4-9.4 9.4-24.6.1-34zM208 336c-70.7 0-128-57.2-128-128 0-70.7 57.2-128 128-128 70.7 0 128 57.2 128 128 0 70.7-57.2 128-128 128z"
            />
          </svg>
          <input
            aria-label=" "
            class="w-full font-normal bg-transparent !outline-solid placeholder:text-foreground-500 focus-visible:outline-solid outline-transparent data-[has-start-content=true]:ps-1.5 data-[has-end-content=true]:pe-1.5 data-[type=color]:rounded-none file:cursor-pointer file:bg-transparent file:border-0 autofill:bg-transparent bg-clip-text text-small peer pe-6 input-search-cancel-button-none is-filled"
            data-filled="true"
            data-filled-within="true"
            data-has-start-content="true"
            data-slot="input"
            data-testid="inputfield"
            id="react-aria-«ra»"
            tabindex="0"
            title=""
            type="text"
            value="initial value"
          />
          <button
            aria-label="clear input"
            class="p-2 -m-2 z-10 absolute end-3 start-auto pointer-events-none appearance-none select-none opacity-0 cursor-pointer active:!opacity-70 rounded-full outline-solid outline-transparent data-[focus-visible=true]:z-10 data-[focus-visible=true]:outline-2 data-[focus-visible=true]:outline-focus data-[focus-visible=true]:outline-offset-2 text-large hover:!opacity-100 peer-data-[filled=true]:pointer-events-auto peer-data-[filled=true]:opacity-70 peer-data-[filled=true]:block peer-data-[filled=true]:scale-100 scale-90 ease-out duration-150 transition-[opacity,transform] motion-reduce:transition-none motion-reduce:scale-100"
            data-react-aria-pressable="true"
            data-slot="clear-button"
            tabindex="-1"
            type="button"
          >
            <svg
              aria-hidden="true"
              focusable="false"
              height="1em"
              role="presentation"
              viewBox="0 0 24 24"
              width="1em"
            >
              <path
                d="M12 2a10 10 0 1010 10A10.016 10.016 0 0012 2zm3.36 12.3a.754.754 0 010 1.06.748.748 0 01-1.06 0l-2.3-2.3-2.3 2.3a.748.748 0 01-1.06 0 .754.754 0 010-1.06l2.3-2.3-2.3-2.3A.75.75 0 019.7 8.64l2.3 2.3 2.3-2.3a.75.75 0 011.06 1.06l-2.3 2.3z"
                fill="currentColor"
              />
            </svg>
          </button>
        </div>
      </div>
    </div>
  </div>
</div>
`;

exports[`Story Snapshots > WithPlaceholder 1`] = `
<div>
  <div
    class="group flex flex-col data-[hidden=true]:hidden w-full relative justify-end data-[has-label=true]:mt-[calc(var(--heroui-font-size-small)_+_10px)]"
    data-filled="true"
    data-filled-within="true"
    data-slot="base"
  >
    <div
      class="h-full flex flex-col"
      data-slot="main-wrapper"
    >
      <div
        class="relative w-full inline-flex tap-highlight-transparent flex-row items-center shadow-xs px-3 gap-3 border-medium border-default-200 data-[hover=true]:border-default-400 h-10 min-h-10 rounded-small !duration-150 transition-colors motion-reduce:transition-none bg-content1 group-data-[focus=true]:border-focus"
        data-slot="input-wrapper"
        style="cursor: text;"
      >
        <div
          class="inline-flex w-full items-center h-full box-border"
          data-slot="inner-wrapper"
        >
          <svg
            class="opacity-50"
            fill="currentColor"
            height="1em"
            stroke="currentColor"
            stroke-width="0"
            viewBox="0 0 512 512"
            width="1em"
            xmlns="http://www.w3.org/2000/svg"
          >
            <path
              d="M505 442.7L405.3 343c-4.5-4.5-10.6-7-17-7H372c27.6-35.3 44-79.7 44-128C416 93.1 322.9 0 208 0S0 93.1 0 208s93.1 208 208 208c48.3 0 92.7-16.4 128-44v16.3c0 6.4 2.5 12.5 7 17l99.7 99.7c9.4 9.4 24.6 9.4 33.9 0l28.3-28.3c9.4-9.4 9.4-24.6.1-34zM208 336c-70.7 0-128-57.2-128-128 0-70.7 57.2-128 128-128 70.7 0 128 57.2 128 128 0 70.7-57.2 128-128 128z"
            />
          </svg>
          <input
            aria-label="Search something..."
            class="w-full font-normal bg-transparent !outline-solid placeholder:text-foreground-500 focus-visible:outline-solid outline-transparent data-[has-start-content=true]:ps-1.5 data-[has-end-content=true]:pe-1.5 data-[type=color]:rounded-none file:cursor-pointer file:bg-transparent file:border-0 autofill:bg-transparent bg-clip-text text-small peer pe-6 input-search-cancel-button-none"
            data-has-start-content="true"
            data-slot="input"
            data-testid="inputfield"
            id="react-aria-«r5»"
            placeholder="Search something..."
            tabindex="0"
            title=""
            type="text"
            value=""
          />
          <button
            aria-label="clear input"
            class="p-2 -m-2 z-10 absolute end-3 start-auto pointer-events-none appearance-none select-none opacity-0 cursor-pointer active:!opacity-70 rounded-full outline-solid outline-transparent data-[focus-visible=true]:z-10 data-[focus-visible=true]:outline-2 data-[focus-visible=true]:outline-focus data-[focus-visible=true]:outline-offset-2 text-large hover:!opacity-100 peer-data-[filled=true]:pointer-events-auto peer-data-[filled=true]:opacity-70 peer-data-[filled=true]:block peer-data-[filled=true]:scale-100 scale-90 ease-out duration-150 transition-[opacity,transform] motion-reduce:transition-none motion-reduce:scale-100"
            data-react-aria-pressable="true"
            data-slot="clear-button"
            tabindex="-1"
            type="button"
          >
            <svg
              aria-hidden="true"
              focusable="false"
              height="1em"
              role="presentation"
              viewBox="0 0 24 24"
              width="1em"
            >
              <path
                d="M12 2a10 10 0 1010 10A10.016 10.016 0 0012 2zm3.36 12.3a.754.754 0 010 1.06.748.748 0 01-1.06 0l-2.3-2.3-2.3 2.3a.748.748 0 01-1.06 0 .754.754 0 010-1.06l2.3-2.3-2.3-2.3A.75.75 0 019.7 8.64l2.3 2.3 2.3-2.3a.75.75 0 011.06 1.06l-2.3 2.3z"
                fill="currentColor"
              />
            </svg>
          </button>
        </div>
      </div>
    </div>
  </div>
</div>
`;
