// Vitest Snapshot v1, https://vitest.dev/guide/snapshot.html

exports[`Story Snapshots > AllPlacements 1`] = `
<div>
  <div
    class="grid grid-cols-3 gap-4"
  >
    <button
      aria-expanded="false"
      aria-haspopup="true"
      class="group relative inline-flex items-center justify-center box-border appearance-none select-none whitespace-nowrap font-normal overflow-hidden tap-highlight-transparent transform-gpu data-[pressed=true]:scale-[0.97] cursor-pointer outline-solid outline-transparent data-[focus-visible=true]:z-10 data-[focus-visible=true]:outline-2 data-[focus-visible=true]:outline-focus data-[focus-visible=true]:outline-offset-2 border-medium px-4 min-w-20 h-10 text-small gap-2 rounded-medium [&>svg]:max-w-[theme(spacing.8)] transition-transform-colors-opacity motion-reduce:transition-none bg-transparent border-default text-foreground data-[hover=true]:opacity-hover z-10 aria-expanded:scale-[0.97] aria-expanded:opacity-70 subpixel-antialiased"
      data-react-aria-pressable="true"
      data-slot="trigger"
      id="react-aria-«ri»"
      tabindex="0"
      type="button"
    >
      top
    </button>
    <button
      aria-expanded="false"
      aria-haspopup="true"
      class="group relative inline-flex items-center justify-center box-border appearance-none select-none whitespace-nowrap font-normal overflow-hidden tap-highlight-transparent transform-gpu data-[pressed=true]:scale-[0.97] cursor-pointer outline-solid outline-transparent data-[focus-visible=true]:z-10 data-[focus-visible=true]:outline-2 data-[focus-visible=true]:outline-focus data-[focus-visible=true]:outline-offset-2 border-medium px-4 min-w-20 h-10 text-small gap-2 rounded-medium [&>svg]:max-w-[theme(spacing.8)] transition-transform-colors-opacity motion-reduce:transition-none bg-transparent border-default text-foreground data-[hover=true]:opacity-hover z-10 aria-expanded:scale-[0.97] aria-expanded:opacity-70 subpixel-antialiased"
      data-react-aria-pressable="true"
      data-slot="trigger"
      id="react-aria-«rl»"
      tabindex="0"
      type="button"
    >
      top-start
    </button>
    <button
      aria-expanded="false"
      aria-haspopup="true"
      class="group relative inline-flex items-center justify-center box-border appearance-none select-none whitespace-nowrap font-normal overflow-hidden tap-highlight-transparent transform-gpu data-[pressed=true]:scale-[0.97] cursor-pointer outline-solid outline-transparent data-[focus-visible=true]:z-10 data-[focus-visible=true]:outline-2 data-[focus-visible=true]:outline-focus data-[focus-visible=true]:outline-offset-2 border-medium px-4 min-w-20 h-10 text-small gap-2 rounded-medium [&>svg]:max-w-[theme(spacing.8)] transition-transform-colors-opacity motion-reduce:transition-none bg-transparent border-default text-foreground data-[hover=true]:opacity-hover z-10 aria-expanded:scale-[0.97] aria-expanded:opacity-70 subpixel-antialiased"
      data-react-aria-pressable="true"
      data-slot="trigger"
      id="react-aria-«ro»"
      tabindex="0"
      type="button"
    >
      top-end
    </button>
    <button
      aria-expanded="false"
      aria-haspopup="true"
      class="group relative inline-flex items-center justify-center box-border appearance-none select-none whitespace-nowrap font-normal overflow-hidden tap-highlight-transparent transform-gpu data-[pressed=true]:scale-[0.97] cursor-pointer outline-solid outline-transparent data-[focus-visible=true]:z-10 data-[focus-visible=true]:outline-2 data-[focus-visible=true]:outline-focus data-[focus-visible=true]:outline-offset-2 border-medium px-4 min-w-20 h-10 text-small gap-2 rounded-medium [&>svg]:max-w-[theme(spacing.8)] transition-transform-colors-opacity motion-reduce:transition-none bg-transparent border-default text-foreground data-[hover=true]:opacity-hover z-10 aria-expanded:scale-[0.97] aria-expanded:opacity-70 subpixel-antialiased"
      data-react-aria-pressable="true"
      data-slot="trigger"
      id="react-aria-«rr»"
      tabindex="0"
      type="button"
    >
      bottom
    </button>
    <button
      aria-expanded="false"
      aria-haspopup="true"
      class="group relative inline-flex items-center justify-center box-border appearance-none select-none whitespace-nowrap font-normal overflow-hidden tap-highlight-transparent transform-gpu data-[pressed=true]:scale-[0.97] cursor-pointer outline-solid outline-transparent data-[focus-visible=true]:z-10 data-[focus-visible=true]:outline-2 data-[focus-visible=true]:outline-focus data-[focus-visible=true]:outline-offset-2 border-medium px-4 min-w-20 h-10 text-small gap-2 rounded-medium [&>svg]:max-w-[theme(spacing.8)] transition-transform-colors-opacity motion-reduce:transition-none bg-transparent border-default text-foreground data-[hover=true]:opacity-hover z-10 aria-expanded:scale-[0.97] aria-expanded:opacity-70 subpixel-antialiased"
      data-react-aria-pressable="true"
      data-slot="trigger"
      id="react-aria-«ru»"
      tabindex="0"
      type="button"
    >
      bottom-start
    </button>
    <button
      aria-expanded="false"
      aria-haspopup="true"
      class="group relative inline-flex items-center justify-center box-border appearance-none select-none whitespace-nowrap font-normal overflow-hidden tap-highlight-transparent transform-gpu data-[pressed=true]:scale-[0.97] cursor-pointer outline-solid outline-transparent data-[focus-visible=true]:z-10 data-[focus-visible=true]:outline-2 data-[focus-visible=true]:outline-focus data-[focus-visible=true]:outline-offset-2 border-medium px-4 min-w-20 h-10 text-small gap-2 rounded-medium [&>svg]:max-w-[theme(spacing.8)] transition-transform-colors-opacity motion-reduce:transition-none bg-transparent border-default text-foreground data-[hover=true]:opacity-hover z-10 aria-expanded:scale-[0.97] aria-expanded:opacity-70 subpixel-antialiased"
      data-react-aria-pressable="true"
      data-slot="trigger"
      id="react-aria-«r11»"
      tabindex="0"
      type="button"
    >
      bottom-end
    </button>
    <button
      aria-expanded="false"
      aria-haspopup="true"
      class="group relative inline-flex items-center justify-center box-border appearance-none select-none whitespace-nowrap font-normal overflow-hidden tap-highlight-transparent transform-gpu data-[pressed=true]:scale-[0.97] cursor-pointer outline-solid outline-transparent data-[focus-visible=true]:z-10 data-[focus-visible=true]:outline-2 data-[focus-visible=true]:outline-focus data-[focus-visible=true]:outline-offset-2 border-medium px-4 min-w-20 h-10 text-small gap-2 rounded-medium [&>svg]:max-w-[theme(spacing.8)] transition-transform-colors-opacity motion-reduce:transition-none bg-transparent border-default text-foreground data-[hover=true]:opacity-hover z-10 aria-expanded:scale-[0.97] aria-expanded:opacity-70 subpixel-antialiased"
      data-react-aria-pressable="true"
      data-slot="trigger"
      id="react-aria-«r14»"
      tabindex="0"
      type="button"
    >
      left
    </button>
    <button
      aria-expanded="false"
      aria-haspopup="true"
      class="group relative inline-flex items-center justify-center box-border appearance-none select-none whitespace-nowrap font-normal overflow-hidden tap-highlight-transparent transform-gpu data-[pressed=true]:scale-[0.97] cursor-pointer outline-solid outline-transparent data-[focus-visible=true]:z-10 data-[focus-visible=true]:outline-2 data-[focus-visible=true]:outline-focus data-[focus-visible=true]:outline-offset-2 border-medium px-4 min-w-20 h-10 text-small gap-2 rounded-medium [&>svg]:max-w-[theme(spacing.8)] transition-transform-colors-opacity motion-reduce:transition-none bg-transparent border-default text-foreground data-[hover=true]:opacity-hover z-10 aria-expanded:scale-[0.97] aria-expanded:opacity-70 subpixel-antialiased"
      data-react-aria-pressable="true"
      data-slot="trigger"
      id="react-aria-«r17»"
      tabindex="0"
      type="button"
    >
      left-start
    </button>
    <button
      aria-expanded="false"
      aria-haspopup="true"
      class="group relative inline-flex items-center justify-center box-border appearance-none select-none whitespace-nowrap font-normal overflow-hidden tap-highlight-transparent transform-gpu data-[pressed=true]:scale-[0.97] cursor-pointer outline-solid outline-transparent data-[focus-visible=true]:z-10 data-[focus-visible=true]:outline-2 data-[focus-visible=true]:outline-focus data-[focus-visible=true]:outline-offset-2 border-medium px-4 min-w-20 h-10 text-small gap-2 rounded-medium [&>svg]:max-w-[theme(spacing.8)] transition-transform-colors-opacity motion-reduce:transition-none bg-transparent border-default text-foreground data-[hover=true]:opacity-hover z-10 aria-expanded:scale-[0.97] aria-expanded:opacity-70 subpixel-antialiased"
      data-react-aria-pressable="true"
      data-slot="trigger"
      id="react-aria-«r1a»"
      tabindex="0"
      type="button"
    >
      left-end
    </button>
    <button
      aria-expanded="false"
      aria-haspopup="true"
      class="group relative inline-flex items-center justify-center box-border appearance-none select-none whitespace-nowrap font-normal overflow-hidden tap-highlight-transparent transform-gpu data-[pressed=true]:scale-[0.97] cursor-pointer outline-solid outline-transparent data-[focus-visible=true]:z-10 data-[focus-visible=true]:outline-2 data-[focus-visible=true]:outline-focus data-[focus-visible=true]:outline-offset-2 border-medium px-4 min-w-20 h-10 text-small gap-2 rounded-medium [&>svg]:max-w-[theme(spacing.8)] transition-transform-colors-opacity motion-reduce:transition-none bg-transparent border-default text-foreground data-[hover=true]:opacity-hover z-10 aria-expanded:scale-[0.97] aria-expanded:opacity-70 subpixel-antialiased"
      data-react-aria-pressable="true"
      data-slot="trigger"
      id="react-aria-«r1d»"
      tabindex="0"
      type="button"
    >
      right
    </button>
    <button
      aria-expanded="false"
      aria-haspopup="true"
      class="group relative inline-flex items-center justify-center box-border appearance-none select-none whitespace-nowrap font-normal overflow-hidden tap-highlight-transparent transform-gpu data-[pressed=true]:scale-[0.97] cursor-pointer outline-solid outline-transparent data-[focus-visible=true]:z-10 data-[focus-visible=true]:outline-2 data-[focus-visible=true]:outline-focus data-[focus-visible=true]:outline-offset-2 border-medium px-4 min-w-20 h-10 text-small gap-2 rounded-medium [&>svg]:max-w-[theme(spacing.8)] transition-transform-colors-opacity motion-reduce:transition-none bg-transparent border-default text-foreground data-[hover=true]:opacity-hover z-10 aria-expanded:scale-[0.97] aria-expanded:opacity-70 subpixel-antialiased"
      data-react-aria-pressable="true"
      data-slot="trigger"
      id="react-aria-«r1g»"
      tabindex="0"
      type="button"
    >
      right-start
    </button>
    <button
      aria-expanded="false"
      aria-haspopup="true"
      class="group relative inline-flex items-center justify-center box-border appearance-none select-none whitespace-nowrap font-normal overflow-hidden tap-highlight-transparent transform-gpu data-[pressed=true]:scale-[0.97] cursor-pointer outline-solid outline-transparent data-[focus-visible=true]:z-10 data-[focus-visible=true]:outline-2 data-[focus-visible=true]:outline-focus data-[focus-visible=true]:outline-offset-2 border-medium px-4 min-w-20 h-10 text-small gap-2 rounded-medium [&>svg]:max-w-[theme(spacing.8)] transition-transform-colors-opacity motion-reduce:transition-none bg-transparent border-default text-foreground data-[hover=true]:opacity-hover z-10 aria-expanded:scale-[0.97] aria-expanded:opacity-70 subpixel-antialiased"
      data-react-aria-pressable="true"
      data-slot="trigger"
      id="react-aria-«r1j»"
      tabindex="0"
      type="button"
    >
      right-end
    </button>
  </div>
</div>
`;

exports[`Story Snapshots > Default 1`] = `
<div>
  <button
    aria-expanded="false"
    aria-haspopup="true"
    class="group relative inline-flex items-center justify-center box-border appearance-none select-none whitespace-nowrap font-normal overflow-hidden tap-highlight-transparent transform-gpu data-[pressed=true]:scale-[0.97] cursor-pointer outline-solid outline-transparent data-[focus-visible=true]:z-10 data-[focus-visible=true]:outline-2 data-[focus-visible=true]:outline-focus data-[focus-visible=true]:outline-offset-2 px-3 h-8 text-tiny gap-2 rounded-small [&>svg]:max-w-[theme(spacing.8)] transition-transform-colors-opacity motion-reduce:transition-none bg-default/40 text-default-700 data-[hover=true]:opacity-hover z-10 aria-expanded:scale-[0.97] aria-expanded:opacity-70 subpixel-antialiased min-w-0"
    data-react-aria-pressable="true"
    data-slot="trigger"
    id="react-aria-«r0»"
    tabindex="0"
    type="button"
  >
    <span
      data-testid="icon-FaEllipsisVertical"
    >
      FaEllipsisVertical
    </span>
  </button>
</div>
`;

exports[`Story Snapshots > Disabled 1`] = `
<div>
  <button
    aria-expanded="false"
    aria-haspopup="true"
    class="group relative inline-flex items-center justify-center box-border appearance-none select-none whitespace-nowrap font-normal overflow-hidden tap-highlight-transparent transform-gpu data-[pressed=true]:scale-[0.97] cursor-pointer outline-solid outline-transparent data-[focus-visible=true]:z-10 data-[focus-visible=true]:outline-2 data-[focus-visible=true]:outline-focus data-[focus-visible=true]:outline-offset-2 px-3 h-8 text-tiny gap-2 rounded-small [&>svg]:max-w-[theme(spacing.8)] transition-transform-colors-opacity motion-reduce:transition-none bg-default/40 text-default-700 data-[hover=true]:opacity-hover z-10 aria-expanded:scale-[0.97] aria-expanded:opacity-70 subpixel-antialiased opacity-disabled pointer-events-none min-w-0"
    data-disabled="true"
    data-react-aria-pressable="true"
    data-slot="trigger"
    disabled=""
    id="react-aria-«rf»"
    type="button"
  >
    <span
      data-testid="icon-FaEllipsisVertical"
    >
      FaEllipsisVertical
    </span>
  </button>
</div>
`;

exports[`Story Snapshots > MenuParty 1`] = `
<div>
  <button
    aria-expanded="false"
    aria-haspopup="true"
    aria-label="Open fun menu"
    class="group relative inline-flex items-center justify-center box-border appearance-none select-none whitespace-nowrap font-normal overflow-hidden tap-highlight-transparent transform-gpu data-[pressed=true]:scale-[0.97] cursor-pointer outline-solid outline-transparent data-[focus-visible=true]:z-10 data-[focus-visible=true]:outline-2 data-[focus-visible=true]:outline-focus data-[focus-visible=true]:outline-offset-2 border-medium px-4 min-w-20 h-10 text-small gap-2 rounded-medium [&>svg]:max-w-[theme(spacing.8)] transition-transform-colors-opacity motion-reduce:transition-none bg-transparent border-secondary text-secondary data-[hover=true]:opacity-hover z-10 aria-expanded:scale-[0.97] aria-expanded:opacity-70 subpixel-antialiased"
    data-react-aria-pressable="true"
    data-slot="trigger"
    id="react-aria-«r1v»"
    tabindex="0"
    type="button"
  >
    Open fun menu 🎈
  </button>
</div>
`;

exports[`Story Snapshots > SubMenu 1`] = `
<div>
  <button
    aria-expanded="false"
    aria-haspopup="true"
    class="group relative inline-flex items-center justify-center box-border appearance-none select-none whitespace-nowrap font-normal overflow-hidden tap-highlight-transparent transform-gpu data-[pressed=true]:scale-[0.97] cursor-pointer outline-solid outline-transparent data-[focus-visible=true]:z-10 data-[focus-visible=true]:outline-2 data-[focus-visible=true]:outline-focus data-[focus-visible=true]:outline-offset-2 px-3 h-8 text-tiny gap-2 rounded-small [&>svg]:max-w-[theme(spacing.8)] transition-transform-colors-opacity motion-reduce:transition-none bg-default/40 text-default-700 data-[hover=true]:opacity-hover z-10 aria-expanded:scale-[0.97] aria-expanded:opacity-70 subpixel-antialiased min-w-0"
    data-react-aria-pressable="true"
    data-slot="trigger"
    id="react-aria-«rc»"
    tabindex="0"
    type="button"
  >
    <span
      data-testid="icon-FaEllipsisVertical"
    >
      FaEllipsisVertical
    </span>
  </button>
</div>
`;

exports[`Story Snapshots > WithAriaLabelAndTestIds 1`] = `
<div>
  <button
    aria-expanded="false"
    aria-haspopup="true"
    class="group relative inline-flex items-center justify-center box-border appearance-none select-none whitespace-nowrap font-normal overflow-hidden tap-highlight-transparent transform-gpu data-[pressed=true]:scale-[0.97] cursor-pointer outline-solid outline-transparent data-[focus-visible=true]:z-10 data-[focus-visible=true]:outline-2 data-[focus-visible=true]:outline-focus data-[focus-visible=true]:outline-offset-2 px-3 h-8 text-tiny gap-2 rounded-small [&>svg]:max-w-[theme(spacing.8)] transition-transform-colors-opacity motion-reduce:transition-none bg-default/40 text-default-700 data-[hover=true]:opacity-hover z-10 aria-expanded:scale-[0.97] aria-expanded:opacity-70 subpixel-antialiased min-w-0"
    data-react-aria-pressable="true"
    data-slot="trigger"
    data-testid="menu-trigger"
    id="react-aria-«r1p»"
    tabindex="0"
    type="button"
  >
    <span
      data-testid="icon-FaEllipsisVertical"
    >
      FaEllipsisVertical
    </span>
  </button>
</div>
`;

exports[`Story Snapshots > WithOnAction 1`] = `
<div>
  <button
    aria-expanded="false"
    aria-haspopup="true"
    class="group relative inline-flex items-center justify-center box-border appearance-none select-none whitespace-nowrap font-normal overflow-hidden tap-highlight-transparent transform-gpu data-[pressed=true]:scale-[0.97] cursor-pointer outline-solid outline-transparent data-[focus-visible=true]:z-10 data-[focus-visible=true]:outline-2 data-[focus-visible=true]:outline-focus data-[focus-visible=true]:outline-offset-2 px-3 h-8 text-tiny gap-2 rounded-small [&>svg]:max-w-[theme(spacing.8)] transition-transform-colors-opacity motion-reduce:transition-none bg-default/40 text-default-700 data-[hover=true]:opacity-hover z-10 aria-expanded:scale-[0.97] aria-expanded:opacity-70 subpixel-antialiased min-w-0"
    data-react-aria-pressable="true"
    data-slot="trigger"
    id="react-aria-«r1m»"
    tabindex="0"
    type="button"
  >
    <span
      data-testid="icon-FaEllipsisVertical"
    >
      FaEllipsisVertical
    </span>
  </button>
</div>
`;

exports[`Story Snapshots > WithSlotClassNames 1`] = `
<div>
  <button
    aria-expanded="false"
    aria-haspopup="true"
    class="group relative inline-flex items-center justify-center box-border appearance-none select-none whitespace-nowrap font-normal overflow-hidden tap-highlight-transparent transform-gpu data-[pressed=true]:scale-[0.97] cursor-pointer outline-solid outline-transparent data-[focus-visible=true]:z-10 data-[focus-visible=true]:outline-2 data-[focus-visible=true]:outline-focus data-[focus-visible=true]:outline-offset-2 px-3 min-w-16 h-8 text-tiny gap-2 rounded-small [&>svg]:max-w-[theme(spacing.8)] transition-transform-colors-opacity motion-reduce:transition-none data-[hover=true]:opacity-hover z-10 aria-expanded:scale-[0.97] aria-expanded:opacity-70 subpixel-antialiased bg-black text-white hover:bg-gray-900"
    data-react-aria-pressable="true"
    data-slot="trigger"
    id="react-aria-«r1s»"
    tabindex="0"
    type="button"
  >
    Styled trigger
  </button>
</div>
`;

exports[`Story Snapshots > WithTrigger 1`] = `
<div>
  <button
    aria-expanded="false"
    aria-haspopup="true"
    class="z-10 aria-expanded:scale-[0.97] aria-expanded:opacity-70 subpixel-antialiased"
    data-react-aria-pressable="true"
    data-slot="trigger"
    id="react-aria-«r6»"
    tabindex="0"
    type="button"
  >
    trigger
  </button>
</div>
`;

exports[`Story Snapshots > WithTriggerButtonProps 1`] = `
<div>
  <button
    aria-expanded="false"
    aria-haspopup="true"
    aria-label="Open actions menu"
    class="group relative inline-flex items-center justify-center box-border appearance-none select-none whitespace-nowrap font-normal overflow-hidden tap-highlight-transparent transform-gpu cursor-pointer outline-solid outline-transparent data-[focus-visible=true]:z-10 data-[focus-visible=true]:outline-2 data-[focus-visible=true]:outline-focus data-[focus-visible=true]:outline-offset-2 border-medium px-4 h-10 text-small gap-2 rounded-medium [&>svg]:max-w-[theme(spacing.8)] !transition-none data-[pressed=true]:scale-100 bg-transparent border-primary text-primary data-[hover=true]:opacity-hover z-10 aria-expanded:scale-[0.97] aria-expanded:opacity-70 subpixel-antialiased min-w-0"
    data-react-aria-pressable="true"
    data-slot="trigger"
    id="react-aria-«r9»"
    tabindex="0"
    type="button"
  >
    Open menu
  </button>
</div>
`;

exports[`Story Snapshots > WithoutTrigger 1`] = `
<div>
  <button
    aria-expanded="false"
    aria-haspopup="true"
    class="group relative inline-flex items-center justify-center box-border appearance-none select-none whitespace-nowrap font-normal overflow-hidden tap-highlight-transparent transform-gpu data-[pressed=true]:scale-[0.97] cursor-pointer outline-solid outline-transparent data-[focus-visible=true]:z-10 data-[focus-visible=true]:outline-2 data-[focus-visible=true]:outline-focus data-[focus-visible=true]:outline-offset-2 px-3 h-8 text-tiny gap-2 rounded-small [&>svg]:max-w-[theme(spacing.8)] transition-transform-colors-opacity motion-reduce:transition-none bg-default/40 text-default-700 data-[hover=true]:opacity-hover z-10 aria-expanded:scale-[0.97] aria-expanded:opacity-70 subpixel-antialiased min-w-0"
    data-react-aria-pressable="true"
    data-slot="trigger"
    id="react-aria-«r3»"
    tabindex="0"
    type="button"
  >
    <span
      data-testid="icon-FaEllipsisVertical"
    >
      FaEllipsisVertical
    </span>
  </button>
</div>
`;
