// Vitest Snapshot v1, https://vitest.dev/guide/snapshot.html

exports[`Story Snapshots > Default 1`] = `
<div>
  <div
    class="flex w-full flex-row justify-between gap-6"
  >
    <form
      class="flex-grow min-w-60"
      data-testid=""
    >
      <div
        class="group flex flex-col data-[hidden=true]:hidden w-full relative justify-end data-[has-label=true]:mt-[calc(theme(fontSize.small)_+_10px)]"
        data-filled="true"
        data-filled-within="true"
        data-has-value="true"
        data-slot="base"
      >
        <div
          class="h-full flex flex-col"
          data-slot="main-wrapper"
        >
          <div
            class="relative w-full inline-flex tap-highlight-transparent flex-row items-center shadow-sm px-3 gap-3 border-medium border-default-200 data-[hover=true]:border-default-400 h-10 min-h-10 rounded-small transition-background !duration-150 transition-colors motion-reduce:transition-none group-data-[focus=true]:border-focus"
            data-slot="input-wrapper"
            style="cursor: text;"
          >
            <div
              class="inline-flex w-full items-center h-full box-border"
              data-slot="inner-wrapper"
            >
              <input
                aria-describedby="react-aria-react-useId-mock react-aria-react-useId-mock"
                aria-label=" "
                class="w-full font-normal bg-transparent !outline-none placeholder:text-foreground-500 focus-visible:outline-none data-[has-start-content=true]:ps-1.5 data-[has-end-content=true]:pe-1.5 file:cursor-pointer file:bg-transparent file:border-0 autofill:bg-transparent bg-clip-text text-small"
                data-slot="input"
                data-testid="inputfield"
                id="react-aria-react-useId-mock"
                name="inputField"
                placeholder=" "
                tabindex="0"
                title=""
                type="text"
                value=""
              />
            </div>
          </div>
        </div>
      </div>
      <div
        class="mt-4 flex justify-end"
      >
        <button
          class="z-0 group relative inline-flex items-center justify-center box-border appearance-none select-none whitespace-nowrap font-normal subpixel-antialiased overflow-hidden tap-highlight-transparent data-[pressed=true]:scale-[0.97] outline-none data-[focus-visible=true]:z-10 data-[focus-visible=true]:outline-2 data-[focus-visible=true]:outline-focus data-[focus-visible=true]:outline-offset-2 px-4 min-w-20 h-10 text-small gap-2 rounded-medium [&>svg]:max-w-[theme(spacing.8)] transition-transform-colors-opacity motion-reduce:transition-none bg-success data-[hover=true]:opacity-hover text-white"
          data-testid="form_submit_button"
          tabindex="0"
          type="submit"
        >
          Submit
        </button>
      </div>
    </form>
  </div>
</div>
`;

exports[`Story Snapshots > Disabled 1`] = `
<div>
  <div
    class="flex w-full flex-row justify-between gap-6"
  >
    <form
      class="flex-grow min-w-60"
      data-testid=""
    >
      <div
        class="group flex flex-col data-[hidden=true]:hidden w-full opacity-disabled pointer-events-none relative justify-end data-[has-label=true]:mt-[calc(theme(fontSize.small)_+_10px)]"
        data-disabled="true"
        data-filled="true"
        data-filled-within="true"
        data-has-elements="true"
        data-has-label="true"
        data-has-value="true"
        data-slot="base"
      >
        <div
          class="h-full flex flex-col"
          data-slot="main-wrapper"
        >
          <div
            class="relative w-full inline-flex tap-highlight-transparent flex-row items-center shadow-sm px-3 gap-3 border-medium border-default-200 data-[hover=true]:border-default-400 h-10 min-h-10 rounded-small pointer-events-none transition-background !duration-150 transition-colors motion-reduce:transition-none group-data-[focus=true]:border-focus"
            data-slot="input-wrapper"
            style="cursor: text;"
          >
            <label
              class="absolute origin-top-left flex-shrink-0 rtl:origin-top-right subpixel-antialiased block text-foreground-500 pointer-events-none will-change-auto !duration-200 !ease-out motion-reduce:transition-none transition-[transform,color,left,opacity] group-data-[filled-within=true]:text-foreground group-data-[filled-within=true]:pointer-events-auto pb-0 z-20 top-1/2 -translate-y-1/2 group-data-[filled-within=true]:start-0 start-3 end-auto text-small group-data-[filled-within=true]:-translate-y-[calc(100%_+_theme(fontSize.small)/2_+_20px)] pe-2 max-w-full text-ellipsis overflow-hidden"
              data-slot="label"
              for="react-aria-react-useId-mock"
              id="react-aria-react-useId-mock"
            >
              Input Field
            </label>
            <div
              class="inline-flex w-full items-center h-full box-border"
              data-slot="inner-wrapper"
            >
              <input
                aria-describedby="react-aria-react-useId-mock react-aria-react-useId-mock"
                aria-label=" "
                aria-labelledby="react-aria-react-useId-mock"
                class="w-full font-normal bg-transparent !outline-none placeholder:text-foreground-500 focus-visible:outline-none data-[has-start-content=true]:ps-1.5 data-[has-end-content=true]:pe-1.5 file:cursor-pointer file:bg-transparent file:border-0 autofill:bg-transparent bg-clip-text text-small"
                data-slot="input"
                data-testid="inputfield"
                disabled=""
                id="react-aria-react-useId-mock"
                name="inputField"
                placeholder=" "
                type="text"
                value=""
              />
            </div>
          </div>
        </div>
      </div>
      <div
        class="mt-4 flex justify-end"
      >
        <button
          class="z-0 group relative inline-flex items-center justify-center box-border appearance-none select-none whitespace-nowrap font-normal subpixel-antialiased overflow-hidden tap-highlight-transparent data-[pressed=true]:scale-[0.97] outline-none data-[focus-visible=true]:z-10 data-[focus-visible=true]:outline-2 data-[focus-visible=true]:outline-focus data-[focus-visible=true]:outline-offset-2 px-4 min-w-20 h-10 text-small gap-2 rounded-medium [&>svg]:max-w-[theme(spacing.8)] transition-transform-colors-opacity motion-reduce:transition-none bg-success data-[hover=true]:opacity-hover text-white"
          data-testid="form_submit_button"
          tabindex="0"
          type="submit"
        >
          Submit
        </button>
      </div>
    </form>
  </div>
</div>
`;

exports[`Story Snapshots > Invalid 1`] = `
<div>
  <div
    class="flex w-full flex-row justify-between gap-6"
  >
    <form
      class="flex-grow min-w-60"
      data-testid=""
    >
      <div
        class="group flex flex-col data-[hidden=true]:hidden w-full relative justify-end data-[has-label=true]:mt-[calc(theme(fontSize.small)_+_10px)] is-filled"
        data-filled="true"
        data-filled-within="true"
        data-focus="true"
        data-focus-within="true"
        data-has-elements="true"
        data-has-helper="true"
        data-has-label="true"
        data-has-value="true"
        data-hover="true"
        data-invalid="true"
        data-slot="base"
      >
        <div
          class="h-full flex flex-col"
          data-slot="main-wrapper"
        >
          <div
            class="relative w-full inline-flex tap-highlight-transparent flex-row items-center shadow-sm px-3 gap-3 border-medium border-default-200 data-[hover=true]:border-default-400 h-10 min-h-10 rounded-small transition-background !duration-150 transition-colors motion-reduce:transition-none !border-danger group-data-[focus=true]:!border-danger group-data-[focus=true]:border-focus is-filled"
            data-focus="true"
            data-hover="true"
            data-slot="input-wrapper"
            style="cursor: text;"
          >
            <label
              class="absolute pointer-events-none origin-top-left flex-shrink-0 rtl:origin-top-right subpixel-antialiased block text-foreground-500 !text-danger will-change-auto !duration-200 !ease-out motion-reduce:transition-none transition-[transform,color,left,opacity] group-data-[filled-within=true]:text-foreground group-data-[filled-within=true]:pointer-events-auto pb-0 z-20 top-1/2 -translate-y-1/2 group-data-[filled-within=true]:start-0 start-3 end-auto text-small group-data-[filled-within=true]:-translate-y-[calc(100%_+_theme(fontSize.small)/2_+_20px)] pe-2 max-w-full text-ellipsis overflow-hidden"
              data-slot="label"
              for="react-aria-react-useId-mock"
              id="react-aria-react-useId-mock"
            >
              InvalidField
            </label>
            <div
              class="inline-flex w-full items-center h-full box-border"
              data-slot="inner-wrapper"
            >
              <input
                aria-describedby="react-aria-react-useId-mock react-aria-react-useId-mock"
                aria-invalid="true"
                aria-label=" "
                aria-labelledby="react-aria-react-useId-mock"
                class="w-full font-normal bg-transparent !outline-none placeholder:text-foreground-500 focus-visible:outline-none data-[has-start-content=true]:ps-1.5 data-[has-end-content=true]:pe-1.5 file:cursor-pointer file:bg-transparent file:border-0 autofill:bg-transparent bg-clip-text text-small !placeholder:text-danger !text-danger is-filled"
                data-filled="true"
                data-filled-within="true"
                data-slot="input"
                data-testid="inputfield"
                id="react-aria-react-useId-mock"
                name="inputField"
                placeholder=" "
                tabindex="0"
                title=""
                type="text"
                value="invälid"
              />
            </div>
          </div>
          <div
            class="hidden group-data-[has-helper=true]:flex p-1 relative flex-col gap-1.5"
            data-slot="helper-wrapper"
          >
            <div
              class="text-tiny text-danger"
              data-slot="error-message"
              id="react-aria-react-useId-mock"
            >
              <ul
                aria-label="Error: Must only contain alphanumeric characters and spaces."
                data-testid="must_only_contain_alphanumeric_characters_and_spaces."
              >
                <li>
                  <div>
                    Must only contain alphanumeric characters and spaces.
                  </div>
                </li>
              </ul>
            </div>
          </div>
        </div>
      </div>
      <div
        class="mt-4 flex justify-end"
      >
        <button
          class="z-0 group relative inline-flex items-center justify-center box-border appearance-none select-none whitespace-nowrap font-normal subpixel-antialiased overflow-hidden tap-highlight-transparent data-[pressed=true]:scale-[0.97] outline-none data-[focus-visible=true]:z-10 data-[focus-visible=true]:outline-2 data-[focus-visible=true]:outline-focus data-[focus-visible=true]:outline-offset-2 px-4 min-w-20 h-10 text-small gap-2 rounded-medium [&>svg]:max-w-[theme(spacing.8)] transition-transform-colors-opacity motion-reduce:transition-none bg-success data-[hover=true]:opacity-hover text-white"
          data-testid="form_submit_button"
          tabindex="0"
          type="submit"
        >
          Submit
        </button>
      </div>
    </form>
  </div>
</div>
`;

exports[`Story Snapshots > Number 1`] = `
<div>
  <div
    class="flex w-full flex-row justify-between gap-6"
  >
    <form
      class="flex-grow min-w-60"
      data-testid=""
    >
      <div
        class="group flex flex-col data-[hidden=true]:hidden w-full relative justify-end data-[has-label=true]:mt-[calc(theme(fontSize.small)_+_10px)] is-filled"
        data-filled="true"
        data-filled-within="true"
        data-focus="true"
        data-focus-within="true"
        data-has-elements="true"
        data-has-label="true"
        data-has-value="true"
        data-hover="true"
        data-required="true"
        data-slot="base"
      >
        <div
          class="h-full flex flex-col"
          data-slot="main-wrapper"
        >
          <div
            class="relative w-full inline-flex tap-highlight-transparent flex-row items-center shadow-sm px-3 gap-3 border-medium border-default-200 data-[hover=true]:border-default-400 h-10 min-h-10 rounded-small transition-background !duration-150 transition-colors motion-reduce:transition-none group-data-[focus=true]:border-focus is-filled"
            data-focus="true"
            data-hover="true"
            data-slot="input-wrapper"
            style="cursor: text;"
          >
            <label
              class="absolute pointer-events-none origin-top-left flex-shrink-0 rtl:origin-top-right subpixel-antialiased block text-foreground-500 after:content-['*'] after:text-danger after:ms-0.5 will-change-auto !duration-200 !ease-out motion-reduce:transition-none transition-[transform,color,left,opacity] group-data-[filled-within=true]:text-foreground group-data-[filled-within=true]:pointer-events-auto pb-0 z-20 top-1/2 -translate-y-1/2 group-data-[filled-within=true]:start-0 start-3 end-auto text-small group-data-[filled-within=true]:-translate-y-[calc(100%_+_theme(fontSize.small)/2_+_20px)] pe-2 max-w-full text-ellipsis overflow-hidden"
              data-slot="label"
              for="react-aria-react-useId-mock"
              id="react-aria-react-useId-mock"
            >
              Number Field
            </label>
            <div
              class="inline-flex w-full items-center h-full box-border"
              data-slot="inner-wrapper"
            >
              <input
                aria-describedby="react-aria-react-useId-mock react-aria-react-useId-mock"
                aria-label=" "
                aria-labelledby="react-aria-react-useId-mock"
                class="w-full font-normal bg-transparent !outline-none placeholder:text-foreground-500 focus-visible:outline-none data-[has-start-content=true]:ps-1.5 data-[has-end-content=true]:pe-1.5 file:cursor-pointer file:bg-transparent file:border-0 autofill:bg-transparent bg-clip-text text-small is-filled"
                data-filled="true"
                data-filled-within="true"
                data-slot="input"
                data-testid="numberfield"
                id="react-aria-react-useId-mock"
                name="numberField"
                placeholder=" "
                required=""
                tabindex="0"
                title=""
                type="number"
                value=""
              />
            </div>
          </div>
        </div>
      </div>
      <div
        class="mt-4 flex justify-end"
      >
        <button
          class="z-0 group relative inline-flex items-center justify-center box-border appearance-none select-none whitespace-nowrap font-normal subpixel-antialiased overflow-hidden tap-highlight-transparent data-[pressed=true]:scale-[0.97] outline-none data-[focus-visible=true]:z-10 data-[focus-visible=true]:outline-2 data-[focus-visible=true]:outline-focus data-[focus-visible=true]:outline-offset-2 px-4 min-w-20 h-10 text-small gap-2 rounded-medium [&>svg]:max-w-[theme(spacing.8)] transition-transform-colors-opacity motion-reduce:transition-none bg-success data-[hover=true]:opacity-hover text-white"
          data-testid="form_submit_button"
          tabindex="0"
          type="submit"
        >
          Submit
        </button>
      </div>
    </form>
  </div>
</div>
`;

exports[`Story Snapshots > Password 1`] = `
<div>
  <div
    class="flex w-full flex-row justify-between gap-6"
  >
    <form
      class="flex-grow min-w-60"
      data-testid=""
    >
      <div
        class="group flex flex-col data-[hidden=true]:hidden w-full relative justify-end data-[has-label=true]:mt-[calc(theme(fontSize.small)_+_10px)] is-filled"
        data-filled="true"
        data-filled-within="true"
        data-focus="true"
        data-focus-within="true"
        data-has-elements="true"
        data-has-helper="true"
        data-has-label="true"
        data-has-value="true"
        data-hover="true"
        data-invalid="true"
        data-required="true"
        data-slot="base"
      >
        <div
          class="h-full flex flex-col"
          data-slot="main-wrapper"
        >
          <div
            class="relative w-full inline-flex tap-highlight-transparent flex-row items-center shadow-sm px-3 gap-3 border-medium border-default-200 data-[hover=true]:border-default-400 h-10 min-h-10 rounded-small transition-background !duration-150 transition-colors motion-reduce:transition-none !border-danger group-data-[focus=true]:!border-danger group-data-[focus=true]:border-focus is-filled"
            data-focus="true"
            data-hover="true"
            data-slot="input-wrapper"
            style="cursor: text;"
          >
            <label
              class="absolute pointer-events-none origin-top-left flex-shrink-0 rtl:origin-top-right subpixel-antialiased block text-foreground-500 !text-danger after:content-['*'] after:text-danger after:ms-0.5 will-change-auto !duration-200 !ease-out motion-reduce:transition-none transition-[transform,color,left,opacity] group-data-[filled-within=true]:text-foreground group-data-[filled-within=true]:pointer-events-auto pb-0 z-20 top-1/2 -translate-y-1/2 group-data-[filled-within=true]:start-0 start-3 end-auto text-small group-data-[filled-within=true]:-translate-y-[calc(100%_+_theme(fontSize.small)/2_+_20px)] pe-2 max-w-full text-ellipsis overflow-hidden"
              data-slot="label"
              for="react-aria-react-useId-mock"
              id="react-aria-react-useId-mock"
            >
              Password Field
            </label>
            <div
              class="inline-flex w-full items-center h-full box-border"
              data-slot="inner-wrapper"
            >
              <input
                aria-describedby="react-aria-react-useId-mock react-aria-react-useId-mock"
                aria-invalid="true"
                aria-label=" "
                aria-labelledby="react-aria-react-useId-mock"
                class="w-full font-normal bg-transparent !outline-none placeholder:text-foreground-500 focus-visible:outline-none data-[has-start-content=true]:ps-1.5 data-[has-end-content=true]:pe-1.5 file:cursor-pointer file:bg-transparent file:border-0 autofill:bg-transparent bg-clip-text text-small !placeholder:text-danger !text-danger is-filled [&::-ms-reveal]:hidden"
                data-filled="true"
                data-filled-within="true"
                data-slot="input"
                data-testid="passwordfield"
                id="react-aria-react-useId-mock"
                name="passwordField"
                placeholder=" "
                required=""
                tabindex="0"
                title=""
                type="password"
                value="veryS3cure!"
              />
            </div>
          </div>
          <div
            class="hidden group-data-[has-helper=true]:flex p-1 relative flex-col gap-1.5"
            data-slot="helper-wrapper"
          >
            <div
              class="text-tiny text-danger"
              data-slot="error-message"
              id="react-aria-react-useId-mock"
            >
              <ul
                aria-label="Error: String must contain at least 20 character(s)"
                data-testid="string_must_contain_at_least_20_characters"
              >
                <li>
                  <div>
                    String must contain at least 20 character(s)
                  </div>
                </li>
              </ul>
            </div>
          </div>
        </div>
      </div>
      <div
        class="mt-4 flex justify-end"
      >
        <button
          class="z-0 group relative inline-flex items-center justify-center box-border appearance-none select-none whitespace-nowrap font-normal subpixel-antialiased overflow-hidden tap-highlight-transparent data-[pressed=true]:scale-[0.97] outline-none data-[focus-visible=true]:z-10 data-[focus-visible=true]:outline-2 data-[focus-visible=true]:outline-focus data-[focus-visible=true]:outline-offset-2 px-4 min-w-20 h-10 text-small gap-2 rounded-medium [&>svg]:max-w-[theme(spacing.8)] transition-transform-colors-opacity motion-reduce:transition-none bg-success data-[hover=true]:opacity-hover text-white"
          data-testid="form_submit_button"
          tabindex="0"
          type="submit"
        >
          Submit
        </button>
      </div>
    </form>
  </div>
</div>
`;

exports[`Story Snapshots > Required 1`] = `
<div>
  <div
    class="flex w-full flex-row justify-between gap-6"
  >
    <form
      class="flex-grow min-w-60"
      data-testid=""
    >
      <div
        class="group flex flex-col data-[hidden=true]:hidden w-full relative justify-end data-[has-label=true]:mt-[calc(theme(fontSize.small)_+_10px)]"
        data-filled="true"
        data-filled-within="true"
        data-has-elements="true"
        data-has-label="true"
        data-has-value="true"
        data-required="true"
        data-slot="base"
      >
        <div
          class="h-full flex flex-col"
          data-slot="main-wrapper"
        >
          <div
            class="relative w-full inline-flex tap-highlight-transparent flex-row items-center shadow-sm px-3 gap-3 border-medium border-default-200 data-[hover=true]:border-default-400 h-10 min-h-10 rounded-small transition-background !duration-150 transition-colors motion-reduce:transition-none group-data-[focus=true]:border-focus"
            data-slot="input-wrapper"
            style="cursor: text;"
          >
            <label
              class="absolute pointer-events-none origin-top-left flex-shrink-0 rtl:origin-top-right subpixel-antialiased block text-foreground-500 after:content-['*'] after:text-danger after:ms-0.5 will-change-auto !duration-200 !ease-out motion-reduce:transition-none transition-[transform,color,left,opacity] group-data-[filled-within=true]:text-foreground group-data-[filled-within=true]:pointer-events-auto pb-0 z-20 top-1/2 -translate-y-1/2 group-data-[filled-within=true]:start-0 start-3 end-auto text-small group-data-[filled-within=true]:-translate-y-[calc(100%_+_theme(fontSize.small)/2_+_20px)] pe-2 max-w-full text-ellipsis overflow-hidden"
              data-slot="label"
              for="react-aria-react-useId-mock"
              id="react-aria-react-useId-mock"
            >
              Input Field
            </label>
            <div
              class="inline-flex w-full items-center h-full box-border"
              data-slot="inner-wrapper"
            >
              <input
                aria-describedby="react-aria-react-useId-mock react-aria-react-useId-mock"
                aria-label=" "
                aria-labelledby="react-aria-react-useId-mock"
                class="w-full font-normal bg-transparent !outline-none placeholder:text-foreground-500 focus-visible:outline-none data-[has-start-content=true]:ps-1.5 data-[has-end-content=true]:pe-1.5 file:cursor-pointer file:bg-transparent file:border-0 autofill:bg-transparent bg-clip-text text-small"
                data-slot="input"
                data-testid="inputfield"
                id="react-aria-react-useId-mock"
                name="inputField"
                placeholder=" "
                required=""
                tabindex="0"
                title=""
                type="text"
                value=""
              />
            </div>
          </div>
        </div>
      </div>
      <div
        class="mt-4 flex justify-end"
      >
        <button
          class="z-0 group relative inline-flex items-center justify-center box-border appearance-none select-none whitespace-nowrap font-normal subpixel-antialiased overflow-hidden tap-highlight-transparent data-[pressed=true]:scale-[0.97] outline-none data-[focus-visible=true]:z-10 data-[focus-visible=true]:outline-2 data-[focus-visible=true]:outline-focus data-[focus-visible=true]:outline-offset-2 px-4 min-w-20 h-10 text-small gap-2 rounded-medium [&>svg]:max-w-[theme(spacing.8)] transition-transform-colors-opacity motion-reduce:transition-none bg-success data-[hover=true]:opacity-hover text-white"
          data-testid="form_submit_button"
          tabindex="0"
          type="submit"
        >
          Submit
        </button>
      </div>
    </form>
  </div>
</div>
`;

exports[`Story Snapshots > WithInitialValue 1`] = `
<div>
  <div
    class="flex w-full flex-row justify-between gap-6"
  >
    <form
      class="flex-grow min-w-60"
      data-testid=""
    >
      <div
        class="group flex flex-col data-[hidden=true]:hidden w-full relative justify-end data-[has-label=true]:mt-[calc(theme(fontSize.small)_+_10px)] is-filled"
        data-filled="true"
        data-filled-within="true"
        data-has-value="true"
        data-slot="base"
      >
        <div
          class="h-full flex flex-col"
          data-slot="main-wrapper"
        >
          <div
            class="relative w-full inline-flex tap-highlight-transparent flex-row items-center shadow-sm px-3 gap-3 border-medium border-default-200 data-[hover=true]:border-default-400 h-10 min-h-10 rounded-small transition-background !duration-150 transition-colors motion-reduce:transition-none group-data-[focus=true]:border-focus is-filled"
            data-slot="input-wrapper"
            style="cursor: text;"
          >
            <div
              class="inline-flex w-full items-center h-full box-border"
              data-slot="inner-wrapper"
            >
              <input
                aria-describedby="react-aria-react-useId-mock react-aria-react-useId-mock"
                aria-label=" "
                class="w-full font-normal bg-transparent !outline-none placeholder:text-foreground-500 focus-visible:outline-none data-[has-start-content=true]:ps-1.5 data-[has-end-content=true]:pe-1.5 file:cursor-pointer file:bg-transparent file:border-0 autofill:bg-transparent bg-clip-text text-small is-filled"
                data-filled="true"
                data-filled-within="true"
                data-slot="input"
                data-testid="inputfield"
                id="react-aria-react-useId-mock"
                name="inputField"
                placeholder=" "
                tabindex="0"
                title=""
                type="text"
                value="initial value"
              />
            </div>
          </div>
        </div>
      </div>
      <div
        class="mt-4 flex justify-end"
      >
        <button
          class="z-0 group relative inline-flex items-center justify-center box-border appearance-none select-none whitespace-nowrap font-normal subpixel-antialiased overflow-hidden tap-highlight-transparent data-[pressed=true]:scale-[0.97] outline-none data-[focus-visible=true]:z-10 data-[focus-visible=true]:outline-2 data-[focus-visible=true]:outline-focus data-[focus-visible=true]:outline-offset-2 px-4 min-w-20 h-10 text-small gap-2 rounded-medium [&>svg]:max-w-[theme(spacing.8)] transition-transform-colors-opacity motion-reduce:transition-none bg-success data-[hover=true]:opacity-hover text-white"
          data-testid="form_submit_button"
          tabindex="0"
          type="submit"
        >
          Submit
        </button>
      </div>
    </form>
  </div>
</div>
`;

exports[`Story Snapshots > WithLabel 1`] = `
<div>
  <div
    class="flex w-full flex-row justify-between gap-6"
  >
    <form
      class="flex-grow min-w-60"
      data-testid=""
    >
      <div
        class="group flex flex-col data-[hidden=true]:hidden w-full relative justify-end data-[has-label=true]:mt-[calc(theme(fontSize.small)_+_10px)]"
        data-filled="true"
        data-filled-within="true"
        data-has-elements="true"
        data-has-label="true"
        data-has-value="true"
        data-slot="base"
      >
        <div
          class="h-full flex flex-col"
          data-slot="main-wrapper"
        >
          <div
            class="relative w-full inline-flex tap-highlight-transparent flex-row items-center shadow-sm px-3 gap-3 border-medium border-default-200 data-[hover=true]:border-default-400 h-10 min-h-10 rounded-small transition-background !duration-150 transition-colors motion-reduce:transition-none group-data-[focus=true]:border-focus"
            data-slot="input-wrapper"
            style="cursor: text;"
          >
            <label
              class="absolute pointer-events-none origin-top-left flex-shrink-0 rtl:origin-top-right subpixel-antialiased block text-foreground-500 will-change-auto !duration-200 !ease-out motion-reduce:transition-none transition-[transform,color,left,opacity] group-data-[filled-within=true]:text-foreground group-data-[filled-within=true]:pointer-events-auto pb-0 z-20 top-1/2 -translate-y-1/2 group-data-[filled-within=true]:start-0 start-3 end-auto text-small group-data-[filled-within=true]:-translate-y-[calc(100%_+_theme(fontSize.small)/2_+_20px)] pe-2 max-w-full text-ellipsis overflow-hidden"
              data-slot="label"
              for="react-aria-react-useId-mock"
              id="react-aria-react-useId-mock"
            >
              Some Label
            </label>
            <div
              class="inline-flex w-full items-center h-full box-border"
              data-slot="inner-wrapper"
            >
              <input
                aria-describedby="react-aria-react-useId-mock react-aria-react-useId-mock"
                aria-label=" "
                aria-labelledby="react-aria-react-useId-mock"
                class="w-full font-normal bg-transparent !outline-none placeholder:text-foreground-500 focus-visible:outline-none data-[has-start-content=true]:ps-1.5 data-[has-end-content=true]:pe-1.5 file:cursor-pointer file:bg-transparent file:border-0 autofill:bg-transparent bg-clip-text text-small"
                data-slot="input"
                data-testid="inputfield"
                id="react-aria-react-useId-mock"
                name="inputField"
                placeholder=" "
                tabindex="0"
                title=""
                type="text"
                value=""
              />
            </div>
          </div>
        </div>
      </div>
      <div
        class="mt-4 flex justify-end"
      >
        <button
          class="z-0 group relative inline-flex items-center justify-center box-border appearance-none select-none whitespace-nowrap font-normal subpixel-antialiased overflow-hidden tap-highlight-transparent data-[pressed=true]:scale-[0.97] outline-none data-[focus-visible=true]:z-10 data-[focus-visible=true]:outline-2 data-[focus-visible=true]:outline-focus data-[focus-visible=true]:outline-offset-2 px-4 min-w-20 h-10 text-small gap-2 rounded-medium [&>svg]:max-w-[theme(spacing.8)] transition-transform-colors-opacity motion-reduce:transition-none bg-success data-[hover=true]:opacity-hover text-white"
          data-testid="form_submit_button"
          tabindex="0"
          type="submit"
        >
          Submit
        </button>
      </div>
    </form>
  </div>
</div>
`;

exports[`Story Snapshots > WithSelect 1`] = `
<div>
  <div
    class="flex w-full flex-row justify-between gap-6"
  >
    <form
      class="flex-grow min-w-60"
      data-testid=""
    >
      <div
        class="group flex flex-col data-[hidden=true]:hidden w-full relative justify-end data-[has-label=true]:mt-[calc(theme(fontSize.small)_+_10px)]"
        data-filled="true"
        data-filled-within="true"
        data-has-value="true"
        data-slot="base"
      >
        <div
          class="h-full flex flex-col"
          data-slot="main-wrapper"
        >
          <div
            class="relative w-full inline-flex tap-highlight-transparent flex-row items-center shadow-sm px-3 gap-3 border-medium border-default-200 data-[hover=true]:border-default-400 h-10 min-h-10 rounded-small transition-background !duration-150 transition-colors motion-reduce:transition-none group-data-[focus=true]:border-focus"
            data-slot="input-wrapper"
            style="cursor: text;"
          >
            <div
              class="inline-flex w-full items-center h-full box-border"
              data-slot="inner-wrapper"
            >
              <span
                data-testid="icon-FaEnvelope"
              >
                FaEnvelope
              </span>
              <input
                aria-describedby="react-aria-react-useId-mock react-aria-react-useId-mock"
                aria-label=" "
                class="w-full font-normal bg-transparent !outline-none placeholder:text-foreground-500 focus-visible:outline-none data-[has-start-content=true]:ps-1.5 data-[has-end-content=true]:pe-1.5 file:cursor-pointer file:bg-transparent file:border-0 autofill:bg-transparent bg-clip-text text-small"
                data-has-end-content="true"
                data-has-start-content="true"
                data-slot="input"
                data-testid="inputfield"
                id="react-aria-react-useId-mock"
                name="inputField"
                placeholder=" "
                tabindex="0"
                title=""
                type="text"
                value=""
              />
              <select
                class="border-0 bg-transparent text-small text-default-400 outline-none"
                id="currency"
                name="currency"
              >
                <option>
                  @fuf.cool
                </option>
                <option>
                  @gmail.com
                </option>
                <option>
                  @pixelpost.org
                </option>
              </select>
            </div>
          </div>
        </div>
      </div>
      <div
        class="mt-4 flex justify-end"
      >
        <button
          class="z-0 group relative inline-flex items-center justify-center box-border appearance-none select-none whitespace-nowrap font-normal subpixel-antialiased overflow-hidden tap-highlight-transparent data-[pressed=true]:scale-[0.97] outline-none data-[focus-visible=true]:z-10 data-[focus-visible=true]:outline-2 data-[focus-visible=true]:outline-focus data-[focus-visible=true]:outline-offset-2 px-4 min-w-20 h-10 text-small gap-2 rounded-medium [&>svg]:max-w-[theme(spacing.8)] transition-transform-colors-opacity motion-reduce:transition-none bg-success data-[hover=true]:opacity-hover text-white"
          data-testid="form_submit_button"
          tabindex="0"
          type="submit"
        >
          Submit
        </button>
      </div>
    </form>
  </div>
</div>
`;
