// Vitest Snapshot v1, https://vitest.dev/guide/snapshot.html

exports[`Story Snapshots > AllDisabled 1`] = `
<div>
  <div
    class="flex items-center justify-center h-auto w-max"
    role="group"
  >
    <span
      class="flex relative justify-center items-center box-border overflow-hidden align-middle z-0 outline-solid outline-transparent data-[focus-visible=true]:z-10 data-[focus-visible=true]:outline-2 data-[focus-visible=true]:outline-focus data-[focus-visible=true]:outline-offset-2 w-10 h-10 text-tiny bg-default text-default-foreground rounded-full opacity-disabled data-[hover=true]:-translate-x-3 rtl:data-[hover=true]:translate-x-3 transition-transform data-[focus-visible=true]:-translate-x-3 rtl:data-[focus-visible=true]:translate-x-3 ms-0"
      tabindex="-1"
    >
      <img
        alt="avatar"
        class="flex object-cover w-full h-full transition-opacity !duration-500 opacity-0 data-[loaded=true]:opacity-100"
        src="/src/Avatar/sample_image/avatar.png"
      />
    </span>
    <span
      class="flex relative justify-center items-center box-border overflow-hidden align-middle z-0 outline-solid outline-transparent data-[focus-visible=true]:z-10 data-[focus-visible=true]:outline-2 data-[focus-visible=true]:outline-focus data-[focus-visible=true]:outline-offset-2 w-10 h-10 text-tiny bg-default text-default-foreground rounded-full opacity-disabled data-[hover=true]:-translate-x-3 rtl:data-[hover=true]:translate-x-3 transition-transform data-[focus-visible=true]:-translate-x-3 rtl:data-[focus-visible=true]:translate-x-3 -ms-2"
      tabindex="-1"
    >
      <img
        alt="avatar"
        class="flex object-cover w-full h-full transition-opacity !duration-500 opacity-0 data-[loaded=true]:opacity-100"
        src="/src/Avatar/sample_image/avatar.png"
      />
    </span>
    <span
      class="flex relative justify-center items-center box-border overflow-hidden align-middle z-0 outline-solid outline-transparent data-[focus-visible=true]:z-10 data-[focus-visible=true]:outline-2 data-[focus-visible=true]:outline-focus data-[focus-visible=true]:outline-offset-2 w-10 h-10 text-tiny bg-default text-default-foreground rounded-full opacity-disabled data-[hover=true]:-translate-x-3 rtl:data-[hover=true]:translate-x-3 transition-transform data-[focus-visible=true]:-translate-x-3 rtl:data-[focus-visible=true]:translate-x-3 -ms-2"
      tabindex="-1"
    >
      <img
        alt="avatar"
        class="flex object-cover w-full h-full transition-opacity !duration-500 opacity-0 data-[loaded=true]:opacity-100"
        src="/src/Avatar/sample_image/avatar.png"
      />
    </span>
    <span
      class="flex relative justify-center items-center box-border overflow-hidden align-middle z-0 outline-solid outline-transparent data-[focus-visible=true]:z-10 data-[focus-visible=true]:outline-2 data-[focus-visible=true]:outline-focus data-[focus-visible=true]:outline-offset-2 w-10 h-10 text-tiny bg-default text-default-foreground rounded-full opacity-disabled -ms-2 data-[hover=true]:-translate-x-3 rtl:data-[hover=true]:translate-x-3 transition-transform data-[focus-visible=true]:-translate-x-3 rtl:data-[focus-visible=true]:translate-x-3 hover:-translate-x-0"
      tabindex="-1"
    >
      <span
        aria-label="+1"
        class="absolute top-1/2 left-1/2 -translate-x-1/2 -translate-y-1/2 font-normal text-center text-inherit"
        role="img"
      >
        +1
      </span>
    </span>
  </div>
</div>
`;

exports[`Story Snapshots > Bordered 1`] = `
<div>
  <div
    class="flex items-center justify-center h-auto w-max"
    role="group"
  >
    <span
      class="flex relative justify-center items-center box-border overflow-hidden align-middle z-0 outline-solid outline-transparent data-[focus-visible=true]:z-10 data-[focus-visible=true]:outline-2 data-[focus-visible=true]:outline-focus data-[focus-visible=true]:outline-offset-2 w-10 h-10 text-tiny bg-default text-default-foreground rounded-full ring-2 ring-offset-2 ring-offset-background dark:ring-offset-background-dark data-[hover=true]:-translate-x-3 rtl:data-[hover=true]:translate-x-3 transition-transform data-[focus-visible=true]:-translate-x-3 rtl:data-[focus-visible=true]:translate-x-3 ring-default ms-0"
      tabindex="-1"
    >
      <img
        alt="avatar"
        class="flex object-cover w-full h-full transition-opacity !duration-500 opacity-0 data-[loaded=true]:opacity-100"
        src="/src/Avatar/sample_image/avatar.png"
      />
    </span>
    <span
      class="flex relative justify-center items-center box-border overflow-hidden align-middle z-0 outline-solid outline-transparent data-[focus-visible=true]:z-10 data-[focus-visible=true]:outline-2 data-[focus-visible=true]:outline-focus data-[focus-visible=true]:outline-offset-2 w-10 h-10 text-tiny bg-default text-default-foreground rounded-full ring-2 ring-offset-2 ring-offset-background dark:ring-offset-background-dark data-[hover=true]:-translate-x-3 rtl:data-[hover=true]:translate-x-3 transition-transform data-[focus-visible=true]:-translate-x-3 rtl:data-[focus-visible=true]:translate-x-3 ring-default -ms-2"
      tabindex="-1"
    >
      <img
        alt="avatar"
        class="flex object-cover w-full h-full transition-opacity !duration-500 opacity-0 data-[loaded=true]:opacity-100"
        src="/src/Avatar/sample_image/avatar.png"
      />
    </span>
    <span
      class="flex relative justify-center items-center box-border overflow-hidden align-middle z-0 outline-solid outline-transparent data-[focus-visible=true]:z-10 data-[focus-visible=true]:outline-2 data-[focus-visible=true]:outline-focus data-[focus-visible=true]:outline-offset-2 w-10 h-10 text-tiny bg-default text-default-foreground rounded-full ring-2 ring-offset-2 ring-offset-background dark:ring-offset-background-dark data-[hover=true]:-translate-x-3 rtl:data-[hover=true]:translate-x-3 transition-transform data-[focus-visible=true]:-translate-x-3 rtl:data-[focus-visible=true]:translate-x-3 ring-default -ms-2"
      tabindex="-1"
    >
      <img
        alt="avatar"
        class="flex object-cover w-full h-full transition-opacity !duration-500 opacity-0 data-[loaded=true]:opacity-100"
        src="/src/Avatar/sample_image/avatar.png"
      />
    </span>
    <span
      class="flex relative justify-center items-center box-border overflow-hidden align-middle z-0 outline-solid outline-transparent data-[focus-visible=true]:z-10 data-[focus-visible=true]:outline-2 data-[focus-visible=true]:outline-focus data-[focus-visible=true]:outline-offset-2 w-10 h-10 text-tiny bg-default text-default-foreground rounded-full ring-2 ring-offset-2 ring-offset-background dark:ring-offset-background-dark -ms-2 data-[hover=true]:-translate-x-3 rtl:data-[hover=true]:translate-x-3 transition-transform data-[focus-visible=true]:-translate-x-3 rtl:data-[focus-visible=true]:translate-x-3 ring-default hover:-translate-x-0"
      tabindex="-1"
    >
      <span
        aria-label="+1"
        class="absolute top-1/2 left-1/2 -translate-x-1/2 -translate-y-1/2 font-normal text-center text-inherit"
        role="img"
      >
        +1
      </span>
    </span>
  </div>
</div>
`;

exports[`Story Snapshots > Default 1`] = `
<div>
  <div
    class="flex items-center justify-center h-auto w-max"
    role="group"
  >
    <span
      class="flex relative justify-center items-center box-border overflow-hidden align-middle z-0 outline-solid outline-transparent data-[focus-visible=true]:z-10 data-[focus-visible=true]:outline-2 data-[focus-visible=true]:outline-focus data-[focus-visible=true]:outline-offset-2 w-10 h-10 text-tiny bg-default text-default-foreground rounded-full data-[hover=true]:-translate-x-3 rtl:data-[hover=true]:translate-x-3 transition-transform data-[focus-visible=true]:-translate-x-3 rtl:data-[focus-visible=true]:translate-x-3 ms-0"
      tabindex="-1"
    >
      <span
        aria-label="avatar"
        class="absolute top-1/2 left-1/2 -translate-x-1/2 -translate-y-1/2 flex items-center justify-center text-inherit w-full h-full"
        role="img"
      >
        <svg
          aria-hidden="true"
          fill="none"
          height="80%"
          role="presentation"
          viewBox="0 0 24 24"
          width="80%"
        >
          <path
            d="M12 2C9.38 2 7.25 4.13 7.25 6.75C7.25 9.32 9.26 11.4 11.88 11.49C11.96 11.48 12.04 11.48 12.1 11.49C12.12 11.49 12.13 11.49 12.15 11.49C12.16 11.49 12.16 11.49 12.17 11.49C14.73 11.4 16.74 9.32 16.75 6.75C16.75 4.13 14.62 2 12 2Z"
            fill="currentColor"
          />
          <path
            d="M17.0809 14.1489C14.2909 12.2889 9.74094 12.2889 6.93094 14.1489C5.66094 14.9989 4.96094 16.1489 4.96094 17.3789C4.96094 18.6089 5.66094 19.7489 6.92094 20.5889C8.32094 21.5289 10.1609 21.9989 12.0009 21.9989C13.8409 21.9989 15.6809 21.5289 17.0809 20.5889C18.3409 19.7389 19.0409 18.5989 19.0409 17.3589C19.0309 16.1289 18.3409 14.9889 17.0809 14.1489Z"
            fill="currentColor"
          />
        </svg>
      </span>
    </span>
    <span
      class="flex relative justify-center items-center box-border overflow-hidden align-middle z-0 outline-solid outline-transparent data-[focus-visible=true]:z-10 data-[focus-visible=true]:outline-2 data-[focus-visible=true]:outline-focus data-[focus-visible=true]:outline-offset-2 w-10 h-10 text-tiny bg-default text-default-foreground rounded-full data-[hover=true]:-translate-x-3 rtl:data-[hover=true]:translate-x-3 transition-transform data-[focus-visible=true]:-translate-x-3 rtl:data-[focus-visible=true]:translate-x-3 -ms-2"
      tabindex="-1"
    >
      <span
        aria-label="avatar"
        class="absolute top-1/2 left-1/2 -translate-x-1/2 -translate-y-1/2 flex items-center justify-center text-inherit w-full h-full"
        role="img"
      >
        <svg
          aria-hidden="true"
          fill="none"
          height="80%"
          role="presentation"
          viewBox="0 0 24 24"
          width="80%"
        >
          <path
            d="M12 2C9.38 2 7.25 4.13 7.25 6.75C7.25 9.32 9.26 11.4 11.88 11.49C11.96 11.48 12.04 11.48 12.1 11.49C12.12 11.49 12.13 11.49 12.15 11.49C12.16 11.49 12.16 11.49 12.17 11.49C14.73 11.4 16.74 9.32 16.75 6.75C16.75 4.13 14.62 2 12 2Z"
            fill="currentColor"
          />
          <path
            d="M17.0809 14.1489C14.2909 12.2889 9.74094 12.2889 6.93094 14.1489C5.66094 14.9989 4.96094 16.1489 4.96094 17.3789C4.96094 18.6089 5.66094 19.7489 6.92094 20.5889C8.32094 21.5289 10.1609 21.9989 12.0009 21.9989C13.8409 21.9989 15.6809 21.5289 17.0809 20.5889C18.3409 19.7389 19.0409 18.5989 19.0409 17.3589C19.0309 16.1289 18.3409 14.9889 17.0809 14.1489Z"
            fill="currentColor"
          />
        </svg>
      </span>
    </span>
    <span
      class="flex relative justify-center items-center box-border overflow-hidden align-middle z-0 outline-solid outline-transparent data-[focus-visible=true]:z-10 data-[focus-visible=true]:outline-2 data-[focus-visible=true]:outline-focus data-[focus-visible=true]:outline-offset-2 w-10 h-10 text-tiny bg-default text-default-foreground rounded-full data-[hover=true]:-translate-x-3 rtl:data-[hover=true]:translate-x-3 transition-transform data-[focus-visible=true]:-translate-x-3 rtl:data-[focus-visible=true]:translate-x-3 -ms-2"
      tabindex="-1"
    >
      <span
        aria-label="avatar"
        class="absolute top-1/2 left-1/2 -translate-x-1/2 -translate-y-1/2 flex items-center justify-center text-inherit w-full h-full"
        role="img"
      >
        <svg
          aria-hidden="true"
          fill="none"
          height="80%"
          role="presentation"
          viewBox="0 0 24 24"
          width="80%"
        >
          <path
            d="M12 2C9.38 2 7.25 4.13 7.25 6.75C7.25 9.32 9.26 11.4 11.88 11.49C11.96 11.48 12.04 11.48 12.1 11.49C12.12 11.49 12.13 11.49 12.15 11.49C12.16 11.49 12.16 11.49 12.17 11.49C14.73 11.4 16.74 9.32 16.75 6.75C16.75 4.13 14.62 2 12 2Z"
            fill="currentColor"
          />
          <path
            d="M17.0809 14.1489C14.2909 12.2889 9.74094 12.2889 6.93094 14.1489C5.66094 14.9989 4.96094 16.1489 4.96094 17.3789C4.96094 18.6089 5.66094 19.7489 6.92094 20.5889C8.32094 21.5289 10.1609 21.9989 12.0009 21.9989C13.8409 21.9989 15.6809 21.5289 17.0809 20.5889C18.3409 19.7389 19.0409 18.5989 19.0409 17.3589C19.0309 16.1289 18.3409 14.9889 17.0809 14.1489Z"
            fill="currentColor"
          />
        </svg>
      </span>
    </span>
    <span
      class="flex relative justify-center items-center box-border overflow-hidden align-middle z-0 outline-solid outline-transparent data-[focus-visible=true]:z-10 data-[focus-visible=true]:outline-2 data-[focus-visible=true]:outline-focus data-[focus-visible=true]:outline-offset-2 w-10 h-10 text-tiny bg-default text-default-foreground rounded-full -ms-2 data-[hover=true]:-translate-x-3 rtl:data-[hover=true]:translate-x-3 transition-transform data-[focus-visible=true]:-translate-x-3 rtl:data-[focus-visible=true]:translate-x-3 hover:-translate-x-0"
      tabindex="-1"
    >
      <span
        aria-label="+1"
        class="absolute top-1/2 left-1/2 -translate-x-1/2 -translate-y-1/2 font-normal text-center text-inherit"
        role="img"
      >
        +1
      </span>
    </span>
  </div>
</div>
`;

exports[`Story Snapshots > Fallback 1`] = `
<div>
  <div
    class="flex items-center justify-center h-auto w-max"
    role="group"
  >
    <span
      class="flex relative justify-center items-center box-border overflow-hidden align-middle z-0 outline-solid outline-transparent data-[focus-visible=true]:z-10 data-[focus-visible=true]:outline-2 data-[focus-visible=true]:outline-focus data-[focus-visible=true]:outline-offset-2 w-10 h-10 text-tiny bg-default text-default-foreground rounded-full data-[hover=true]:-translate-x-3 rtl:data-[hover=true]:translate-x-3 transition-transform data-[focus-visible=true]:-translate-x-3 rtl:data-[focus-visible=true]:translate-x-3 ms-0"
      tabindex="-1"
    >
      <div
        aria-label="avatar"
        class="absolute top-1/2 left-1/2 -translate-x-1/2 -translate-y-1/2 flex items-center justify-center"
        role="img"
      >
        JD
      </div>
    </span>
    <span
      class="flex relative justify-center items-center box-border overflow-hidden align-middle z-0 outline-solid outline-transparent data-[focus-visible=true]:z-10 data-[focus-visible=true]:outline-2 data-[focus-visible=true]:outline-focus data-[focus-visible=true]:outline-offset-2 w-10 h-10 text-tiny bg-default text-default-foreground rounded-full data-[hover=true]:-translate-x-3 rtl:data-[hover=true]:translate-x-3 transition-transform data-[focus-visible=true]:-translate-x-3 rtl:data-[focus-visible=true]:translate-x-3 -ms-2"
      tabindex="-1"
    >
      <img
        alt="avatar"
        class="flex object-cover w-full h-full transition-opacity !duration-500 opacity-0 data-[loaded=true]:opacity-100"
        src="/src/Avatar/sample_image/avatar.png"
      />
    </span>
    <span
      class="flex relative justify-center items-center box-border overflow-hidden align-middle z-0 outline-solid outline-transparent data-[focus-visible=true]:z-10 data-[focus-visible=true]:outline-2 data-[focus-visible=true]:outline-focus data-[focus-visible=true]:outline-offset-2 w-10 h-10 text-tiny bg-default text-default-foreground rounded-full data-[hover=true]:-translate-x-3 rtl:data-[hover=true]:translate-x-3 transition-transform data-[focus-visible=true]:-translate-x-3 rtl:data-[focus-visible=true]:translate-x-3 -ms-2"
      tabindex="-1"
    >
      <div
        aria-label="avatar"
        class="absolute top-1/2 left-1/2 -translate-x-1/2 -translate-y-1/2 flex items-center justify-center"
        role="img"
      >
        UK
      </div>
    </span>
    <span
      class="flex relative justify-center items-center box-border overflow-hidden align-middle z-0 outline-solid outline-transparent data-[focus-visible=true]:z-10 data-[focus-visible=true]:outline-2 data-[focus-visible=true]:outline-focus data-[focus-visible=true]:outline-offset-2 w-10 h-10 text-tiny bg-default text-default-foreground rounded-full -ms-2 data-[hover=true]:-translate-x-3 rtl:data-[hover=true]:translate-x-3 transition-transform data-[focus-visible=true]:-translate-x-3 rtl:data-[focus-visible=true]:translate-x-3 hover:-translate-x-0"
      tabindex="-1"
    >
      <span
        aria-label="+1"
        class="absolute top-1/2 left-1/2 -translate-x-1/2 -translate-y-1/2 font-normal text-center text-inherit"
        role="img"
      >
        +1
      </span>
    </span>
  </div>
</div>
`;

exports[`Story Snapshots > OneDisabled 1`] = `
<div>
  <div
    class="flex items-center justify-center h-auto w-max"
    role="group"
  >
    <span
      class="flex relative justify-center items-center box-border overflow-hidden align-middle z-0 outline-solid outline-transparent data-[focus-visible=true]:z-10 data-[focus-visible=true]:outline-2 data-[focus-visible=true]:outline-focus data-[focus-visible=true]:outline-offset-2 w-10 h-10 text-tiny bg-default text-default-foreground rounded-full data-[hover=true]:-translate-x-3 rtl:data-[hover=true]:translate-x-3 transition-transform data-[focus-visible=true]:-translate-x-3 rtl:data-[focus-visible=true]:translate-x-3 ms-0"
      tabindex="-1"
    >
      <img
        alt="avatar"
        class="flex object-cover w-full h-full transition-opacity !duration-500 opacity-0 data-[loaded=true]:opacity-100"
        src="/src/Avatar/sample_image/avatar.png"
      />
    </span>
    <span
      class="flex relative justify-center items-center box-border overflow-hidden align-middle z-0 outline-solid outline-transparent data-[focus-visible=true]:z-10 data-[focus-visible=true]:outline-2 data-[focus-visible=true]:outline-focus data-[focus-visible=true]:outline-offset-2 w-10 h-10 text-tiny bg-default text-default-foreground rounded-full opacity-disabled data-[hover=true]:-translate-x-3 rtl:data-[hover=true]:translate-x-3 transition-transform data-[focus-visible=true]:-translate-x-3 rtl:data-[focus-visible=true]:translate-x-3 -ms-2"
      tabindex="-1"
    >
      <img
        alt="avatar"
        class="flex object-cover w-full h-full transition-opacity !duration-500 opacity-0 data-[loaded=true]:opacity-100"
        src="/src/Avatar/sample_image/avatar.png"
      />
    </span>
    <span
      class="flex relative justify-center items-center box-border overflow-hidden align-middle z-0 outline-solid outline-transparent data-[focus-visible=true]:z-10 data-[focus-visible=true]:outline-2 data-[focus-visible=true]:outline-focus data-[focus-visible=true]:outline-offset-2 w-10 h-10 text-tiny bg-default text-default-foreground rounded-full data-[hover=true]:-translate-x-3 rtl:data-[hover=true]:translate-x-3 transition-transform data-[focus-visible=true]:-translate-x-3 rtl:data-[focus-visible=true]:translate-x-3 -ms-2"
      tabindex="-1"
    >
      <img
        alt="avatar"
        class="flex object-cover w-full h-full transition-opacity !duration-500 opacity-0 data-[loaded=true]:opacity-100"
        src="/src/Avatar/sample_image/avatar.png"
      />
    </span>
    <span
      class="flex relative justify-center items-center box-border overflow-hidden align-middle z-0 outline-solid outline-transparent data-[focus-visible=true]:z-10 data-[focus-visible=true]:outline-2 data-[focus-visible=true]:outline-focus data-[focus-visible=true]:outline-offset-2 w-10 h-10 text-tiny bg-default text-default-foreground rounded-full -ms-2 data-[hover=true]:-translate-x-3 rtl:data-[hover=true]:translate-x-3 transition-transform data-[focus-visible=true]:-translate-x-3 rtl:data-[focus-visible=true]:translate-x-3 hover:-translate-x-0"
      tabindex="-1"
    >
      <span
        aria-label="+1"
        class="absolute top-1/2 left-1/2 -translate-x-1/2 -translate-y-1/2 font-normal text-center text-inherit"
        role="img"
      >
        +1
      </span>
    </span>
  </div>
</div>
`;

exports[`Story Snapshots > WithImage 1`] = `
<div>
  <div
    class="flex items-center justify-center h-auto w-max"
    role="group"
  >
    <span
      class="flex relative justify-center items-center box-border overflow-hidden align-middle z-0 outline-solid outline-transparent data-[focus-visible=true]:z-10 data-[focus-visible=true]:outline-2 data-[focus-visible=true]:outline-focus data-[focus-visible=true]:outline-offset-2 w-10 h-10 text-tiny bg-default text-default-foreground rounded-full data-[hover=true]:-translate-x-3 rtl:data-[hover=true]:translate-x-3 transition-transform data-[focus-visible=true]:-translate-x-3 rtl:data-[focus-visible=true]:translate-x-3 ms-0"
      tabindex="-1"
    >
      <img
        alt="avatar"
        class="flex object-cover w-full h-full transition-opacity !duration-500 opacity-0 data-[loaded=true]:opacity-100"
        src="/src/Avatar/sample_image/avatar.png"
      />
    </span>
    <span
      class="flex relative justify-center items-center box-border overflow-hidden align-middle z-0 outline-solid outline-transparent data-[focus-visible=true]:z-10 data-[focus-visible=true]:outline-2 data-[focus-visible=true]:outline-focus data-[focus-visible=true]:outline-offset-2 w-10 h-10 text-tiny bg-default text-default-foreground rounded-full data-[hover=true]:-translate-x-3 rtl:data-[hover=true]:translate-x-3 transition-transform data-[focus-visible=true]:-translate-x-3 rtl:data-[focus-visible=true]:translate-x-3 -ms-2"
      tabindex="-1"
    >
      <img
        alt="avatar"
        class="flex object-cover w-full h-full transition-opacity !duration-500 opacity-0 data-[loaded=true]:opacity-100"
        src="/src/Avatar/sample_image/avatar.png"
      />
    </span>
    <span
      class="flex relative justify-center items-center box-border overflow-hidden align-middle z-0 outline-solid outline-transparent data-[focus-visible=true]:z-10 data-[focus-visible=true]:outline-2 data-[focus-visible=true]:outline-focus data-[focus-visible=true]:outline-offset-2 w-10 h-10 text-tiny bg-default text-default-foreground rounded-full data-[hover=true]:-translate-x-3 rtl:data-[hover=true]:translate-x-3 transition-transform data-[focus-visible=true]:-translate-x-3 rtl:data-[focus-visible=true]:translate-x-3 -ms-2"
      tabindex="-1"
    >
      <img
        alt="avatar"
        class="flex object-cover w-full h-full transition-opacity !duration-500 opacity-0 data-[loaded=true]:opacity-100"
        src="/src/Avatar/sample_image/avatar.png"
      />
    </span>
    <span
      class="flex relative justify-center items-center box-border overflow-hidden align-middle z-0 outline-solid outline-transparent data-[focus-visible=true]:z-10 data-[focus-visible=true]:outline-2 data-[focus-visible=true]:outline-focus data-[focus-visible=true]:outline-offset-2 w-10 h-10 text-tiny bg-default text-default-foreground rounded-full -ms-2 data-[hover=true]:-translate-x-3 rtl:data-[hover=true]:translate-x-3 transition-transform data-[focus-visible=true]:-translate-x-3 rtl:data-[focus-visible=true]:translate-x-3 hover:-translate-x-0"
      tabindex="-1"
    >
      <span
        aria-label="+1"
        class="absolute top-1/2 left-1/2 -translate-x-1/2 -translate-y-1/2 font-normal text-center text-inherit"
        role="img"
      >
        +1
      </span>
    </span>
  </div>
</div>
`;

exports[`Story Snapshots > WithWrapper 1`] = `
<div>
  <div
    class="flex items-center justify-center h-auto w-max"
    role="group"
  >
    <button
      class="ms-0"
    >
      <span
        class="flex relative justify-center items-center box-border overflow-hidden align-middle z-0 outline-solid outline-transparent data-[focus-visible=true]:z-10 data-[focus-visible=true]:outline-2 data-[focus-visible=true]:outline-focus data-[focus-visible=true]:outline-offset-2 w-10 h-10 text-tiny bg-default text-default-foreground rounded-full ring-2 ring-offset-2 ring-offset-background dark:ring-offset-background-dark -ms-2 data-[hover=true]:-translate-x-3 rtl:data-[hover=true]:translate-x-3 transition-transform data-[focus-visible=true]:-translate-x-3 rtl:data-[focus-visible=true]:translate-x-3 ring-default"
        tabindex="-1"
      >
        <img
          alt="avatar"
          class="flex object-cover w-full h-full transition-opacity !duration-500 opacity-0 data-[loaded=true]:opacity-100"
          src="/src/Avatar/sample_image/avatar.png"
        />
      </span>
    </button>
    <button
      class="-ms-2"
    >
      <span
        class="flex relative justify-center items-center box-border overflow-hidden align-middle z-0 outline-solid outline-transparent data-[focus-visible=true]:z-10 data-[focus-visible=true]:outline-2 data-[focus-visible=true]:outline-focus data-[focus-visible=true]:outline-offset-2 w-10 h-10 text-tiny bg-default text-default-foreground rounded-full ring-2 ring-offset-2 ring-offset-background dark:ring-offset-background-dark -ms-2 data-[hover=true]:-translate-x-3 rtl:data-[hover=true]:translate-x-3 transition-transform data-[focus-visible=true]:-translate-x-3 rtl:data-[focus-visible=true]:translate-x-3 ring-default"
        tabindex="-1"
      >
        <img
          alt="avatar"
          class="flex object-cover w-full h-full transition-opacity !duration-500 opacity-0 data-[loaded=true]:opacity-100"
          src="/src/Avatar/sample_image/avatar.png"
        />
      </span>
    </button>
    <button
      class="-ms-2"
    >
      <span
        class="flex relative justify-center items-center box-border overflow-hidden align-middle z-0 outline-solid outline-transparent data-[focus-visible=true]:z-10 data-[focus-visible=true]:outline-2 data-[focus-visible=true]:outline-focus data-[focus-visible=true]:outline-offset-2 w-10 h-10 text-tiny bg-default text-default-foreground rounded-full ring-2 ring-offset-2 ring-offset-background dark:ring-offset-background-dark -ms-2 data-[hover=true]:-translate-x-3 rtl:data-[hover=true]:translate-x-3 transition-transform data-[focus-visible=true]:-translate-x-3 rtl:data-[focus-visible=true]:translate-x-3 ring-default"
        tabindex="-1"
      >
        <img
          alt="avatar"
          class="flex object-cover w-full h-full transition-opacity !duration-500 opacity-0 data-[loaded=true]:opacity-100"
          src="/src/Avatar/sample_image/avatar.png"
        />
      </span>
    </button>
    <span
      class="flex relative justify-center items-center box-border overflow-hidden align-middle z-0 outline-solid outline-transparent data-[focus-visible=true]:z-10 data-[focus-visible=true]:outline-2 data-[focus-visible=true]:outline-focus data-[focus-visible=true]:outline-offset-2 w-10 h-10 text-tiny bg-default text-default-foreground rounded-full ring-2 ring-offset-2 ring-offset-background dark:ring-offset-background-dark -ms-2 data-[hover=true]:-translate-x-3 rtl:data-[hover=true]:translate-x-3 transition-transform data-[focus-visible=true]:-translate-x-3 rtl:data-[focus-visible=true]:translate-x-3 ring-default hover:-translate-x-0"
      tabindex="-1"
    >
      <span
        aria-label="+1"
        class="absolute top-1/2 left-1/2 -translate-x-1/2 -translate-y-1/2 font-normal text-center text-inherit"
        role="img"
      >
        +1
      </span>
    </span>
  </div>
</div>
`;
