// Vitest Snapshot v1, https://vitest.dev/guide/snapshot.html

exports[`Story Snapshots > Default 1`] = `
<div>
  <button
    class="z-0 group relative inline-flex items-center justify-center box-border appearance-none select-none whitespace-nowrap font-normal subpixel-antialiased overflow-hidden tap-highlight-transparent data-[pressed=true]:scale-[0.97] outline-none data-[focus-visible=true]:z-10 data-[focus-visible=true]:outline-2 data-[focus-visible=true]:outline-focus data-[focus-visible=true]:outline-offset-2 text-tiny gap-2 rounded-small px-0 !gap-0 transition-transform-colors-opacity motion-reduce:transition-none text-default-foreground data-[hover=true]:bg-default/40 min-w-8 w-8 h-8 bg-transparent pointer-events-auto"
    tabindex="0"
    type="button"
  >
    <span
      data-testid="icon-FaBullseye"
    >
      FaBullseye
    </span>
  </button>
</div>
`;
