// Vitest Snapshot v1, https://vitest.dev/guide/snapshot.html

exports[`Story Snapshots > Default 1`] = `
<div>
  <div
    class="flex w-full flex-row justify-between gap-6"
  >
    <form
      class="flex-grow min-w-60"
      data-testid=""
    >
      <div
        class="group flex flex-col data-[hidden=true]:hidden w-full"
        data-filled="true"
        data-filled-within="true"
        data-slot="base"
      >
        <div
          class="relative w-full inline-flex tap-highlight-transparent flex-row items-center shadow-sm px-3 gap-3 border-medium border-default-200 data-[hover=true]:border-default-400 h-10 min-h-10 rounded-medium !h-auto transition-background !duration-150 transition-colors motion-reduce:transition-none py-2 group-data-[focus=true]:border-focus"
          data-has-multiple-rows="true"
          data-slot="input-wrapper"
          style="cursor: text;"
        >
          <div
            class="inline-flex w-full h-full box-border items-start group-data-[has-label=true]:items-start"
            data-slot="inner-wrapper"
          >
            <textarea
              aria-describedby="react-aria-react-useId-mock react-aria-react-useId-mock"
              aria-label=" "
              class="w-full font-normal bg-transparent !outline-none placeholder:text-foreground-500 focus-visible:outline-none data-[has-start-content=true]:ps-1.5 data-[has-end-content=true]:pe-1.5 file:cursor-pointer file:bg-transparent file:border-0 autofill:bg-transparent bg-clip-text text-small resize-none data-[hide-scroll=true]:scrollbar-hide transition-height !duration-100 motion-reduce:transition-none"
              data-hide-scroll="true"
              data-slot="input"
              data-testid="textareafield"
              id="react-aria-react-useId-mock"
              name="textareaField"
              placeholder=" "
            />
          </div>
        </div>
      </div>
      <div
        class="mt-4 flex justify-end"
      >
        <button
          class="z-0 group relative inline-flex items-center justify-center box-border appearance-none select-none whitespace-nowrap font-normal subpixel-antialiased overflow-hidden tap-highlight-transparent data-[pressed=true]:scale-[0.97] outline-none data-[focus-visible=true]:z-10 data-[focus-visible=true]:outline-2 data-[focus-visible=true]:outline-focus data-[focus-visible=true]:outline-offset-2 px-4 min-w-20 h-10 text-small gap-2 rounded-medium [&>svg]:max-w-[theme(spacing.8)] transition-transform-colors-opacity motion-reduce:transition-none bg-success data-[hover=true]:opacity-hover text-white"
          data-testid="form_submit_button"
          type="submit"
        >
          Submit
        </button>
      </div>
    </form>
    <button
      aria-label="Enable form debug mode"
      class="z-0 group inline-flex items-center justify-center box-border appearance-none select-none whitespace-nowrap font-normal subpixel-antialiased overflow-hidden tap-highlight-transparent data-[pressed=true]:scale-[0.97] outline-none data-[focus-visible=true]:z-10 data-[focus-visible=true]:outline-2 data-[focus-visible=true]:outline-focus data-[focus-visible=true]:outline-offset-2 text-small gap-2 rounded-medium px-0 !gap-0 transition-transform-colors-opacity motion-reduce:transition-none bg-transparent data-[hover=true]:bg-default/40 min-w-10 h-10 fixed bottom-2.5 right-2.5 w-5 text-default-400"
      type="button"
    >
      <svg
        fill="currentColor"
        height="1em"
        stroke="currentColor"
        stroke-width="0"
        viewBox="0 0 512 512"
        width="1em"
        xmlns="http://www.w3.org/2000/svg"
      >
        <path
          d="M256 0c53 0 96 43 96 96l0 3.6c0 15.7-12.7 28.4-28.4 28.4l-135.1 0c-15.7 0-28.4-12.7-28.4-28.4l0-3.6c0-53 43-96 96-96zM41.4 105.4c12.5-12.5 32.8-12.5 45.3 0l64 64c.7 .7 1.3 1.4 1.9 2.1c14.2-7.3 30.4-11.4 47.5-11.4l112 0c17.1 0 33.2 4.1 47.5 11.4c.6-.7 1.2-1.4 1.9-2.1l64-64c12.5-12.5 32.8-12.5 45.3 0s12.5 32.8 0 45.3l-64 64c-.7 .7-1.4 1.3-2.1 1.9c6.2 12 10.1 25.3 11.1 39.5l64.3 0c17.7 0 32 14.3 32 32s-14.3 32-32 32l-64 0c0 24.6-5.5 47.8-15.4 68.6c2.2 1.3 4.2 2.9 6 4.8l64 64c12.5 12.5 12.5 32.8 0 45.3s-32.8 12.5-45.3 0l-63.1-63.1c-24.5 21.8-55.8 36.2-90.3 39.6L272 240c0-8.8-7.2-16-16-16s-16 7.2-16 16l0 239.2c-34.5-3.4-65.8-17.8-90.3-39.6L86.6 502.6c-12.5 12.5-32.8 12.5-45.3 0s-12.5-32.8 0-45.3l64-64c1.9-1.9 3.9-3.4 6-4.8C101.5 367.8 96 344.6 96 320l-64 0c-17.7 0-32-14.3-32-32s14.3-32 32-32l64.3 0c1.1-14.1 5-27.5 11.1-39.5c-.7-.6-1.4-1.2-2.1-1.9l-64-64c-12.5-12.5-12.5-32.8 0-45.3z"
        />
      </svg>
    </button>
  </div>
</div>
`;

exports[`Story Snapshots > Invalid 1`] = `
<div>
  <div
    class="flex w-full flex-row justify-between gap-6"
  >
    <form
      class="flex-grow min-w-60"
      data-testid=""
    >
      <div
        class="group flex flex-col data-[hidden=true]:hidden w-full"
        data-filled="true"
        data-filled-within="true"
        data-has-elements="true"
        data-has-label="true"
        data-required="true"
        data-slot="base"
      >
        <label
          class="z-10 pointer-events-none origin-top-left rtl:origin-top-right subpixel-antialiased block text-small text-foreground-500 after:content-['*'] after:text-danger after:ml-0.5 rtl:after:ml-[unset] rtl:after:mr-0.5 relative will-change-auto !duration-200 !ease-out motion-reduce:transition-none transition-[transform,color,left,opacity] group-data-[filled-within=true]:text-foreground group-data-[filled-within=true]:pointer-events-auto pb-1.5 pe-2 max-w-full text-ellipsis overflow-hidden"
          data-slot="label"
          for="react-aria-react-useId-mock"
          id="react-aria-react-useId-mock"
        >
          Text Area
        </label>
        <div
          class="relative w-full inline-flex tap-highlight-transparent flex-row items-center shadow-sm px-3 gap-3 border-medium border-default-200 data-[hover=true]:border-default-400 h-10 min-h-10 rounded-medium !h-auto transition-background !duration-150 transition-colors motion-reduce:transition-none py-2 group-data-[focus=true]:border-focus"
          data-has-multiple-rows="true"
          data-slot="input-wrapper"
          style="cursor: text;"
        >
          <div
            class="inline-flex w-full h-full box-border items-start group-data-[has-label=true]:items-start"
            data-slot="inner-wrapper"
          >
            <textarea
              aria-describedby="react-aria-react-useId-mock react-aria-react-useId-mock"
              aria-label=" "
              aria-labelledby="react-aria-react-useId-mock"
              aria-required="true"
              class="w-full font-normal bg-transparent !outline-none placeholder:text-foreground-500 focus-visible:outline-none data-[has-start-content=true]:ps-1.5 data-[has-end-content=true]:pe-1.5 file:cursor-pointer file:bg-transparent file:border-0 autofill:bg-transparent bg-clip-text text-small resize-none data-[hide-scroll=true]:scrollbar-hide transition-height !duration-100 motion-reduce:transition-none"
              data-hide-scroll="true"
              data-slot="input"
              data-testid="textareafield"
              id="react-aria-react-useId-mock"
              name="textareaField"
              placeholder=" "
            />
          </div>
        </div>
      </div>
      <div
        class="mt-4 flex justify-end"
      >
        <button
          class="z-0 group relative inline-flex items-center justify-center box-border appearance-none select-none whitespace-nowrap font-normal subpixel-antialiased overflow-hidden tap-highlight-transparent data-[pressed=true]:scale-[0.97] outline-none data-[focus-visible=true]:z-10 data-[focus-visible=true]:outline-2 data-[focus-visible=true]:outline-focus data-[focus-visible=true]:outline-offset-2 px-4 min-w-20 h-10 text-small gap-2 rounded-medium [&>svg]:max-w-[theme(spacing.8)] transition-transform-colors-opacity motion-reduce:transition-none bg-success data-[hover=true]:opacity-hover text-white"
          data-testid="form_submit_button"
          type="submit"
        >
          Submit
        </button>
      </div>
    </form>
    <button
      aria-label="Enable form debug mode"
      class="z-0 group inline-flex items-center justify-center box-border appearance-none select-none whitespace-nowrap font-normal subpixel-antialiased overflow-hidden tap-highlight-transparent data-[pressed=true]:scale-[0.97] outline-none data-[focus-visible=true]:z-10 data-[focus-visible=true]:outline-2 data-[focus-visible=true]:outline-focus data-[focus-visible=true]:outline-offset-2 text-small gap-2 rounded-medium px-0 !gap-0 transition-transform-colors-opacity motion-reduce:transition-none bg-transparent data-[hover=true]:bg-default/40 min-w-10 h-10 fixed bottom-2.5 right-2.5 w-5 text-default-400"
      type="button"
    >
      <svg
        fill="currentColor"
        height="1em"
        stroke="currentColor"
        stroke-width="0"
        viewBox="0 0 512 512"
        width="1em"
        xmlns="http://www.w3.org/2000/svg"
      >
        <path
          d="M256 0c53 0 96 43 96 96l0 3.6c0 15.7-12.7 28.4-28.4 28.4l-135.1 0c-15.7 0-28.4-12.7-28.4-28.4l0-3.6c0-53 43-96 96-96zM41.4 105.4c12.5-12.5 32.8-12.5 45.3 0l64 64c.7 .7 1.3 1.4 1.9 2.1c14.2-7.3 30.4-11.4 47.5-11.4l112 0c17.1 0 33.2 4.1 47.5 11.4c.6-.7 1.2-1.4 1.9-2.1l64-64c12.5-12.5 32.8-12.5 45.3 0s12.5 32.8 0 45.3l-64 64c-.7 .7-1.4 1.3-2.1 1.9c6.2 12 10.1 25.3 11.1 39.5l64.3 0c17.7 0 32 14.3 32 32s-14.3 32-32 32l-64 0c0 24.6-5.5 47.8-15.4 68.6c2.2 1.3 4.2 2.9 6 4.8l64 64c12.5 12.5 12.5 32.8 0 45.3s-32.8 12.5-45.3 0l-63.1-63.1c-24.5 21.8-55.8 36.2-90.3 39.6L272 240c0-8.8-7.2-16-16-16s-16 7.2-16 16l0 239.2c-34.5-3.4-65.8-17.8-90.3-39.6L86.6 502.6c-12.5 12.5-32.8 12.5-45.3 0s-12.5-32.8 0-45.3l64-64c1.9-1.9 3.9-3.4 6-4.8C101.5 367.8 96 344.6 96 320l-64 0c-17.7 0-32-14.3-32-32s14.3-32 32-32l64.3 0c1.1-14.1 5-27.5 11.1-39.5c-.7-.6-1.4-1.2-2.1-1.9l-64-64c-12.5-12.5-12.5-32.8 0-45.3z"
        />
      </svg>
    </button>
  </div>
</div>
`;

exports[`Story Snapshots > Required 1`] = `
<div>
  <div
    class="flex w-full flex-row justify-between gap-6"
  >
    <form
      class="flex-grow min-w-60"
      data-testid=""
    >
      <div
        class="group flex flex-col data-[hidden=true]:hidden w-full"
        data-filled="true"
        data-filled-within="true"
        data-has-elements="true"
        data-has-label="true"
        data-required="true"
        data-slot="base"
      >
        <label
          class="z-10 pointer-events-none origin-top-left rtl:origin-top-right subpixel-antialiased block text-small text-foreground-500 after:content-['*'] after:text-danger after:ml-0.5 rtl:after:ml-[unset] rtl:after:mr-0.5 relative will-change-auto !duration-200 !ease-out motion-reduce:transition-none transition-[transform,color,left,opacity] group-data-[filled-within=true]:text-foreground group-data-[filled-within=true]:pointer-events-auto pb-1.5 pe-2 max-w-full text-ellipsis overflow-hidden"
          data-slot="label"
          for="react-aria-react-useId-mock"
          id="react-aria-react-useId-mock"
        >
          textareaField
        </label>
        <div
          class="relative w-full inline-flex tap-highlight-transparent flex-row items-center shadow-sm px-3 gap-3 border-medium border-default-200 data-[hover=true]:border-default-400 h-10 min-h-10 rounded-medium !h-auto transition-background !duration-150 transition-colors motion-reduce:transition-none py-2 group-data-[focus=true]:border-focus"
          data-has-multiple-rows="true"
          data-slot="input-wrapper"
          style="cursor: text;"
        >
          <div
            class="inline-flex w-full h-full box-border items-start group-data-[has-label=true]:items-start"
            data-slot="inner-wrapper"
          >
            <textarea
              aria-describedby="react-aria-react-useId-mock react-aria-react-useId-mock"
              aria-label=" "
              aria-labelledby="react-aria-react-useId-mock"
              aria-required="true"
              class="w-full font-normal bg-transparent !outline-none placeholder:text-foreground-500 focus-visible:outline-none data-[has-start-content=true]:ps-1.5 data-[has-end-content=true]:pe-1.5 file:cursor-pointer file:bg-transparent file:border-0 autofill:bg-transparent bg-clip-text text-small resize-none data-[hide-scroll=true]:scrollbar-hide transition-height !duration-100 motion-reduce:transition-none"
              data-hide-scroll="true"
              data-slot="input"
              data-testid="textareafield"
              id="react-aria-react-useId-mock"
              name="textareaField"
              placeholder=" "
            />
          </div>
        </div>
      </div>
      <div
        class="mt-4 flex justify-end"
      >
        <button
          class="z-0 group relative inline-flex items-center justify-center box-border appearance-none select-none whitespace-nowrap font-normal subpixel-antialiased overflow-hidden tap-highlight-transparent data-[pressed=true]:scale-[0.97] outline-none data-[focus-visible=true]:z-10 data-[focus-visible=true]:outline-2 data-[focus-visible=true]:outline-focus data-[focus-visible=true]:outline-offset-2 px-4 min-w-20 h-10 text-small gap-2 rounded-medium [&>svg]:max-w-[theme(spacing.8)] transition-transform-colors-opacity motion-reduce:transition-none bg-success data-[hover=true]:opacity-hover text-white"
          data-testid="form_submit_button"
          type="submit"
        >
          Submit
        </button>
      </div>
    </form>
    <button
      aria-label="Enable form debug mode"
      class="z-0 group inline-flex items-center justify-center box-border appearance-none select-none whitespace-nowrap font-normal subpixel-antialiased overflow-hidden tap-highlight-transparent data-[pressed=true]:scale-[0.97] outline-none data-[focus-visible=true]:z-10 data-[focus-visible=true]:outline-2 data-[focus-visible=true]:outline-focus data-[focus-visible=true]:outline-offset-2 text-small gap-2 rounded-medium px-0 !gap-0 transition-transform-colors-opacity motion-reduce:transition-none bg-transparent data-[hover=true]:bg-default/40 min-w-10 h-10 fixed bottom-2.5 right-2.5 w-5 text-default-400"
      type="button"
    >
      <svg
        fill="currentColor"
        height="1em"
        stroke="currentColor"
        stroke-width="0"
        viewBox="0 0 512 512"
        width="1em"
        xmlns="http://www.w3.org/2000/svg"
      >
        <path
          d="M256 0c53 0 96 43 96 96l0 3.6c0 15.7-12.7 28.4-28.4 28.4l-135.1 0c-15.7 0-28.4-12.7-28.4-28.4l0-3.6c0-53 43-96 96-96zM41.4 105.4c12.5-12.5 32.8-12.5 45.3 0l64 64c.7 .7 1.3 1.4 1.9 2.1c14.2-7.3 30.4-11.4 47.5-11.4l112 0c17.1 0 33.2 4.1 47.5 11.4c.6-.7 1.2-1.4 1.9-2.1l64-64c12.5-12.5 32.8-12.5 45.3 0s12.5 32.8 0 45.3l-64 64c-.7 .7-1.4 1.3-2.1 1.9c6.2 12 10.1 25.3 11.1 39.5l64.3 0c17.7 0 32 14.3 32 32s-14.3 32-32 32l-64 0c0 24.6-5.5 47.8-15.4 68.6c2.2 1.3 4.2 2.9 6 4.8l64 64c12.5 12.5 12.5 32.8 0 45.3s-32.8 12.5-45.3 0l-63.1-63.1c-24.5 21.8-55.8 36.2-90.3 39.6L272 240c0-8.8-7.2-16-16-16s-16 7.2-16 16l0 239.2c-34.5-3.4-65.8-17.8-90.3-39.6L86.6 502.6c-12.5 12.5-32.8 12.5-45.3 0s-12.5-32.8 0-45.3l64-64c1.9-1.9 3.9-3.4 6-4.8C101.5 367.8 96 344.6 96 320l-64 0c-17.7 0-32-14.3-32-32s14.3-32 32-32l64.3 0c1.1-14.1 5-27.5 11.1-39.5c-.7-.6-1.4-1.2-2.1-1.9l-64-64c-12.5-12.5-12.5-32.8 0-45.3z"
        />
      </svg>
    </button>
  </div>
</div>
`;

exports[`Story Snapshots > WithInitialValue 1`] = `
<div>
  <div
    class="flex w-full flex-row justify-between gap-6"
  >
    <form
      class="flex-grow min-w-60"
      data-testid=""
    >
      <div
        class="group flex flex-col data-[hidden=true]:hidden w-full is-filled"
        data-filled="true"
        data-filled-within="true"
        data-has-value="true"
        data-slot="base"
      >
        <div
          class="relative w-full inline-flex tap-highlight-transparent flex-row items-center shadow-sm px-3 gap-3 border-medium border-default-200 data-[hover=true]:border-default-400 h-10 min-h-10 rounded-medium !h-auto transition-background !duration-150 transition-colors motion-reduce:transition-none py-2 group-data-[focus=true]:border-focus is-filled"
          data-has-multiple-rows="true"
          data-slot="input-wrapper"
          style="cursor: text;"
        >
          <div
            class="inline-flex w-full h-full box-border items-start group-data-[has-label=true]:items-start"
            data-slot="inner-wrapper"
          >
            <textarea
              aria-describedby="react-aria-react-useId-mock react-aria-react-useId-mock"
              aria-label=" "
              class="w-full font-normal bg-transparent !outline-none placeholder:text-foreground-500 focus-visible:outline-none data-[has-start-content=true]:ps-1.5 data-[has-end-content=true]:pe-1.5 file:cursor-pointer file:bg-transparent file:border-0 autofill:bg-transparent bg-clip-text text-small resize-none data-[hide-scroll=true]:scrollbar-hide transition-height !duration-100 motion-reduce:transition-none is-filled"
              data-filled="true"
              data-filled-within="true"
              data-hide-scroll="true"
              data-slot="input"
              data-testid="textareafield"
              id="react-aria-react-useId-mock"
              name="textareaField"
              placeholder=" "
            >
              Lorem ipsum dolor sit amet, consetetur sadipscing elitr, sed diam nonumy eirmod tempor invidunt ut labore et dolore magna aliquyam erat, sed diam voluptua. At vero eos et accusam et justo duo dolores et ea rebum. Stet clita kasd gubergren, no sea takimata sanctus est Lorem ipsum dolor sit amet. Lorem ipsum dolor sit amet, consetetur sadipscing elitr, sed diam nonumy eirmod tempor invidunt ut labore et dolore magna aliquyam erat, sed diam voluptua. At vero eos et accusam et justo duo dolores et ea rebum. Stet clita kasd gubergren, no sea takimata sanctus est Lorem ipsum dolor sit amet.
            </textarea>
          </div>
        </div>
      </div>
      <div
        class="mt-4 flex justify-end"
      >
        <button
          class="z-0 group relative inline-flex items-center justify-center box-border appearance-none select-none whitespace-nowrap font-normal subpixel-antialiased overflow-hidden tap-highlight-transparent data-[pressed=true]:scale-[0.97] outline-none data-[focus-visible=true]:z-10 data-[focus-visible=true]:outline-2 data-[focus-visible=true]:outline-focus data-[focus-visible=true]:outline-offset-2 px-4 min-w-20 h-10 text-small gap-2 rounded-medium [&>svg]:max-w-[theme(spacing.8)] transition-transform-colors-opacity motion-reduce:transition-none bg-success data-[hover=true]:opacity-hover text-white"
          data-testid="form_submit_button"
          type="submit"
        >
          Submit
        </button>
      </div>
    </form>
    <button
      aria-label="Enable form debug mode"
      class="z-0 group inline-flex items-center justify-center box-border appearance-none select-none whitespace-nowrap font-normal subpixel-antialiased overflow-hidden tap-highlight-transparent data-[pressed=true]:scale-[0.97] outline-none data-[focus-visible=true]:z-10 data-[focus-visible=true]:outline-2 data-[focus-visible=true]:outline-focus data-[focus-visible=true]:outline-offset-2 text-small gap-2 rounded-medium px-0 !gap-0 transition-transform-colors-opacity motion-reduce:transition-none bg-transparent data-[hover=true]:bg-default/40 min-w-10 h-10 fixed bottom-2.5 right-2.5 w-5 text-default-400"
      type="button"
    >
      <svg
        fill="currentColor"
        height="1em"
        stroke="currentColor"
        stroke-width="0"
        viewBox="0 0 512 512"
        width="1em"
        xmlns="http://www.w3.org/2000/svg"
      >
        <path
          d="M256 0c53 0 96 43 96 96l0 3.6c0 15.7-12.7 28.4-28.4 28.4l-135.1 0c-15.7 0-28.4-12.7-28.4-28.4l0-3.6c0-53 43-96 96-96zM41.4 105.4c12.5-12.5 32.8-12.5 45.3 0l64 64c.7 .7 1.3 1.4 1.9 2.1c14.2-7.3 30.4-11.4 47.5-11.4l112 0c17.1 0 33.2 4.1 47.5 11.4c.6-.7 1.2-1.4 1.9-2.1l64-64c12.5-12.5 32.8-12.5 45.3 0s12.5 32.8 0 45.3l-64 64c-.7 .7-1.4 1.3-2.1 1.9c6.2 12 10.1 25.3 11.1 39.5l64.3 0c17.7 0 32 14.3 32 32s-14.3 32-32 32l-64 0c0 24.6-5.5 47.8-15.4 68.6c2.2 1.3 4.2 2.9 6 4.8l64 64c12.5 12.5 12.5 32.8 0 45.3s-32.8 12.5-45.3 0l-63.1-63.1c-24.5 21.8-55.8 36.2-90.3 39.6L272 240c0-8.8-7.2-16-16-16s-16 7.2-16 16l0 239.2c-34.5-3.4-65.8-17.8-90.3-39.6L86.6 502.6c-12.5 12.5-32.8 12.5-45.3 0s-12.5-32.8 0-45.3l64-64c1.9-1.9 3.9-3.4 6-4.8C101.5 367.8 96 344.6 96 320l-64 0c-17.7 0-32-14.3-32-32s14.3-32 32-32l64.3 0c1.1-14.1 5-27.5 11.1-39.5c-.7-.6-1.4-1.2-2.1-1.9l-64-64c-12.5-12.5-12.5-32.8 0-45.3z"
        />
      </svg>
    </button>
  </div>
</div>
`;
