// Vitest Snapshot v1, https://vitest.dev/guide/snapshot.html

exports[`Story Snapshots > Default 1`] = `
<div>
  <div
    class="flex w-full flex-row justify-between gap-6"
  >
    <form
      class="flex-grow min-w-60"
      data-testid=""
    >
      <div
        class="place-content-center"
      >
        <label
          class="group relative max-w-fit inline-flex items-center justify-start cursor-pointer touch-none tap-highlight-transparent select-none"
          data-invalid="false"
          data-required="false"
          data-testid="switchfield"
        >
          <input
            aria-labelledby=":r0:"
            class="font-inherit text-[100%] leading-[1.15] m-0 p-0 overflow-visible box-border absolute top-0 w-full h-full opacity-[0.0001] z-[1] cursor-pointer disabled:cursor-default"
            name="switchField"
            role="switch"
            type="checkbox"
            value=""
          />
          <span
            aria-hidden="true"
            class="px-1 relative inline-flex items-center justify-start flex-shrink-0 overflow-hidden bg-default-200 rounded-full outline-none group-data-[focus-visible=true]:z-10 group-data-[focus-visible=true]:ring-2 group-data-[focus-visible=true]:ring-focus group-data-[focus-visible=true]:ring-offset-2 group-data-[focus-visible=true]:ring-offset-background group-data-[selected=true]:bg-primary group-data-[selected=true]:text-primary-foreground w-12 h-7 transition-background"
          >
            <span
              class="z-10 flex items-center justify-center bg-white shadow-small rounded-full origin-right pointer-events-none w-5 h-5 text-small group-data-[selected=true]:ms-5 transition-all group-data-[pressed=true]:w-6 group-data-[selected]:group-data-[pressed]:ml-4"
            />
          </span>
          <span
            class="relative select-none ms-2 text-sm text-foreground subpixel-antialiased group-data-[invalid=true]:!text-danger group-data-[required=true]:after:ml-0.5 group-data-[required=true]:after:text-danger group-data-[required=true]:after:content-["*"]"
            id=":r0:"
          />
        </label>
      </div>
      <div
        class="mt-4 flex justify-end"
      >
        <button
          class="z-0 group relative inline-flex items-center justify-center box-border appearance-none select-none whitespace-nowrap font-normal subpixel-antialiased overflow-hidden tap-highlight-transparent data-[pressed=true]:scale-[0.97] outline-none data-[focus-visible=true]:z-10 data-[focus-visible=true]:outline-2 data-[focus-visible=true]:outline-focus data-[focus-visible=true]:outline-offset-2 px-4 min-w-20 h-10 text-small gap-2 rounded-medium [&>svg]:max-w-[theme(spacing.8)] transition-transform-colors-opacity motion-reduce:transition-none bg-success data-[hover=true]:opacity-hover text-white"
          data-testid="form_submit_button"
          type="submit"
        >
          Submit
        </button>
      </div>
    </form>
  </div>
</div>
`;

exports[`Story Snapshots > Disabled 1`] = `
<div>
  <div
    class="flex w-full flex-row justify-between gap-6"
  >
    <form
      class="flex-grow min-w-60"
      data-testid=""
    >
      <div
        class="place-content-center"
      >
        <label
          class="group relative max-w-fit inline-flex items-center justify-start cursor-pointer touch-none tap-highlight-transparent select-none opacity-disabled pointer-events-none"
          data-disabled="true"
          data-invalid="false"
          data-required="false"
          data-testid="switchfield"
        >
          <input
            aria-labelledby=":r2:"
            class="font-inherit text-[100%] leading-[1.15] m-0 p-0 overflow-visible box-border absolute top-0 w-full h-full opacity-[0.0001] z-[1] cursor-pointer disabled:cursor-default"
            disabled=""
            name="switchField"
            role="switch"
            type="checkbox"
            value=""
          />
          <span
            aria-hidden="true"
            class="px-1 relative inline-flex items-center justify-start flex-shrink-0 overflow-hidden bg-default-200 rounded-full outline-none group-data-[focus-visible=true]:z-10 group-data-[focus-visible=true]:ring-2 group-data-[focus-visible=true]:ring-focus group-data-[focus-visible=true]:ring-offset-2 group-data-[focus-visible=true]:ring-offset-background group-data-[selected=true]:bg-primary group-data-[selected=true]:text-primary-foreground w-12 h-7 transition-background"
          >
            <span
              class="z-10 flex items-center justify-center bg-white shadow-small rounded-full origin-right pointer-events-none w-5 h-5 text-small group-data-[selected=true]:ms-5 transition-all group-data-[pressed=true]:w-6 group-data-[selected]:group-data-[pressed]:ml-4"
            />
          </span>
          <span
            class="relative select-none ms-2 text-sm text-foreground subpixel-antialiased group-data-[invalid=true]:!text-danger group-data-[required=true]:after:ml-0.5 group-data-[required=true]:after:text-danger group-data-[required=true]:after:content-["*"]"
            id=":r2:"
          />
        </label>
      </div>
      <div
        class="mt-4 flex justify-end"
      >
        <button
          class="z-0 group relative inline-flex items-center justify-center box-border appearance-none select-none whitespace-nowrap font-normal subpixel-antialiased overflow-hidden tap-highlight-transparent data-[pressed=true]:scale-[0.97] outline-none data-[focus-visible=true]:z-10 data-[focus-visible=true]:outline-2 data-[focus-visible=true]:outline-focus data-[focus-visible=true]:outline-offset-2 px-4 min-w-20 h-10 text-small gap-2 rounded-medium [&>svg]:max-w-[theme(spacing.8)] transition-transform-colors-opacity motion-reduce:transition-none bg-success data-[hover=true]:opacity-hover text-white"
          data-testid="form_submit_button"
          type="submit"
        >
          Submit
        </button>
      </div>
    </form>
  </div>
</div>
`;

exports[`Story Snapshots > Invalid 1`] = `
<div>
  <div
    class="flex w-full flex-row justify-between gap-6"
  >
    <form
      class="flex-grow min-w-60"
      data-testid=""
    >
      <div
        class="place-content-center"
      >
        <label
          aria-describedby="react-aria-react-useId-mock react-aria-react-useId-mock"
          class="group relative max-w-fit inline-flex items-center justify-start cursor-pointer touch-none tap-highlight-transparent select-none"
          data-focus="true"
          data-hover="true"
          data-invalid="true"
          data-required="true"
          data-selected="true"
          data-testid="switchfield"
          required=""
        >
          <input
            aria-labelledby=":r4:"
            class="font-inherit text-[100%] leading-[1.15] m-0 p-0 overflow-visible box-border absolute top-0 w-full h-full opacity-[0.0001] z-[1] cursor-pointer disabled:cursor-default"
            name="switchField"
            role="switch"
            type="checkbox"
            value="true"
          />
          <span
            aria-hidden="true"
            class="px-1 relative inline-flex items-center justify-start flex-shrink-0 overflow-hidden bg-default-200 rounded-full outline-none group-data-[focus-visible=true]:z-10 group-data-[focus-visible=true]:ring-2 group-data-[focus-visible=true]:ring-focus group-data-[focus-visible=true]:ring-offset-2 group-data-[focus-visible=true]:ring-offset-background group-data-[selected=true]:bg-primary group-data-[selected=true]:text-primary-foreground w-12 h-7 transition-background"
          >
            <span
              class="z-10 flex items-center justify-center bg-white shadow-small rounded-full origin-right pointer-events-none w-5 h-5 text-small group-data-[selected=true]:ms-5 transition-all group-data-[pressed=true]:w-6 group-data-[selected]:group-data-[pressed]:ml-4"
            />
          </span>
          <span
            class="relative select-none ms-2 text-sm text-foreground subpixel-antialiased group-data-[invalid=true]:!text-danger group-data-[required=true]:after:ml-0.5 group-data-[required=true]:after:text-danger group-data-[required=true]:after:content-["*"]"
            id=":r4:"
          >
            switch
          </span>
        </label>
        <div
          class="ml-1 mt-1"
        >
          <div
            class="text-tiny text-danger"
            data-slot="error-message"
            id="react-aria-react-useId-mock"
          >
            <ul
              aria-label="Error: I want to be switched off"
              data-testid="i_want_to_be_switched_off"
            >
              <li>
                <div>
                  I want to be switched off
                </div>
              </li>
            </ul>
          </div>
        </div>
      </div>
      <div
        class="mt-4 flex justify-end"
      >
        <button
          class="z-0 group relative inline-flex items-center justify-center box-border appearance-none select-none whitespace-nowrap font-normal subpixel-antialiased overflow-hidden tap-highlight-transparent data-[pressed=true]:scale-[0.97] outline-none data-[focus-visible=true]:z-10 data-[focus-visible=true]:outline-2 data-[focus-visible=true]:outline-focus data-[focus-visible=true]:outline-offset-2 px-4 min-w-20 h-10 text-small gap-2 rounded-medium [&>svg]:max-w-[theme(spacing.8)] transition-transform-colors-opacity motion-reduce:transition-none bg-success data-[hover=true]:opacity-hover text-white"
          data-testid="form_submit_button"
          type="submit"
        >
          Submit
        </button>
      </div>
    </form>
  </div>
</div>
`;

exports[`Story Snapshots > Required 1`] = `
<div>
  <div
    class="flex w-full flex-row justify-between gap-6"
  >
    <form
      class="flex-grow min-w-60"
      data-testid=""
    >
      <div
        class="place-content-center"
      >
        <label
          class="group relative max-w-fit inline-flex items-center justify-start cursor-pointer touch-none tap-highlight-transparent select-none"
          data-invalid="false"
          data-required="true"
          data-testid="switchfield"
          required=""
        >
          <input
            aria-labelledby=":r3:"
            class="font-inherit text-[100%] leading-[1.15] m-0 p-0 overflow-visible box-border absolute top-0 w-full h-full opacity-[0.0001] z-[1] cursor-pointer disabled:cursor-default"
            name="switchField"
            role="switch"
            type="checkbox"
            value=""
          />
          <span
            aria-hidden="true"
            class="px-1 relative inline-flex items-center justify-start flex-shrink-0 overflow-hidden bg-default-200 rounded-full outline-none group-data-[focus-visible=true]:z-10 group-data-[focus-visible=true]:ring-2 group-data-[focus-visible=true]:ring-focus group-data-[focus-visible=true]:ring-offset-2 group-data-[focus-visible=true]:ring-offset-background group-data-[selected=true]:bg-primary group-data-[selected=true]:text-primary-foreground w-12 h-7 transition-background"
          >
            <span
              class="z-10 flex items-center justify-center bg-white shadow-small rounded-full origin-right pointer-events-none w-5 h-5 text-small group-data-[selected=true]:ms-5 transition-all group-data-[pressed=true]:w-6 group-data-[selected]:group-data-[pressed]:ml-4"
            />
          </span>
          <span
            class="relative select-none ms-2 text-sm text-foreground subpixel-antialiased group-data-[invalid=true]:!text-danger group-data-[required=true]:after:ml-0.5 group-data-[required=true]:after:text-danger group-data-[required=true]:after:content-["*"]"
            id=":r3:"
          >
            switchField
          </span>
        </label>
      </div>
      <div
        class="mt-4 flex justify-end"
      >
        <button
          class="z-0 group relative inline-flex items-center justify-center box-border appearance-none select-none whitespace-nowrap font-normal subpixel-antialiased overflow-hidden tap-highlight-transparent data-[pressed=true]:scale-[0.97] outline-none data-[focus-visible=true]:z-10 data-[focus-visible=true]:outline-2 data-[focus-visible=true]:outline-focus data-[focus-visible=true]:outline-offset-2 px-4 min-w-20 h-10 text-small gap-2 rounded-medium [&>svg]:max-w-[theme(spacing.8)] transition-transform-colors-opacity motion-reduce:transition-none bg-success data-[hover=true]:opacity-hover text-white"
          data-testid="form_submit_button"
          type="submit"
        >
          Submit
        </button>
      </div>
    </form>
  </div>
</div>
`;

exports[`Story Snapshots > WithInitialValue 1`] = `
<div>
  <div
    class="flex w-full flex-row justify-between gap-6"
  >
    <form
      class="flex-grow min-w-60"
      data-testid=""
    >
      <div
        class="place-content-center"
      >
        <label
          class="group relative max-w-fit inline-flex items-center justify-start cursor-pointer touch-none tap-highlight-transparent select-none"
          data-invalid="false"
          data-required="false"
          data-selected="true"
          data-testid="switchfield"
        >
          <input
            aria-labelledby=":r1:"
            checked=""
            class="font-inherit text-[100%] leading-[1.15] m-0 p-0 overflow-visible box-border absolute top-0 w-full h-full opacity-[0.0001] z-[1] cursor-pointer disabled:cursor-default"
            name="switchField"
            role="switch"
            type="checkbox"
            value="true"
          />
          <span
            aria-hidden="true"
            class="px-1 relative inline-flex items-center justify-start flex-shrink-0 overflow-hidden bg-default-200 rounded-full outline-none group-data-[focus-visible=true]:z-10 group-data-[focus-visible=true]:ring-2 group-data-[focus-visible=true]:ring-focus group-data-[focus-visible=true]:ring-offset-2 group-data-[focus-visible=true]:ring-offset-background group-data-[selected=true]:bg-primary group-data-[selected=true]:text-primary-foreground w-12 h-7 transition-background"
          >
            <span
              class="z-10 flex items-center justify-center bg-white shadow-small rounded-full origin-right pointer-events-none w-5 h-5 text-small group-data-[selected=true]:ms-5 transition-all group-data-[pressed=true]:w-6 group-data-[selected]:group-data-[pressed]:ml-4"
            />
          </span>
          <span
            class="relative select-none ms-2 text-sm text-foreground subpixel-antialiased group-data-[invalid=true]:!text-danger group-data-[required=true]:after:ml-0.5 group-data-[required=true]:after:text-danger group-data-[required=true]:after:content-["*"]"
            id=":r1:"
          />
        </label>
      </div>
      <div
        class="mt-4 flex justify-end"
      >
        <button
          class="z-0 group relative inline-flex items-center justify-center box-border appearance-none select-none whitespace-nowrap font-normal subpixel-antialiased overflow-hidden tap-highlight-transparent data-[pressed=true]:scale-[0.97] outline-none data-[focus-visible=true]:z-10 data-[focus-visible=true]:outline-2 data-[focus-visible=true]:outline-focus data-[focus-visible=true]:outline-offset-2 px-4 min-w-20 h-10 text-small gap-2 rounded-medium [&>svg]:max-w-[theme(spacing.8)] transition-transform-colors-opacity motion-reduce:transition-none bg-success data-[hover=true]:opacity-hover text-white"
          data-testid="form_submit_button"
          type="submit"
        >
          Submit
        </button>
      </div>
    </form>
  </div>
</div>
`;
