// Vitest Snapshot v1, https://vitest.dev/guide/snapshot.html

exports[`Story Snapshots > Default 1`] = `
<div>
  <div
    class="flex w-full flex-row justify-between gap-6"
  >
    <form
      class="grow"
      data-form-is-valid="true"
      data-testid=""
    >
      <button
        class="group tap-highlight-transparent data-[hover=true]:opacity-hover z-0 group relative inline-flex items-center justify-center box-border appearance-none select-none whitespace-nowrap font-normal subpixel-antialiased overflow-hidden tap-highlight-transparent transform-gpu data-[pressed=true]:scale-[0.97] cursor-pointer outline-solid outline-transparent data-[focus-visible=true]:z-10 data-[focus-visible=true]:outline-2 data-[focus-visible=true]:outline-focus data-[focus-visible=true]:outline-offset-2 px-4 min-w-20 h-10 text-small gap-2 rounded-medium [&>svg]:max-w-[theme(spacing.8)] transition-transform-colors-opacity motion-reduce:transition-none bg-success data-[hover=true]:opacity-hover text-white"
        data-react-aria-pressable="true"
        data-testid="some_test_id"
        tabindex="0"
        type="submit"
      >
        Submit
      </button>
    </form>
  </div>
</div>
`;

exports[`Story Snapshots > IconOnly 1`] = `
<div>
  <div
    class="flex w-full flex-row justify-between gap-6"
  >
    <form
      class="grow"
      data-form-is-valid="true"
      data-testid=""
    >
      <button
        class="group tap-highlight-transparent [&>svg]:max-w-[theme(spacing.8)] data-[hover=true]:opacity-hover z-0 group relative inline-flex items-center justify-center box-border appearance-none select-none whitespace-nowrap font-normal subpixel-antialiased overflow-hidden tap-highlight-transparent transform-gpu data-[pressed=true]:scale-[0.97] cursor-pointer outline-solid outline-transparent data-[focus-visible=true]:z-10 data-[focus-visible=true]:outline-2 data-[focus-visible=true]:outline-focus data-[focus-visible=true]:outline-offset-2 text-small gap-2 rounded-medium px-0 !gap-0 transition-transform-colors-opacity motion-reduce:transition-none bg-success min-w-10 w-10 h-10 data-[hover=true]:opacity-hover text-white"
        data-react-aria-pressable="true"
        data-testid="some_test_id"
        tabindex="0"
        type="submit"
      >
        <svg
          fill="currentColor"
          height="1em"
          stroke="currentColor"
          stroke-width="0"
          viewBox="0 0 512 512"
          width="1em"
          xmlns="http://www.w3.org/2000/svg"
        >
          <path
            d="M156.6 384.9L125.7 354c-8.5-8.5-11.5-20.8-7.7-32.2c3-8.9 7-20.5 11.8-33.8L24 288c-8.6 0-16.6-4.6-20.9-12.1s-4.2-16.7 .2-24.1l52.5-88.5c13-21.9 36.5-35.3 61.9-35.3l82.3 0c2.4-4 4.8-7.7 7.2-11.3C289.1-4.1 411.1-8.1 483.9 5.3c11.6 2.1 20.6 11.2 22.8 22.8c13.4 72.9 9.3 194.8-111.4 276.7c-3.5 2.4-7.3 4.8-11.3 7.2l0 82.3c0 25.4-13.4 49-35.3 61.9l-88.5 52.5c-7.4 4.4-16.6 4.5-24.1 .2s-12.1-12.2-12.1-20.9l0-107.2c-14.1 4.9-26.4 8.9-35.7 11.9c-11.2 3.6-23.4 .5-31.8-7.8zM384 168a40 40 0 1 0 0-80 40 40 0 1 0 0 80z"
          />
        </svg>
      </button>
    </form>
  </div>
</div>
`;

exports[`Story Snapshots > InvalidForm 1`] = `
<div>
  <div
    class="flex w-full flex-row justify-between gap-6"
  >
    <form
      class="grow"
      data-form-is-valid="false"
      data-testid=""
    >
      <button
        class="group tap-highlight-transparent data-[hover=true]:opacity-hover z-0 group relative inline-flex items-center justify-center box-border appearance-none select-none whitespace-nowrap font-normal subpixel-antialiased overflow-hidden tap-highlight-transparent transform-gpu data-[pressed=true]:scale-[0.97] cursor-pointer outline-solid outline-transparent data-[focus-visible=true]:z-10 data-[focus-visible=true]:outline-2 data-[focus-visible=true]:outline-focus data-[focus-visible=true]:outline-offset-2 px-4 min-w-20 h-10 text-small gap-2 rounded-medium [&>svg]:max-w-[theme(spacing.8)] transition-transform-colors-opacity motion-reduce:transition-none bg-success data-[hover=true]:opacity-hover text-white"
        data-react-aria-pressable="true"
        data-testid="some_test_id"
        tabindex="0"
        type="submit"
      >
        Submit
      </button>
    </form>
  </div>
</div>
`;
