// Vitest Snapshot v1, https://vitest.dev/guide/snapshot.html

exports[`Drawer Component > Should have correct testIds 1`] = `null`;

exports[`Drawer Component > should render with no children 1`] = `null`;

exports[`Drawer Component > should render with only header 1`] = `null`;

exports[`Story Snapshots > AllBackdrops 1`] = `
<div>
  <button
    class="z-0 group relative inline-flex items-center justify-center box-border appearance-none select-none whitespace-nowrap font-normal subpixel-antialiased overflow-hidden tap-highlight-transparent transform-gpu data-[pressed=true]:scale-[0.97] cursor-pointer outline-solid outline-transparent data-[focus-visible=true]:z-10 data-[focus-visible=true]:outline-2 data-[focus-visible=true]:outline-focus data-[focus-visible=true]:outline-offset-2 px-4 min-w-20 h-10 text-small gap-2 rounded-medium [&>svg]:max-w-[theme(spacing.8)] transition-transform-colors-opacity motion-reduce:transition-none bg-default text-default-foreground data-[hover=true]:opacity-hover mb-2 mr-2"
    data-react-aria-pressable="true"
    tabindex="0"
    type="button"
  >
    opaque
  </button>
  <button
    class="z-0 group relative inline-flex items-center justify-center box-border appearance-none select-none whitespace-nowrap font-normal subpixel-antialiased overflow-hidden tap-highlight-transparent transform-gpu data-[pressed=true]:scale-[0.97] cursor-pointer outline-solid outline-transparent data-[focus-visible=true]:z-10 data-[focus-visible=true]:outline-2 data-[focus-visible=true]:outline-focus data-[focus-visible=true]:outline-offset-2 px-4 min-w-20 h-10 text-small gap-2 rounded-medium [&>svg]:max-w-[theme(spacing.8)] transition-transform-colors-opacity motion-reduce:transition-none bg-default text-default-foreground data-[hover=true]:opacity-hover mb-2 mr-2"
    data-react-aria-pressable="true"
    tabindex="0"
    type="button"
  >
    transparent
  </button>
  <button
    class="z-0 group relative inline-flex items-center justify-center box-border appearance-none select-none whitespace-nowrap font-normal subpixel-antialiased overflow-hidden tap-highlight-transparent transform-gpu data-[pressed=true]:scale-[0.97] cursor-pointer outline-solid outline-transparent data-[focus-visible=true]:z-10 data-[focus-visible=true]:outline-2 data-[focus-visible=true]:outline-focus data-[focus-visible=true]:outline-offset-2 px-4 min-w-20 h-10 text-small gap-2 rounded-medium [&>svg]:max-w-[theme(spacing.8)] transition-transform-colors-opacity motion-reduce:transition-none bg-default text-default-foreground data-[hover=true]:opacity-hover mb-2 mr-2"
    data-react-aria-pressable="true"
    tabindex="0"
    type="button"
  >
    blur
  </button>
</div>
`;

exports[`Story Snapshots > AllPlacements 1`] = `
<div>
  <button
    class="z-0 group relative inline-flex items-center justify-center box-border appearance-none select-none whitespace-nowrap font-normal subpixel-antialiased overflow-hidden tap-highlight-transparent transform-gpu data-[pressed=true]:scale-[0.97] cursor-pointer outline-solid outline-transparent data-[focus-visible=true]:z-10 data-[focus-visible=true]:outline-2 data-[focus-visible=true]:outline-focus data-[focus-visible=true]:outline-offset-2 px-4 min-w-20 h-10 text-small gap-2 rounded-medium [&>svg]:max-w-[theme(spacing.8)] transition-transform-colors-opacity motion-reduce:transition-none bg-default text-default-foreground data-[hover=true]:opacity-hover mb-2 mr-2"
    data-react-aria-pressable="true"
    tabindex="0"
    type="button"
  >
    left
  </button>
  <button
    class="z-0 group relative inline-flex items-center justify-center box-border appearance-none select-none whitespace-nowrap font-normal subpixel-antialiased overflow-hidden tap-highlight-transparent transform-gpu data-[pressed=true]:scale-[0.97] cursor-pointer outline-solid outline-transparent data-[focus-visible=true]:z-10 data-[focus-visible=true]:outline-2 data-[focus-visible=true]:outline-focus data-[focus-visible=true]:outline-offset-2 px-4 min-w-20 h-10 text-small gap-2 rounded-medium [&>svg]:max-w-[theme(spacing.8)] transition-transform-colors-opacity motion-reduce:transition-none bg-default text-default-foreground data-[hover=true]:opacity-hover mb-2 mr-2"
    data-react-aria-pressable="true"
    tabindex="0"
    type="button"
  >
    right
  </button>
  <button
    class="z-0 group relative inline-flex items-center justify-center box-border appearance-none select-none whitespace-nowrap font-normal subpixel-antialiased overflow-hidden tap-highlight-transparent transform-gpu data-[pressed=true]:scale-[0.97] cursor-pointer outline-solid outline-transparent data-[focus-visible=true]:z-10 data-[focus-visible=true]:outline-2 data-[focus-visible=true]:outline-focus data-[focus-visible=true]:outline-offset-2 px-4 min-w-20 h-10 text-small gap-2 rounded-medium [&>svg]:max-w-[theme(spacing.8)] transition-transform-colors-opacity motion-reduce:transition-none bg-default text-default-foreground data-[hover=true]:opacity-hover mb-2 mr-2"
    data-react-aria-pressable="true"
    tabindex="0"
    type="button"
  >
    top
  </button>
  <button
    class="z-0 group relative inline-flex items-center justify-center box-border appearance-none select-none whitespace-nowrap font-normal subpixel-antialiased overflow-hidden tap-highlight-transparent transform-gpu data-[pressed=true]:scale-[0.97] cursor-pointer outline-solid outline-transparent data-[focus-visible=true]:z-10 data-[focus-visible=true]:outline-2 data-[focus-visible=true]:outline-focus data-[focus-visible=true]:outline-offset-2 px-4 min-w-20 h-10 text-small gap-2 rounded-medium [&>svg]:max-w-[theme(spacing.8)] transition-transform-colors-opacity motion-reduce:transition-none bg-default text-default-foreground data-[hover=true]:opacity-hover mb-2 mr-2"
    data-react-aria-pressable="true"
    tabindex="0"
    type="button"
  >
    bottom
  </button>
</div>
`;

exports[`Story Snapshots > AllRadii 1`] = `
<div>
  <button
    class="z-0 group relative inline-flex items-center justify-center box-border appearance-none select-none whitespace-nowrap font-normal subpixel-antialiased overflow-hidden tap-highlight-transparent transform-gpu data-[pressed=true]:scale-[0.97] cursor-pointer outline-solid outline-transparent data-[focus-visible=true]:z-10 data-[focus-visible=true]:outline-2 data-[focus-visible=true]:outline-focus data-[focus-visible=true]:outline-offset-2 px-4 min-w-20 h-10 text-small gap-2 rounded-medium [&>svg]:max-w-[theme(spacing.8)] transition-transform-colors-opacity motion-reduce:transition-none bg-default text-default-foreground data-[hover=true]:opacity-hover mb-2 mr-2"
    data-react-aria-pressable="true"
    tabindex="0"
    type="button"
  >
    none
  </button>
  <button
    class="z-0 group relative inline-flex items-center justify-center box-border appearance-none select-none whitespace-nowrap font-normal subpixel-antialiased overflow-hidden tap-highlight-transparent transform-gpu data-[pressed=true]:scale-[0.97] cursor-pointer outline-solid outline-transparent data-[focus-visible=true]:z-10 data-[focus-visible=true]:outline-2 data-[focus-visible=true]:outline-focus data-[focus-visible=true]:outline-offset-2 px-4 min-w-20 h-10 text-small gap-2 rounded-medium [&>svg]:max-w-[theme(spacing.8)] transition-transform-colors-opacity motion-reduce:transition-none bg-default text-default-foreground data-[hover=true]:opacity-hover mb-2 mr-2"
    data-react-aria-pressable="true"
    tabindex="0"
    type="button"
  >
    sm
  </button>
  <button
    class="z-0 group relative inline-flex items-center justify-center box-border appearance-none select-none whitespace-nowrap font-normal subpixel-antialiased overflow-hidden tap-highlight-transparent transform-gpu data-[pressed=true]:scale-[0.97] cursor-pointer outline-solid outline-transparent data-[focus-visible=true]:z-10 data-[focus-visible=true]:outline-2 data-[focus-visible=true]:outline-focus data-[focus-visible=true]:outline-offset-2 px-4 min-w-20 h-10 text-small gap-2 rounded-medium [&>svg]:max-w-[theme(spacing.8)] transition-transform-colors-opacity motion-reduce:transition-none bg-default text-default-foreground data-[hover=true]:opacity-hover mb-2 mr-2"
    data-react-aria-pressable="true"
    tabindex="0"
    type="button"
  >
    md
  </button>
  <button
    class="z-0 group relative inline-flex items-center justify-center box-border appearance-none select-none whitespace-nowrap font-normal subpixel-antialiased overflow-hidden tap-highlight-transparent transform-gpu data-[pressed=true]:scale-[0.97] cursor-pointer outline-solid outline-transparent data-[focus-visible=true]:z-10 data-[focus-visible=true]:outline-2 data-[focus-visible=true]:outline-focus data-[focus-visible=true]:outline-offset-2 px-4 min-w-20 h-10 text-small gap-2 rounded-medium [&>svg]:max-w-[theme(spacing.8)] transition-transform-colors-opacity motion-reduce:transition-none bg-default text-default-foreground data-[hover=true]:opacity-hover mb-2 mr-2"
    data-react-aria-pressable="true"
    tabindex="0"
    type="button"
  >
    lg
  </button>
</div>
`;

exports[`Story Snapshots > AllSizes 1`] = `
<div>
  <button
    class="z-0 group relative inline-flex items-center justify-center box-border appearance-none select-none whitespace-nowrap font-normal subpixel-antialiased overflow-hidden tap-highlight-transparent transform-gpu data-[pressed=true]:scale-[0.97] cursor-pointer outline-solid outline-transparent data-[focus-visible=true]:z-10 data-[focus-visible=true]:outline-2 data-[focus-visible=true]:outline-focus data-[focus-visible=true]:outline-offset-2 px-4 min-w-20 h-10 text-small gap-2 rounded-medium [&>svg]:max-w-[theme(spacing.8)] transition-transform-colors-opacity motion-reduce:transition-none bg-default text-default-foreground data-[hover=true]:opacity-hover mb-2 mr-2"
    data-react-aria-pressable="true"
    tabindex="0"
    type="button"
  >
    xs
  </button>
  <button
    class="z-0 group relative inline-flex items-center justify-center box-border appearance-none select-none whitespace-nowrap font-normal subpixel-antialiased overflow-hidden tap-highlight-transparent transform-gpu data-[pressed=true]:scale-[0.97] cursor-pointer outline-solid outline-transparent data-[focus-visible=true]:z-10 data-[focus-visible=true]:outline-2 data-[focus-visible=true]:outline-focus data-[focus-visible=true]:outline-offset-2 px-4 min-w-20 h-10 text-small gap-2 rounded-medium [&>svg]:max-w-[theme(spacing.8)] transition-transform-colors-opacity motion-reduce:transition-none bg-default text-default-foreground data-[hover=true]:opacity-hover mb-2 mr-2"
    data-react-aria-pressable="true"
    tabindex="0"
    type="button"
  >
    sm
  </button>
  <button
    class="z-0 group relative inline-flex items-center justify-center box-border appearance-none select-none whitespace-nowrap font-normal subpixel-antialiased overflow-hidden tap-highlight-transparent transform-gpu data-[pressed=true]:scale-[0.97] cursor-pointer outline-solid outline-transparent data-[focus-visible=true]:z-10 data-[focus-visible=true]:outline-2 data-[focus-visible=true]:outline-focus data-[focus-visible=true]:outline-offset-2 px-4 min-w-20 h-10 text-small gap-2 rounded-medium [&>svg]:max-w-[theme(spacing.8)] transition-transform-colors-opacity motion-reduce:transition-none bg-default text-default-foreground data-[hover=true]:opacity-hover mb-2 mr-2"
    data-react-aria-pressable="true"
    tabindex="0"
    type="button"
  >
    md
  </button>
  <button
    class="z-0 group relative inline-flex items-center justify-center box-border appearance-none select-none whitespace-nowrap font-normal subpixel-antialiased overflow-hidden tap-highlight-transparent transform-gpu data-[pressed=true]:scale-[0.97] cursor-pointer outline-solid outline-transparent data-[focus-visible=true]:z-10 data-[focus-visible=true]:outline-2 data-[focus-visible=true]:outline-focus data-[focus-visible=true]:outline-offset-2 px-4 min-w-20 h-10 text-small gap-2 rounded-medium [&>svg]:max-w-[theme(spacing.8)] transition-transform-colors-opacity motion-reduce:transition-none bg-default text-default-foreground data-[hover=true]:opacity-hover mb-2 mr-2"
    data-react-aria-pressable="true"
    tabindex="0"
    type="button"
  >
    lg
  </button>
  <button
    class="z-0 group relative inline-flex items-center justify-center box-border appearance-none select-none whitespace-nowrap font-normal subpixel-antialiased overflow-hidden tap-highlight-transparent transform-gpu data-[pressed=true]:scale-[0.97] cursor-pointer outline-solid outline-transparent data-[focus-visible=true]:z-10 data-[focus-visible=true]:outline-2 data-[focus-visible=true]:outline-focus data-[focus-visible=true]:outline-offset-2 px-4 min-w-20 h-10 text-small gap-2 rounded-medium [&>svg]:max-w-[theme(spacing.8)] transition-transform-colors-opacity motion-reduce:transition-none bg-default text-default-foreground data-[hover=true]:opacity-hover mb-2 mr-2"
    data-react-aria-pressable="true"
    tabindex="0"
    type="button"
  >
    xl
  </button>
  <button
    class="z-0 group relative inline-flex items-center justify-center box-border appearance-none select-none whitespace-nowrap font-normal subpixel-antialiased overflow-hidden tap-highlight-transparent transform-gpu data-[pressed=true]:scale-[0.97] cursor-pointer outline-solid outline-transparent data-[focus-visible=true]:z-10 data-[focus-visible=true]:outline-2 data-[focus-visible=true]:outline-focus data-[focus-visible=true]:outline-offset-2 px-4 min-w-20 h-10 text-small gap-2 rounded-medium [&>svg]:max-w-[theme(spacing.8)] transition-transform-colors-opacity motion-reduce:transition-none bg-default text-default-foreground data-[hover=true]:opacity-hover mb-2 mr-2"
    data-react-aria-pressable="true"
    tabindex="0"
    type="button"
  >
    2xl
  </button>
  <button
    class="z-0 group relative inline-flex items-center justify-center box-border appearance-none select-none whitespace-nowrap font-normal subpixel-antialiased overflow-hidden tap-highlight-transparent transform-gpu data-[pressed=true]:scale-[0.97] cursor-pointer outline-solid outline-transparent data-[focus-visible=true]:z-10 data-[focus-visible=true]:outline-2 data-[focus-visible=true]:outline-focus data-[focus-visible=true]:outline-offset-2 px-4 min-w-20 h-10 text-small gap-2 rounded-medium [&>svg]:max-w-[theme(spacing.8)] transition-transform-colors-opacity motion-reduce:transition-none bg-default text-default-foreground data-[hover=true]:opacity-hover mb-2 mr-2"
    data-react-aria-pressable="true"
    tabindex="0"
    type="button"
  >
    3xl
  </button>
  <button
    class="z-0 group relative inline-flex items-center justify-center box-border appearance-none select-none whitespace-nowrap font-normal subpixel-antialiased overflow-hidden tap-highlight-transparent transform-gpu data-[pressed=true]:scale-[0.97] cursor-pointer outline-solid outline-transparent data-[focus-visible=true]:z-10 data-[focus-visible=true]:outline-2 data-[focus-visible=true]:outline-focus data-[focus-visible=true]:outline-offset-2 px-4 min-w-20 h-10 text-small gap-2 rounded-medium [&>svg]:max-w-[theme(spacing.8)] transition-transform-colors-opacity motion-reduce:transition-none bg-default text-default-foreground data-[hover=true]:opacity-hover mb-2 mr-2"
    data-react-aria-pressable="true"
    tabindex="0"
    type="button"
  >
    4xl
  </button>
  <button
    class="z-0 group relative inline-flex items-center justify-center box-border appearance-none select-none whitespace-nowrap font-normal subpixel-antialiased overflow-hidden tap-highlight-transparent transform-gpu data-[pressed=true]:scale-[0.97] cursor-pointer outline-solid outline-transparent data-[focus-visible=true]:z-10 data-[focus-visible=true]:outline-2 data-[focus-visible=true]:outline-focus data-[focus-visible=true]:outline-offset-2 px-4 min-w-20 h-10 text-small gap-2 rounded-medium [&>svg]:max-w-[theme(spacing.8)] transition-transform-colors-opacity motion-reduce:transition-none bg-default text-default-foreground data-[hover=true]:opacity-hover mb-2 mr-2"
    data-react-aria-pressable="true"
    tabindex="0"
    type="button"
  >
    5xl
  </button>
  <button
    class="z-0 group relative inline-flex items-center justify-center box-border appearance-none select-none whitespace-nowrap font-normal subpixel-antialiased overflow-hidden tap-highlight-transparent transform-gpu data-[pressed=true]:scale-[0.97] cursor-pointer outline-solid outline-transparent data-[focus-visible=true]:z-10 data-[focus-visible=true]:outline-2 data-[focus-visible=true]:outline-focus data-[focus-visible=true]:outline-offset-2 px-4 min-w-20 h-10 text-small gap-2 rounded-medium [&>svg]:max-w-[theme(spacing.8)] transition-transform-colors-opacity motion-reduce:transition-none bg-default text-default-foreground data-[hover=true]:opacity-hover mb-2 mr-2"
    data-react-aria-pressable="true"
    tabindex="0"
    type="button"
  >
    full
  </button>
</div>
`;

exports[`Story Snapshots > CardWithDrawer 1`] = `
<div>
  <div
    class="flex flex-col relative overflow-hidden h-auto text-foreground box-border bg-content1 outline-solid outline-transparent data-[focus-visible=true]:z-10 data-[focus-visible=true]:outline-2 data-[focus-visible=true]:outline-focus data-[focus-visible=true]:outline-offset-2 shadow-none rounded-small w-full transition-transform-background motion-reduce:transition-none border-divider border"
    tabindex="-1"
  >
    <div
      class="flex p-3 w-full justify-start items-center shrink-0 overflow-inherit color-inherit subpixel-antialiased rounded-t-small z-auto text-base font-semibold"
    >
      Behold! A Portal to More Stuff!
      <button
        class="z-0 group relative inline-flex items-center justify-center box-border appearance-none select-none whitespace-nowrap font-normal subpixel-antialiased overflow-hidden tap-highlight-transparent transform-gpu cursor-pointer outline-solid outline-transparent data-[focus-visible=true]:z-10 data-[focus-visible=true]:outline-2 data-[focus-visible=true]:outline-focus data-[focus-visible=true]:outline-offset-2 px-4 min-w-20 h-10 text-small gap-2 rounded-medium [&>svg]:max-w-[theme(spacing.8)] !transition-none data-[pressed=true]:scale-100 bg-default text-default-foreground data-[hover=true]:opacity-hover ml-auto"
        data-react-aria-pressable="true"
        data-testid="drawer_trigger"
        tabindex="0"
        type="button"
      >
        Unleash the Drawer!
      </button>
    </div>
    <hr
      class="shrink-0 bg-divider border-none w-full h-divider border-divider my-0"
      role="separator"
    />
    <div
      class="relative flex w-full p-3 flex-auto flex-col place-content-inherit align-items-inherit h-auto break-words text-left overflow-y-auto subpixel-antialiased"
    >
      <div
        class="h-48 w-full"
      >
        This is just a placeholder. But a very handsome placeholder.
      </div>
    </div>
  </div>
</div>
`;

exports[`Story Snapshots > Content 1`] = `
<div>
  <button
    class="z-0 group relative inline-flex items-center justify-center box-border appearance-none select-none whitespace-nowrap font-normal subpixel-antialiased overflow-hidden tap-highlight-transparent transform-gpu cursor-pointer outline-solid outline-transparent data-[focus-visible=true]:z-10 data-[focus-visible=true]:outline-2 data-[focus-visible=true]:outline-focus data-[focus-visible=true]:outline-offset-2 px-4 min-w-20 h-10 text-small gap-2 rounded-medium [&>svg]:max-w-[theme(spacing.8)] !transition-none data-[pressed=true]:scale-100 bg-default text-default-foreground data-[hover=true]:opacity-hover"
    data-react-aria-pressable="true"
    data-testid="drawer_trigger"
    tabindex="0"
    type="button"
  >
    Reveal the Secrets!
  </button>
</div>
`;

exports[`Story Snapshots > CustomWidth 1`] = `
<div>
  <button
    class="z-0 group relative inline-flex items-center justify-center box-border appearance-none select-none whitespace-nowrap font-normal subpixel-antialiased overflow-hidden tap-highlight-transparent transform-gpu cursor-pointer outline-solid outline-transparent data-[focus-visible=true]:z-10 data-[focus-visible=true]:outline-2 data-[focus-visible=true]:outline-focus data-[focus-visible=true]:outline-offset-2 px-4 min-w-20 h-10 text-small gap-2 rounded-medium [&>svg]:max-w-[theme(spacing.8)] !transition-none data-[pressed=true]:scale-100 bg-default text-default-foreground data-[hover=true]:opacity-hover"
    data-react-aria-pressable="true"
    data-testid="drawer_trigger"
    tabindex="0"
    type="button"
  >
    Reveal the Secrets!
  </button>
</div>
`;

exports[`Story Snapshots > Default 1`] = `
<div>
  <button
    class="z-0 group relative inline-flex items-center justify-center box-border appearance-none select-none whitespace-nowrap font-normal subpixel-antialiased overflow-hidden tap-highlight-transparent transform-gpu cursor-pointer outline-solid outline-transparent data-[focus-visible=true]:z-10 data-[focus-visible=true]:outline-2 data-[focus-visible=true]:outline-focus data-[focus-visible=true]:outline-offset-2 px-4 min-w-20 h-10 text-small gap-2 rounded-medium [&>svg]:max-w-[theme(spacing.8)] !transition-none data-[pressed=true]:scale-100 bg-default text-default-foreground data-[hover=true]:opacity-hover"
    data-react-aria-pressable="true"
    data-testid="drawer_trigger"
    tabindex="0"
    type="button"
  >
    Reveal the Secrets!
  </button>
</div>
`;

exports[`Story Snapshots > DefaultOpen 1`] = `
<div>
  <button
    class="z-0 group relative inline-flex items-center justify-center box-border appearance-none select-none whitespace-nowrap font-normal subpixel-antialiased overflow-hidden tap-highlight-transparent transform-gpu cursor-pointer outline-solid outline-transparent data-[focus-visible=true]:z-10 data-[focus-visible=true]:outline-2 data-[focus-visible=true]:outline-focus data-[focus-visible=true]:outline-offset-2 px-4 min-w-20 h-10 text-small gap-2 rounded-medium [&>svg]:max-w-[theme(spacing.8)] !transition-none data-[pressed=true]:scale-100 bg-default text-default-foreground data-[hover=true]:opacity-hover"
    data-react-aria-pressable="true"
    data-testid="drawer_trigger"
    tabindex="0"
    type="button"
  >
    Reveal the Secrets!
  </button>
</div>
`;

exports[`Story Snapshots > DrawerWithTabs 1`] = `
<div>
  <button
    class="z-0 group relative inline-flex items-center justify-center box-border appearance-none select-none whitespace-nowrap font-normal subpixel-antialiased overflow-hidden tap-highlight-transparent transform-gpu cursor-pointer outline-solid outline-transparent data-[focus-visible=true]:z-10 data-[focus-visible=true]:outline-2 data-[focus-visible=true]:outline-focus data-[focus-visible=true]:outline-offset-2 px-4 min-w-20 h-10 text-small gap-2 rounded-medium [&>svg]:max-w-[theme(spacing.8)] !transition-none data-[pressed=true]:scale-100 bg-default text-default-foreground data-[hover=true]:opacity-hover"
    data-react-aria-pressable="true"
    data-testid="drawer_trigger"
    tabindex="0"
    type="button"
  >
    Reveal the Secrets!
  </button>
</div>
`;

exports[`Story Snapshots > Footer 1`] = `
<div>
  <button
    class="z-0 group relative inline-flex items-center justify-center box-border appearance-none select-none whitespace-nowrap font-normal subpixel-antialiased overflow-hidden tap-highlight-transparent transform-gpu cursor-pointer outline-solid outline-transparent data-[focus-visible=true]:z-10 data-[focus-visible=true]:outline-2 data-[focus-visible=true]:outline-focus data-[focus-visible=true]:outline-offset-2 px-4 min-w-20 h-10 text-small gap-2 rounded-medium [&>svg]:max-w-[theme(spacing.8)] !transition-none data-[pressed=true]:scale-100 bg-default text-default-foreground data-[hover=true]:opacity-hover"
    data-react-aria-pressable="true"
    data-testid="drawer_trigger"
    tabindex="0"
    type="button"
  >
    Reveal the Secrets!
  </button>
</div>
`;

exports[`Story Snapshots > Header 1`] = `
<div>
  <button
    class="z-0 group relative inline-flex items-center justify-center box-border appearance-none select-none whitespace-nowrap font-normal subpixel-antialiased overflow-hidden tap-highlight-transparent transform-gpu cursor-pointer outline-solid outline-transparent data-[focus-visible=true]:z-10 data-[focus-visible=true]:outline-2 data-[focus-visible=true]:outline-focus data-[focus-visible=true]:outline-offset-2 px-4 min-w-20 h-10 text-small gap-2 rounded-medium [&>svg]:max-w-[theme(spacing.8)] !transition-none data-[pressed=true]:scale-100 bg-default text-default-foreground data-[hover=true]:opacity-hover"
    data-react-aria-pressable="true"
    data-testid="drawer_trigger"
    tabindex="0"
    type="button"
  >
    Reveal the Secrets!
  </button>
</div>
`;
