// Vitest Snapshot v1, https://vitest.dev/guide/snapshot.html

exports[`Story Snapshots > FiltersOnly 1`] = `
<div>
  <div
    class="flex flex-auto flex-col w-full"
  >
    <div
      class="flex w-full flex-row justify-between gap-6"
    >
      <form
        class="grow mb-3 flex flex-wrap gap-3"
        data-form-is-valid="true"
        data-testid="filtercomponentform"
        name="filterComponentForm"
      >
        <button
          aria-expanded="false"
          aria-haspopup="true"
          aria-label="Add Filter"
          class="group relative inline-flex items-center justify-center box-border appearance-none select-none whitespace-nowrap font-normal overflow-hidden tap-highlight-transparent transform-gpu data-[pressed=true]:scale-[0.97] cursor-pointer outline-solid outline-transparent data-[focus-visible=true]:z-10 data-[focus-visible=true]:outline-2 data-[focus-visible=true]:outline-focus data-[focus-visible=true]:outline-offset-2 border-medium px-3 min-w-16 h-8 text-tiny gap-2 rounded-small [&>svg]:max-w-[theme(spacing.8)] transition-transform-colors-opacity motion-reduce:transition-none bg-transparent border-default text-foreground data-[hover=true]:opacity-hover z-10 aria-expanded:scale-[0.97] aria-expanded:opacity-70 subpixel-antialiased"
          data-react-aria-pressable="true"
          data-slot="trigger"
          id="react-aria-react-useId-mock"
          tabindex="0"
          type="button"
        >
          <svg
            fill="currentColor"
            height="1em"
            stroke="currentColor"
            stroke-width="0"
            viewBox="0 0 512 512"
            width="1em"
            xmlns="http://www.w3.org/2000/svg"
          >
            <path
              d="M0 416c0 17.7 14.3 32 32 32l54.7 0c12.3 28.3 40.5 48 73.3 48s61-19.7 73.3-48L480 448c17.7 0 32-14.3 32-32s-14.3-32-32-32l-246.7 0c-12.3-28.3-40.5-48-73.3-48s-61 19.7-73.3 48L32 384c-17.7 0-32 14.3-32 32zm128 0a32 32 0 1 1 64 0 32 32 0 1 1 -64 0zM320 256a32 32 0 1 1 64 0 32 32 0 1 1 -64 0zm32-80c-32.8 0-61 19.7-73.3 48L32 224c-17.7 0-32 14.3-32 32s14.3 32 32 32l246.7 0c12.3 28.3 40.5 48 73.3 48s61-19.7 73.3-48l54.7 0c17.7 0 32-14.3 32-32s-14.3-32-32-32l-54.7 0c-12.3-28.3-40.5-48-73.3-48zM192 128a32 32 0 1 1 0-64 32 32 0 1 1 0 64zm73.3-64C253 35.7 224.8 16 192 16s-61 19.7-73.3 48L32 64C14.3 64 0 78.3 0 96s14.3 32 32 32l86.7 0c12.3 28.3 40.5 48 73.3 48s61-19.7 73.3-48L480 128c17.7 0 32-14.3 32-32s-14.3-32-32-32L265.3 64z"
            />
          </svg>
          Filter
        </button>
      </form>
    </div>
  </div>
</div>
`;

exports[`Story Snapshots > WithCustomStyles 1`] = `
<div>
  <div
    class="flex flex-auto flex-col rounded-2xl bg-gradient-to-r from-fuchsia-400 via-rose-300 to-amber-300 p-[2px] shadow-[0_8px_30px_rgb(0,0,0,0.05)] dark:bg-gradient-to-br dark:from-fuchsia-500 dark:via-purple-500 dark:to-amber-400/70 dark:shadow-[0_0_40px_2px_rgba(217,70,239,0.15)]"
  >
    <div
      class="flex w-full flex-row justify-between gap-6"
    >
      <form
        class="grow mb-3 flex flex-wrap gap-3 items-center rounded-2xl p-4 bg-gradient-to-r from-rose-100 via-fuchsia-100 to-amber-100 ring-1 ring-rose-300/40 dark:bg-gradient-to-br dark:from-[#2a0a4a] dark:via-[#12183e] dark:to-[#0a1024] dark:ring-fuchsia-400/30"
        data-form-is-valid="true"
        data-testid="filtercomponentform"
        name="filterComponentForm"
      >
        <div
          class="flex items-center"
        >
          <div
            class="flex w-72 gap-2"
            style="opacity: 1;"
          >
            <div
              class="group flex flex-col data-[hidden=true]:hidden w-full relative justify-end data-[has-label=true]:mt-[calc(var(--heroui-font-size-small)_+_8px)] is-filled"
              data-filled="true"
              data-filled-within="true"
              data-has-value="true"
              data-slot="base"
            >
              <div
                class="h-full flex flex-col"
                data-slot="main-wrapper"
              >
                <div
                  class="relative w-full inline-flex tap-highlight-transparent flex-row items-center shadow-xs gap-3 h-8 min-h-8 !duration-150 motion-reduce:transition-none rounded-2xl px-4 transition-colors duration-500 bg-gradient-to-r from-fuchsia-100 via-rose-100 to-amber-100 dark:from-fuchsia-900 dark:via-rose-900 dark:to-amber-900 border-2 border-fuchsia-400 group-data-[focus=true]:border-amber-400 data-[hover=true]:border-amber-400 text-fuchsia-700 dark:text-fuchsia-300 is-filled"
                  data-slot="input-wrapper"
                  style="cursor: text;"
                >
                  <div
                    class="inline-flex w-full items-center h-full box-border"
                    data-slot="inner-wrapper"
                  >
                    <input
                      aria-describedby="react-aria-react-useId-mock react-aria-react-useId-mock"
                      aria-label="Search with party vibes…"
                      class="w-full font-normal bg-transparent !outline-solid focus-visible:outline-solid outline-transparent data-[has-start-content=true]:ps-1.5 data-[has-end-content=true]:pe-1.5 data-[type=color]:rounded-none file:cursor-pointer file:bg-transparent file:border-0 autofill:bg-transparent bg-clip-text text-small peer pe-6 input-search-cancel-button-none placeholder:text-fuchsia-400/70 dark:placeholder:text-fuchsia-500/60 is-filled"
                      data-filled="true"
                      data-filled-within="true"
                      data-slot="input"
                      data-testid="search"
                      id="react-aria-react-useId-mock"
                      name="search"
                      placeholder="Search with party vibes…"
                      tabindex="0"
                      title=""
                      type="text"
                      value="party"
                    />
                    <button
                      aria-label="clear input"
                      class="p-2 -m-2 z-10 absolute end-3 start-auto pointer-events-none appearance-none select-none opacity-0 cursor-pointer active:!opacity-70 rounded-full outline-solid outline-transparent data-[focus-visible=true]:z-10 data-[focus-visible=true]:outline-2 data-[focus-visible=true]:outline-focus data-[focus-visible=true]:outline-offset-2 text-medium peer-data-[filled=true]:pointer-events-auto peer-data-[filled=true]:opacity-70 peer-data-[filled=true]:block peer-data-[filled=true]:scale-100 scale-90 ease-out duration-150 transition-[opacity,transform] motion-reduce:transition-none motion-reduce:scale-100"
                      data-react-aria-pressable="true"
                      data-slot="clear-button"
                      tabindex="-1"
                      type="button"
                    >
                      <svg
                        aria-hidden="true"
                        focusable="false"
                        height="1em"
                        role="presentation"
                        viewBox="0 0 24 24"
                        width="1em"
                      >
                        <path
                          d="M12 2a10 10 0 1010 10A10.016 10.016 0 0012 2zm3.36 12.3a.754.754 0 010 1.06.748.748 0 01-1.06 0l-2.3-2.3-2.3 2.3a.748.748 0 01-1.06 0 .754.754 0 010-1.06l2.3-2.3-2.3-2.3A.75.75 0 019.7 8.64l2.3 2.3 2.3-2.3a.75.75 0 011.06 1.06l-2.3 2.3z"
                          fill="currentColor"
                        />
                      </svg>
                    </button>
                  </div>
                </div>
              </div>
            </div>
            <button
              aria-label="Trigger search"
              class="group tap-highlight-transparent [&>svg]:max-w-[theme(spacing.8)] data-[hover=true]:opacity-hover z-0 group relative inline-flex items-center justify-center box-border appearance-none select-none whitespace-nowrap font-normal subpixel-antialiased overflow-hidden tap-highlight-transparent transform-gpu data-[pressed=true]:scale-[0.97] cursor-pointer outline-solid outline-transparent data-[focus-visible=true]:z-10 data-[focus-visible=true]:outline-2 data-[focus-visible=true]:outline-offset-2 text-tiny gap-2 px-0 !gap-0 motion-reduce:transition-none min-w-8 w-8 h-8 data-[hover=true]:opacity-hover rounded-full text-white shadow-lg transition-transform bg-gradient-to-br from-fuchsia-500 to-indigo-500 hover:scale-105 active:scale-95 dark:from-fuchsia-500 dark:to-purple-600 data-[focus-visible=true]:outline-amber-400"
              data-react-aria-pressable="true"
              data-testid="form_submit_button"
              tabindex="0"
              type="submit"
            >
              <svg
                fill="currentColor"
                height="1em"
                stroke="currentColor"
                stroke-width="0"
                viewBox="0 0 512 512"
                width="1em"
                xmlns="http://www.w3.org/2000/svg"
              >
                <path
                  d="M505 442.7L405.3 343c-4.5-4.5-10.6-7-17-7H372c27.6-35.3 44-79.7 44-128C416 93.1 322.9 0 208 0S0 93.1 0 208s93.1 208 208 208c48.3 0 92.7-16.4 128-44v16.3c0 6.4 2.5 12.5 7 17l99.7 99.7c9.4 9.4 24.6 9.4 33.9 0l28.3-28.3c9.4-9.4 9.4-24.6.1-34zM208 336c-70.7 0-128-57.2-128-128 0-70.7 57.2-128 128-128 70.7 0 128 57.2 128 128 0 70.7-57.2 128-128 128z"
                />
              </svg>
            </button>
          </div>
        </div>
        <button
          aria-label="Open magical filter"
          type="button"
        >
          <div
            class="relative max-w-fit min-w-min inline-flex items-center justify-between box-border whitespace-nowrap px-1 text-small h-8 cursor-pointer rounded-full border text-amber-900 shadow transition hover:shadow-md border-amber-400/30 bg-amber-200/85 dark:bg-amber-400/20 dark:text-amber-200"
          >
            <span
              class="flex-1 text-inherit font-normal px-2 pr-1 flex items-center gap-2"
            >
              <svg
                fill="currentColor"
                height="1em"
                stroke="currentColor"
                stroke-width="0"
                viewBox="0 0 512 512"
                width="1em"
                xmlns="http://www.w3.org/2000/svg"
              >
                <path
                  d="M224 96l16-32 32-16-32-16-16-32-16 32-32 16 32 16 16 32zM80 160l26.66-53.33L160 80l-53.34-26.67L80 0 53.34 53.33 0 80l53.34 26.67L80 160zm352 128l-26.66 53.33L352 368l53.34 26.67L432 448l26.66-53.33L512 368l-53.34-26.67L432 288zm70.62-193.77L417.77 9.38C411.53 3.12 403.34 0 395.15 0c-8.19 0-16.38 3.12-22.63 9.38L9.38 372.52c-12.5 12.5-12.5 32.76 0 45.25l84.85 84.85c6.25 6.25 14.44 9.37 22.62 9.37 8.19 0 16.38-3.12 22.63-9.37l363.14-363.15c12.5-12.48 12.5-32.75 0-45.24zM359.45 203.46l-50.91-50.91 86.6-86.6 50.91 50.91-86.6 86.6z"
                />
              </svg>
              is
               
              Magical
            </span>
            <span
              aria-label="close chip"
              class="z-10 appearance-none outline-solid outline-transparent select-none transition-opacity opacity-70 hover:opacity-100 cursor-pointer active:opacity-disabled tap-highlight-transparent text-large"
              data-react-aria-pressable="true"
              role="button"
              tabindex="0"
            >
              <svg
                aria-hidden="true"
                focusable="false"
                height="1em"
                role="presentation"
                viewBox="0 0 24 24"
                width="1em"
              >
                <path
                  d="M12 2a10 10 0 1010 10A10.016 10.016 0 0012 2zm3.36 12.3a.754.754 0 010 1.06.748.748 0 01-1.06 0l-2.3-2.3-2.3 2.3a.748.748 0 01-1.06 0 .754.754 0 010-1.06l2.3-2.3-2.3-2.3A.75.75 0 019.7 8.64l2.3 2.3 2.3-2.3a.75.75 0 011.06 1.06l-2.3 2.3z"
                  fill="currentColor"
                />
              </svg>
            </span>
          </div>
        </button>
        <button
          aria-label="Open mood filter"
          type="button"
        >
          <div
            class="relative max-w-fit min-w-min inline-flex items-center justify-between box-border whitespace-nowrap px-1 text-small h-8 cursor-pointer rounded-full border text-amber-900 shadow transition hover:shadow-md border-amber-400/30 bg-amber-200/85 dark:bg-amber-400/20 dark:text-amber-200"
          >
            <span
              class="flex-1 text-inherit font-normal px-2 pr-1 flex items-center gap-2"
            >
              <svg
                fill="currentColor"
                height="1em"
                stroke="currentColor"
                stroke-width="0"
                viewBox="0 0 496 512"
                width="1em"
                xmlns="http://www.w3.org/2000/svg"
              >
                <path
                  d="M248 8C111 8 0 119 0 256s111 248 248 248 248-111 248-248S385 8 248 8zm80 168c17.7 0 32 14.3 32 32s-14.3 32-32 32-32-14.3-32-32 14.3-32 32-32zm-160 0c17.7 0 32 14.3 32 32s-14.3 32-32 32-32-14.3-32-32 14.3-32 32-32zm194.8 170.2C334.3 380.4 292.5 400 248 400s-86.3-19.6-114.8-53.8c-13.6-16.3 11-36.7 24.6-20.5 22.4 26.9 55.2 42.2 90.2 42.2s67.8-15.4 90.2-42.2c13.4-16.2 38.1 4.2 24.6 20.5z"
                />
              </svg>
              Mood is 🤖
            </span>
            <span
              aria-label="close chip"
              class="z-10 appearance-none outline-solid outline-transparent select-none transition-opacity opacity-70 hover:opacity-100 cursor-pointer active:opacity-disabled tap-highlight-transparent text-large"
              data-react-aria-pressable="true"
              role="button"
              tabindex="0"
            >
              <svg
                aria-hidden="true"
                focusable="false"
                height="1em"
                role="presentation"
                viewBox="0 0 24 24"
                width="1em"
              >
                <path
                  d="M12 2a10 10 0 1010 10A10.016 10.016 0 0012 2zm3.36 12.3a.754.754 0 010 1.06.748.748 0 01-1.06 0l-2.3-2.3-2.3 2.3a.748.748 0 01-1.06 0 .754.754 0 010-1.06l2.3-2.3-2.3-2.3A.75.75 0 019.7 8.64l2.3 2.3 2.3-2.3a.75.75 0 011.06 1.06l-2.3 2.3z"
                  fill="currentColor"
                />
              </svg>
            </span>
          </div>
        </button>
        <button
          aria-label="Open snacks filter"
          type="button"
        >
          <div
            class="relative max-w-fit min-w-min inline-flex items-center justify-between box-border whitespace-nowrap px-1 text-small h-8 cursor-pointer rounded-full border text-amber-900 shadow transition hover:shadow-md border-amber-400/30 bg-amber-200/85 dark:bg-amber-400/20 dark:text-amber-200"
          >
            <span
              class="flex-1 text-inherit font-normal px-2 pr-1 flex items-center gap-2"
            >
              <svg
                fill="currentColor"
                height="1em"
                stroke="currentColor"
                stroke-width="0"
                viewBox="0 0 512 512"
                width="1em"
                xmlns="http://www.w3.org/2000/svg"
              >
                <path
                  d="M158.87.15c-16.16-1.52-31.2 8.42-35.33 24.12l-14.81 56.27c187.62 5.49 314.54 130.61 322.48 317l56.94-15.78c15.72-4.36 25.49-19.68 23.62-35.9C490.89 165.08 340.78 17.32 158.87.15zm-58.47 112L.55 491.64a16.21 16.21 0 0 0 20 19.75l379-105.1c-4.27-174.89-123.08-292.14-299.15-294.1zM128 416a32 32 0 1 1 32-32 32 32 0 0 1-32 32zm48-152a32 32 0 1 1 32-32 32 32 0 0 1-32 32zm104 104a32 32 0 1 1 32-32 32 32 0 0 1-32 32z"
                />
              </svg>
              Snacks is 🍕 🍿
            </span>
            <span
              aria-label="close chip"
              class="z-10 appearance-none outline-solid outline-transparent select-none transition-opacity opacity-70 hover:opacity-100 cursor-pointer active:opacity-disabled tap-highlight-transparent text-large"
              data-react-aria-pressable="true"
              role="button"
              tabindex="0"
            >
              <svg
                aria-hidden="true"
                focusable="false"
                height="1em"
                role="presentation"
                viewBox="0 0 24 24"
                width="1em"
              >
                <path
                  d="M12 2a10 10 0 1010 10A10.016 10.016 0 0012 2zm3.36 12.3a.754.754 0 010 1.06.748.748 0 01-1.06 0l-2.3-2.3-2.3 2.3a.748.748 0 01-1.06 0 .754.754 0 010-1.06l2.3-2.3-2.3-2.3A.75.75 0 019.7 8.64l2.3 2.3 2.3-2.3a.75.75 0 011.06 1.06l-2.3 2.3z"
                  fill="currentColor"
                />
              </svg>
            </span>
          </div>
        </button>
        <button
          aria-expanded="false"
          aria-haspopup="true"
          aria-label="Add Filter"
          class="group relative inline-flex items-center justify-center box-border appearance-none select-none whitespace-nowrap font-normal overflow-hidden tap-highlight-transparent transform-gpu data-[pressed=true]:scale-[0.97] cursor-pointer outline-solid outline-transparent data-[focus-visible=true]:z-10 data-[focus-visible=true]:outline-2 data-[focus-visible=true]:outline-offset-2 px-3 min-w-16 h-8 text-tiny gap-2 [&>svg]:max-w-[theme(spacing.8)] transition-transform-colors-opacity motion-reduce:transition-none data-[hover=true]:opacity-hover z-10 aria-expanded:scale-[0.97] aria-expanded:opacity-70 subpixel-antialiased rounded-full leading-none border-2 border-rose-300/60 bg-rose-50/60 text-rose-700 hover:bg-rose-100/70 dark:border-fuchsia-500/40 dark:bg-fuchsia-500/10 dark:text-fuchsia-200 dark:hover:bg-fuchsia-500/20 data-[focus-visible=true]:outline-amber-400"
          data-react-aria-pressable="true"
          data-slot="trigger"
          id="react-aria-react-useId-mock"
          tabindex="0"
          type="button"
        >
          <svg
            fill="currentColor"
            height="1em"
            stroke="currentColor"
            stroke-width="0"
            viewBox="0 0 512 512"
            width="1em"
            xmlns="http://www.w3.org/2000/svg"
          >
            <path
              d="M0 416c0 17.7 14.3 32 32 32l54.7 0c12.3 28.3 40.5 48 73.3 48s61-19.7 73.3-48L480 448c17.7 0 32-14.3 32-32s-14.3-32-32-32l-246.7 0c-12.3-28.3-40.5-48-73.3-48s-61 19.7-73.3 48L32 384c-17.7 0-32 14.3-32 32zm128 0a32 32 0 1 1 64 0 32 32 0 1 1 -64 0zM320 256a32 32 0 1 1 64 0 32 32 0 1 1 -64 0zm32-80c-32.8 0-61 19.7-73.3 48L32 224c-17.7 0-32 14.3-32 32s14.3 32 32 32l246.7 0c12.3 28.3 40.5 48 73.3 48s61-19.7 73.3-48l54.7 0c17.7 0 32-14.3 32-32s-14.3-32-32-32l-54.7 0c-12.3-28.3-40.5-48-73.3-48zM192 128a32 32 0 1 1 0-64 32 32 0 1 1 0 64zm73.3-64C253 35.7 224.8 16 192 16s-61 19.7-73.3 48L32 64C14.3 64 0 78.3 0 96s14.3 32 32 32l86.7 0c12.3 28.3 40.5 48 73.3 48s61-19.7 73.3-48L480 128c17.7 0 32-14.3 32-32s-14.3-32-32-32L265.3 64z"
            />
          </svg>
          Filter
        </button>
      </form>
    </div>
  </div>
</div>
`;

exports[`Story Snapshots > WithInitialValue 1`] = `
<div>
  <div
    class="flex flex-auto flex-col w-full"
  >
    <div
      class="flex w-full flex-row justify-between gap-6"
    >
      <form
        class="grow mb-3 flex flex-wrap gap-3"
        data-form-is-valid="true"
        data-testid="filtercomponentform"
        name="filterComponentForm"
      >
        <div
          class="flex items-center"
        >
          <div
            class="flex w-72 gap-2"
            style="opacity: 1;"
          >
            <div
              class="group flex flex-col data-[hidden=true]:hidden w-full relative justify-end data-[has-label=true]:mt-[calc(var(--heroui-font-size-small)_+_8px)] is-filled"
              data-filled="true"
              data-filled-within="true"
              data-has-value="true"
              data-slot="base"
            >
              <div
                class="h-full flex flex-col"
                data-slot="main-wrapper"
              >
                <div
                  class="relative w-full inline-flex tap-highlight-transparent flex-row items-center shadow-xs gap-3 border-medium border-default-200 data-[hover=true]:border-default-400 h-8 min-h-8 px-2 rounded-small !duration-150 transition-colors motion-reduce:transition-none bg-content1 group-data-[focus=true]:border-focus is-filled"
                  data-slot="input-wrapper"
                  style="cursor: text;"
                >
                  <div
                    class="inline-flex w-full items-center h-full box-border"
                    data-slot="inner-wrapper"
                  >
                    <input
                      aria-describedby="react-aria-react-useId-mock react-aria-react-useId-mock"
                      aria-label="Search something fun…"
                      class="w-full font-normal bg-transparent !outline-solid placeholder:text-foreground-500 focus-visible:outline-solid outline-transparent data-[has-start-content=true]:ps-1.5 data-[has-end-content=true]:pe-1.5 data-[type=color]:rounded-none file:cursor-pointer file:bg-transparent file:border-0 autofill:bg-transparent bg-clip-text text-small peer pe-6 input-search-cancel-button-none is-filled"
                      data-filled="true"
                      data-filled-within="true"
                      data-slot="input"
                      data-testid="search"
                      id="react-aria-react-useId-mock"
                      name="search"
                      placeholder="Search something fun…"
                      tabindex="0"
                      title=""
                      type="text"
                      value="tonight"
                    />
                    <button
                      aria-label="clear input"
                      class="p-2 -m-2 z-10 absolute end-3 start-auto pointer-events-none appearance-none select-none opacity-0 cursor-pointer active:!opacity-70 rounded-full outline-solid outline-transparent data-[focus-visible=true]:z-10 data-[focus-visible=true]:outline-2 data-[focus-visible=true]:outline-focus data-[focus-visible=true]:outline-offset-2 text-medium peer-data-[filled=true]:pointer-events-auto peer-data-[filled=true]:opacity-70 peer-data-[filled=true]:block peer-data-[filled=true]:scale-100 scale-90 ease-out duration-150 transition-[opacity,transform] motion-reduce:transition-none motion-reduce:scale-100"
                      data-react-aria-pressable="true"
                      data-slot="clear-button"
                      tabindex="-1"
                      type="button"
                    >
                      <svg
                        aria-hidden="true"
                        focusable="false"
                        height="1em"
                        role="presentation"
                        viewBox="0 0 24 24"
                        width="1em"
                      >
                        <path
                          d="M12 2a10 10 0 1010 10A10.016 10.016 0 0012 2zm3.36 12.3a.754.754 0 010 1.06.748.748 0 01-1.06 0l-2.3-2.3-2.3 2.3a.748.748 0 01-1.06 0 .754.754 0 010-1.06l2.3-2.3-2.3-2.3A.75.75 0 019.7 8.64l2.3 2.3 2.3-2.3a.75.75 0 011.06 1.06l-2.3 2.3z"
                          fill="currentColor"
                        />
                      </svg>
                    </button>
                  </div>
                </div>
              </div>
            </div>
            <button
              aria-label="Trigger search"
              class="group tap-highlight-transparent [&>svg]:max-w-[theme(spacing.8)] data-[hover=true]:opacity-hover z-0 group relative inline-flex items-center justify-center box-border appearance-none select-none whitespace-nowrap font-normal subpixel-antialiased overflow-hidden tap-highlight-transparent transform-gpu data-[pressed=true]:scale-[0.97] cursor-pointer outline-solid outline-transparent data-[focus-visible=true]:z-10 data-[focus-visible=true]:outline-2 data-[focus-visible=true]:outline-focus data-[focus-visible=true]:outline-offset-2 text-tiny gap-2 rounded-small px-0 !gap-0 transition-transform-colors-opacity motion-reduce:transition-none bg-primary text-primary-foreground min-w-8 w-8 h-8 data-[hover=true]:opacity-hover"
              data-react-aria-pressable="true"
              data-testid="form_submit_button"
              tabindex="0"
              type="submit"
            >
              <svg
                fill="currentColor"
                height="1em"
                stroke="currentColor"
                stroke-width="0"
                viewBox="0 0 512 512"
                width="1em"
                xmlns="http://www.w3.org/2000/svg"
              >
                <path
                  d="M505 442.7L405.3 343c-4.5-4.5-10.6-7-17-7H372c27.6-35.3 44-79.7 44-128C416 93.1 322.9 0 208 0S0 93.1 0 208s93.1 208 208 208c48.3 0 92.7-16.4 128-44v16.3c0 6.4 2.5 12.5 7 17l99.7 99.7c9.4 9.4 24.6 9.4 33.9 0l28.3-28.3c9.4-9.4 9.4-24.6.1-34zM208 336c-70.7 0-128-57.2-128-128 0-70.7 57.2-128 128-128 70.7 0 128 57.2 128 128 0 70.7-57.2 128-128 128z"
                />
              </svg>
            </button>
          </div>
        </div>
        <button
          aria-label="Open magical filter"
          type="button"
        >
          <div
            class="relative max-w-fit min-w-min inline-flex items-center justify-between box-border whitespace-nowrap px-1 text-small bg-primary/20 text-primary-600 dark:text-foreground h-8 cursor-pointer rounded-md"
          >
            <span
              class="flex-1 text-inherit font-normal px-2 pr-1 flex items-center gap-2"
            >
              <svg
                fill="currentColor"
                height="1em"
                stroke="currentColor"
                stroke-width="0"
                viewBox="0 0 512 512"
                width="1em"
                xmlns="http://www.w3.org/2000/svg"
              >
                <path
                  d="M224 96l16-32 32-16-32-16-16-32-16 32-32 16 32 16 16 32zM80 160l26.66-53.33L160 80l-53.34-26.67L80 0 53.34 53.33 0 80l53.34 26.67L80 160zm352 128l-26.66 53.33L352 368l53.34 26.67L432 448l26.66-53.33L512 368l-53.34-26.67L432 288zm70.62-193.77L417.77 9.38C411.53 3.12 403.34 0 395.15 0c-8.19 0-16.38 3.12-22.63 9.38L9.38 372.52c-12.5 12.5-12.5 32.76 0 45.25l84.85 84.85c6.25 6.25 14.44 9.37 22.62 9.37 8.19 0 16.38-3.12 22.63-9.37l363.14-363.15c12.5-12.48 12.5-32.75 0-45.24zM359.45 203.46l-50.91-50.91 86.6-86.6 50.91 50.91-86.6 86.6z"
                />
              </svg>
              is
               
              Magical
            </span>
            <span
              aria-label="close chip"
              class="z-10 appearance-none outline-solid outline-transparent select-none transition-opacity opacity-70 hover:opacity-100 cursor-pointer active:opacity-disabled tap-highlight-transparent text-large"
              data-react-aria-pressable="true"
              role="button"
              tabindex="0"
            >
              <svg
                aria-hidden="true"
                focusable="false"
                height="1em"
                role="presentation"
                viewBox="0 0 24 24"
                width="1em"
              >
                <path
                  d="M12 2a10 10 0 1010 10A10.016 10.016 0 0012 2zm3.36 12.3a.754.754 0 010 1.06.748.748 0 01-1.06 0l-2.3-2.3-2.3 2.3a.748.748 0 01-1.06 0 .754.754 0 010-1.06l2.3-2.3-2.3-2.3A.75.75 0 019.7 8.64l2.3 2.3 2.3-2.3a.75.75 0 011.06 1.06l-2.3 2.3z"
                  fill="currentColor"
                />
              </svg>
            </span>
          </div>
        </button>
        <button
          aria-label="Open mood filter"
          type="button"
        >
          <div
            class="relative max-w-fit min-w-min inline-flex items-center justify-between box-border whitespace-nowrap px-1 text-small bg-primary/20 text-primary-600 dark:text-foreground h-8 cursor-pointer rounded-md"
          >
            <span
              class="flex-1 text-inherit font-normal px-2 pr-1 flex items-center gap-2"
            >
              <svg
                fill="currentColor"
                height="1em"
                stroke="currentColor"
                stroke-width="0"
                viewBox="0 0 496 512"
                width="1em"
                xmlns="http://www.w3.org/2000/svg"
              >
                <path
                  d="M248 8C111 8 0 119 0 256s111 248 248 248 248-111 248-248S385 8 248 8zm80 168c17.7 0 32 14.3 32 32s-14.3 32-32 32-32-14.3-32-32 14.3-32 32-32zm-160 0c17.7 0 32 14.3 32 32s-14.3 32-32 32-32-14.3-32-32 14.3-32 32-32zm194.8 170.2C334.3 380.4 292.5 400 248 400s-86.3-19.6-114.8-53.8c-13.6-16.3 11-36.7 24.6-20.5 22.4 26.9 55.2 42.2 90.2 42.2s67.8-15.4 90.2-42.2c13.4-16.2 38.1 4.2 24.6 20.5z"
                />
              </svg>
              Mood is 😊
            </span>
            <span
              aria-label="close chip"
              class="z-10 appearance-none outline-solid outline-transparent select-none transition-opacity opacity-70 hover:opacity-100 cursor-pointer active:opacity-disabled tap-highlight-transparent text-large"
              data-react-aria-pressable="true"
              role="button"
              tabindex="0"
            >
              <svg
                aria-hidden="true"
                focusable="false"
                height="1em"
                role="presentation"
                viewBox="0 0 24 24"
                width="1em"
              >
                <path
                  d="M12 2a10 10 0 1010 10A10.016 10.016 0 0012 2zm3.36 12.3a.754.754 0 010 1.06.748.748 0 01-1.06 0l-2.3-2.3-2.3 2.3a.748.748 0 01-1.06 0 .754.754 0 010-1.06l2.3-2.3-2.3-2.3A.75.75 0 019.7 8.64l2.3 2.3 2.3-2.3a.75.75 0 011.06 1.06l-2.3 2.3z"
                  fill="currentColor"
                />
              </svg>
            </span>
          </div>
        </button>
        <button
          aria-label="Open snacks filter"
          type="button"
        >
          <div
            class="relative max-w-fit min-w-min inline-flex items-center justify-between box-border whitespace-nowrap px-1 text-small bg-primary/20 text-primary-600 dark:text-foreground h-8 cursor-pointer rounded-md"
          >
            <span
              class="flex-1 text-inherit font-normal px-2 pr-1 flex items-center gap-2"
            >
              <svg
                fill="currentColor"
                height="1em"
                stroke="currentColor"
                stroke-width="0"
                viewBox="0 0 512 512"
                width="1em"
                xmlns="http://www.w3.org/2000/svg"
              >
                <path
                  d="M158.87.15c-16.16-1.52-31.2 8.42-35.33 24.12l-14.81 56.27c187.62 5.49 314.54 130.61 322.48 317l56.94-15.78c15.72-4.36 25.49-19.68 23.62-35.9C490.89 165.08 340.78 17.32 158.87.15zm-58.47 112L.55 491.64a16.21 16.21 0 0 0 20 19.75l379-105.1c-4.27-174.89-123.08-292.14-299.15-294.1zM128 416a32 32 0 1 1 32-32 32 32 0 0 1-32 32zm48-152a32 32 0 1 1 32-32 32 32 0 0 1-32 32zm104 104a32 32 0 1 1 32-32 32 32 0 0 1-32 32z"
                />
              </svg>
              Snacks is 🍪 🍫
            </span>
            <span
              aria-label="close chip"
              class="z-10 appearance-none outline-solid outline-transparent select-none transition-opacity opacity-70 hover:opacity-100 cursor-pointer active:opacity-disabled tap-highlight-transparent text-large"
              data-react-aria-pressable="true"
              role="button"
              tabindex="0"
            >
              <svg
                aria-hidden="true"
                focusable="false"
                height="1em"
                role="presentation"
                viewBox="0 0 24 24"
                width="1em"
              >
                <path
                  d="M12 2a10 10 0 1010 10A10.016 10.016 0 0012 2zm3.36 12.3a.754.754 0 010 1.06.748.748 0 01-1.06 0l-2.3-2.3-2.3 2.3a.748.748 0 01-1.06 0 .754.754 0 010-1.06l2.3-2.3-2.3-2.3A.75.75 0 019.7 8.64l2.3 2.3 2.3-2.3a.75.75 0 011.06 1.06l-2.3 2.3z"
                  fill="currentColor"
                />
              </svg>
            </span>
          </div>
        </button>
        <button
          aria-expanded="false"
          aria-haspopup="true"
          aria-label="Add Filter"
          class="group relative inline-flex items-center justify-center box-border appearance-none select-none whitespace-nowrap font-normal overflow-hidden tap-highlight-transparent transform-gpu data-[pressed=true]:scale-[0.97] cursor-pointer outline-solid outline-transparent data-[focus-visible=true]:z-10 data-[focus-visible=true]:outline-2 data-[focus-visible=true]:outline-focus data-[focus-visible=true]:outline-offset-2 border-medium px-3 min-w-16 h-8 text-tiny gap-2 rounded-small [&>svg]:max-w-[theme(spacing.8)] transition-transform-colors-opacity motion-reduce:transition-none bg-transparent border-default text-foreground data-[hover=true]:opacity-hover z-10 aria-expanded:scale-[0.97] aria-expanded:opacity-70 subpixel-antialiased"
          data-react-aria-pressable="true"
          data-slot="trigger"
          id="react-aria-react-useId-mock"
          tabindex="0"
          type="button"
        >
          <svg
            fill="currentColor"
            height="1em"
            stroke="currentColor"
            stroke-width="0"
            viewBox="0 0 512 512"
            width="1em"
            xmlns="http://www.w3.org/2000/svg"
          >
            <path
              d="M0 416c0 17.7 14.3 32 32 32l54.7 0c12.3 28.3 40.5 48 73.3 48s61-19.7 73.3-48L480 448c17.7 0 32-14.3 32-32s-14.3-32-32-32l-246.7 0c-12.3-28.3-40.5-48-73.3-48s-61 19.7-73.3 48L32 384c-17.7 0-32 14.3-32 32zm128 0a32 32 0 1 1 64 0 32 32 0 1 1 -64 0zM320 256a32 32 0 1 1 64 0 32 32 0 1 1 -64 0zm32-80c-32.8 0-61 19.7-73.3 48L32 224c-17.7 0-32 14.3-32 32s14.3 32 32 32l246.7 0c12.3 28.3 40.5 48 73.3 48s61-19.7 73.3-48l54.7 0c17.7 0 32-14.3 32-32s-14.3-32-32-32l-54.7 0c-12.3-28.3-40.5-48-73.3-48zM192 128a32 32 0 1 1 0-64 32 32 0 1 1 0 64zm73.3-64C253 35.7 224.8 16 192 16s-61 19.7-73.3 48L32 64C14.3 64 0 78.3 0 96s14.3 32 32 32l86.7 0c12.3 28.3 40.5 48 73.3 48s61-19.7 73.3-48L480 128c17.7 0 32-14.3 32-32s-14.3-32-32-32L265.3 64z"
            />
          </svg>
          Filter
        </button>
      </form>
    </div>
  </div>
</div>
`;

exports[`Story Snapshots > WithSearch 1`] = `
<div>
  <div
    class="flex flex-auto flex-col w-full"
  >
    <div
      class="flex w-full flex-row justify-between gap-6"
    >
      <form
        class="grow mb-3 flex flex-wrap gap-3"
        data-form-is-valid="true"
        data-testid="filtercomponentform"
        name="filterComponentForm"
      >
        <div
          class="flex items-center"
        >
          <button
            aria-label="Show search input"
            class="group tap-highlight-transparent [&>svg]:max-w-[theme(spacing.8)] data-[hover=true]:opacity-hover z-0 group relative inline-flex items-center justify-center box-border appearance-none select-none whitespace-nowrap font-normal subpixel-antialiased overflow-hidden tap-highlight-transparent transform-gpu data-[pressed=true]:scale-[0.97] cursor-pointer outline-solid outline-transparent data-[focus-visible=true]:z-10 data-[focus-visible=true]:outline-2 data-[focus-visible=true]:outline-focus data-[focus-visible=true]:outline-offset-2 border-medium text-tiny gap-2 rounded-small px-0 !gap-0 transition-transform-colors-opacity motion-reduce:transition-none bg-transparent border-default text-foreground min-w-8 w-8 h-8 data-[hover=true]:opacity-hover"
            data-react-aria-pressable="true"
            tabindex="0"
            type="button"
          >
            <svg
              fill="currentColor"
              height="1em"
              stroke="currentColor"
              stroke-width="0"
              viewBox="0 0 512 512"
              width="1em"
              xmlns="http://www.w3.org/2000/svg"
            >
              <path
                d="M505 442.7L405.3 343c-4.5-4.5-10.6-7-17-7H372c27.6-35.3 44-79.7 44-128C416 93.1 322.9 0 208 0S0 93.1 0 208s93.1 208 208 208c48.3 0 92.7-16.4 128-44v16.3c0 6.4 2.5 12.5 7 17l99.7 99.7c9.4 9.4 24.6 9.4 33.9 0l28.3-28.3c9.4-9.4 9.4-24.6.1-34zM208 336c-70.7 0-128-57.2-128-128 0-70.7 57.2-128 128-128 70.7 0 128 57.2 128 128 0 70.7-57.2 128-128 128z"
              />
            </svg>
          </button>
        </div>
        <button
          aria-expanded="false"
          aria-haspopup="true"
          aria-label="Add Filter"
          class="group relative inline-flex items-center justify-center box-border appearance-none select-none whitespace-nowrap font-normal overflow-hidden tap-highlight-transparent transform-gpu data-[pressed=true]:scale-[0.97] cursor-pointer outline-solid outline-transparent data-[focus-visible=true]:z-10 data-[focus-visible=true]:outline-2 data-[focus-visible=true]:outline-focus data-[focus-visible=true]:outline-offset-2 border-medium px-3 min-w-16 h-8 text-tiny gap-2 rounded-small [&>svg]:max-w-[theme(spacing.8)] transition-transform-colors-opacity motion-reduce:transition-none bg-transparent border-default text-foreground data-[hover=true]:opacity-hover z-10 aria-expanded:scale-[0.97] aria-expanded:opacity-70 subpixel-antialiased"
          data-react-aria-pressable="true"
          data-slot="trigger"
          id="react-aria-react-useId-mock"
          tabindex="0"
          type="button"
        >
          <svg
            fill="currentColor"
            height="1em"
            stroke="currentColor"
            stroke-width="0"
            viewBox="0 0 512 512"
            width="1em"
            xmlns="http://www.w3.org/2000/svg"
          >
            <path
              d="M0 416c0 17.7 14.3 32 32 32l54.7 0c12.3 28.3 40.5 48 73.3 48s61-19.7 73.3-48L480 448c17.7 0 32-14.3 32-32s-14.3-32-32-32l-246.7 0c-12.3-28.3-40.5-48-73.3-48s-61 19.7-73.3 48L32 384c-17.7 0-32 14.3-32 32zm128 0a32 32 0 1 1 64 0 32 32 0 1 1 -64 0zM320 256a32 32 0 1 1 64 0 32 32 0 1 1 -64 0zm32-80c-32.8 0-61 19.7-73.3 48L32 224c-17.7 0-32 14.3-32 32s14.3 32 32 32l246.7 0c12.3 28.3 40.5 48 73.3 48s61-19.7 73.3-48l54.7 0c17.7 0 32-14.3 32-32s-14.3-32-32-32l-54.7 0c-12.3-28.3-40.5-48-73.3-48zM192 128a32 32 0 1 1 0-64 32 32 0 1 1 0 64zm73.3-64C253 35.7 224.8 16 192 16s-61 19.7-73.3 48L32 64C14.3 64 0 78.3 0 96s14.3 32 32 32l86.7 0c12.3 28.3 40.5 48 73.3 48s61-19.7 73.3-48L480 128c17.7 0 32-14.3 32-32s-14.3-32-32-32L265.3 64z"
            />
          </svg>
          Filter
        </button>
      </form>
    </div>
  </div>
</div>
`;
