// Vitest Snapshot v1, https://vitest.dev/guide/snapshot.html

exports[`Story Snapshots > Default 1`] = `
<div>
  <div
    class="inline-flex items-center justify-center h-auto"
    role="group"
  >
    <button
      class="z-0 group relative inline-flex items-center justify-center box-border appearance-none select-none whitespace-nowrap font-normal subpixel-antialiased overflow-hidden tap-highlight-transparent data-[pressed=true]:scale-[0.97] outline-none data-[focus-visible=true]:z-10 data-[focus-visible=true]:outline-2 data-[focus-visible=true]:outline-focus data-[focus-visible=true]:outline-offset-2 px-4 min-w-20 h-10 text-small gap-2 [&:not(:first-child):not(:last-child)]:rounded-none [&>svg]:max-w-[theme(spacing.8)] transition-transform-colors-opacity motion-reduce:transition-none bg-default text-default-foreground rounded-none first:rounded-s-medium last:rounded-e-medium data-[hover=true]:opacity-hover"
      type="button"
    >
      One
    </button>
    <button
      class="z-0 group relative inline-flex items-center justify-center box-border appearance-none select-none whitespace-nowrap font-normal subpixel-antialiased overflow-hidden tap-highlight-transparent data-[pressed=true]:scale-[0.97] outline-none data-[focus-visible=true]:z-10 data-[focus-visible=true]:outline-2 data-[focus-visible=true]:outline-focus data-[focus-visible=true]:outline-offset-2 px-4 min-w-20 h-10 text-small gap-2 [&:not(:first-child):not(:last-child)]:rounded-none [&>svg]:max-w-[theme(spacing.8)] transition-transform-colors-opacity motion-reduce:transition-none bg-default text-default-foreground rounded-none first:rounded-s-medium last:rounded-e-medium data-[hover=true]:opacity-hover"
      type="button"
    >
      Two
    </button>
    <button
      class="z-0 group relative inline-flex items-center justify-center box-border appearance-none select-none whitespace-nowrap font-normal subpixel-antialiased overflow-hidden tap-highlight-transparent data-[pressed=true]:scale-[0.97] outline-none data-[focus-visible=true]:z-10 data-[focus-visible=true]:outline-2 data-[focus-visible=true]:outline-focus data-[focus-visible=true]:outline-offset-2 px-4 min-w-20 h-10 text-small gap-2 [&:not(:first-child):not(:last-child)]:rounded-none [&>svg]:max-w-[theme(spacing.8)] transition-transform-colors-opacity motion-reduce:transition-none bg-default text-default-foreground rounded-none first:rounded-s-medium last:rounded-e-medium data-[hover=true]:opacity-hover"
      type="button"
    >
      Three
    </button>
  </div>
</div>
`;
